Component: ARM Compiler 5.06 update 6 (build 750) Tool: armlink [4d35ed]

==============================================================================

Section Cross References

    system_stm32f10x.o(i.SetSysClock) refers to system_stm32f10x.o(i.SetSysClockTo72) for SetSysClockTo72
    system_stm32f10x.o(i.SystemCoreClockUpdate) refers to system_stm32f10x.o(.data) for SystemCoreClock
    system_stm32f10x.o(i.SystemInit) refers to system_stm32f10x.o(i.SetSysClock) for SetSysClock
    stm32f10x_adc.o(i.ADC_DeInit) refers to stm32f10x_rcc.o(i.RCC_APB2PeriphResetCmd) for RCC_APB2PeriphResetCmd
    stm32f10x_gpio.o(i.GPIO_AFIODeInit) refers to stm32f10x_rcc.o(i.RCC_APB2PeriphResetCmd) for RCC_APB2PeriphResetCmd
    stm32f10x_gpio.o(i.GPIO_DeInit) refers to stm32f10x_rcc.o(i.RCC_APB2PeriphResetCmd) for RCC_APB2PeriphResetCmd
    stm32f10x_i2c.o(i.I2C_DeInit) refers to stm32f10x_rcc.o(i.RCC_APB1PeriphResetCmd) for RCC_APB1PeriphResetCmd
    stm32f10x_i2c.o(i.I2C_Init) refers to stm32f10x_rcc.o(i.RCC_GetClocksFreq) for RCC_GetClocksFreq
    stm32f10x_spi.o(i.I2S_Init) refers to stm32f10x_rcc.o(i.RCC_GetClocksFreq) for RCC_GetClocksFreq
    stm32f10x_spi.o(i.SPI_I2S_DeInit) refers to stm32f10x_rcc.o(i.RCC_APB2PeriphResetCmd) for RCC_APB2PeriphResetCmd
    stm32f10x_spi.o(i.SPI_I2S_DeInit) refers to stm32f10x_rcc.o(i.RCC_APB1PeriphResetCmd) for RCC_APB1PeriphResetCmd
    stm32f10x_tim.o(i.TIM_DeInit) refers to stm32f10x_rcc.o(i.RCC_APB2PeriphResetCmd) for RCC_APB2PeriphResetCmd
    stm32f10x_tim.o(i.TIM_DeInit) refers to stm32f10x_rcc.o(i.RCC_APB1PeriphResetCmd) for RCC_APB1PeriphResetCmd
    stm32f10x_tim.o(i.TIM_ETRClockMode1Config) refers to stm32f10x_tim.o(i.TIM_ETRConfig) for TIM_ETRConfig
    stm32f10x_tim.o(i.TIM_ETRClockMode2Config) refers to stm32f10x_tim.o(i.TIM_ETRConfig) for TIM_ETRConfig
    stm32f10x_tim.o(i.TIM_ICInit) refers to stm32f10x_tim.o(i.TI1_Config) for TI1_Config
    stm32f10x_tim.o(i.TIM_ICInit) refers to stm32f10x_tim.o(i.TIM_SetIC1Prescaler) for TIM_SetIC1Prescaler
    stm32f10x_tim.o(i.TIM_ICInit) refers to stm32f10x_tim.o(i.TI2_Config) for TI2_Config
    stm32f10x_tim.o(i.TIM_ICInit) refers to stm32f10x_tim.o(i.TIM_SetIC2Prescaler) for TIM_SetIC2Prescaler
    stm32f10x_tim.o(i.TIM_ICInit) refers to stm32f10x_tim.o(i.TI3_Config) for TI3_Config
    stm32f10x_tim.o(i.TIM_ICInit) refers to stm32f10x_tim.o(i.TIM_SetIC3Prescaler) for TIM_SetIC3Prescaler
    stm32f10x_tim.o(i.TIM_ICInit) refers to stm32f10x_tim.o(i.TI4_Config) for TI4_Config
    stm32f10x_tim.o(i.TIM_ICInit) refers to stm32f10x_tim.o(i.TIM_SetIC4Prescaler) for TIM_SetIC4Prescaler
    stm32f10x_tim.o(i.TIM_ITRxExternalClockConfig) refers to stm32f10x_tim.o(i.TIM_SelectInputTrigger) for TIM_SelectInputTrigger
    stm32f10x_tim.o(i.TIM_PWMIConfig) refers to stm32f10x_tim.o(i.TI1_Config) for TI1_Config
    stm32f10x_tim.o(i.TIM_PWMIConfig) refers to stm32f10x_tim.o(i.TIM_SetIC1Prescaler) for TIM_SetIC1Prescaler
    stm32f10x_tim.o(i.TIM_PWMIConfig) refers to stm32f10x_tim.o(i.TI2_Config) for TI2_Config
    stm32f10x_tim.o(i.TIM_PWMIConfig) refers to stm32f10x_tim.o(i.TIM_SetIC2Prescaler) for TIM_SetIC2Prescaler
    stm32f10x_tim.o(i.TIM_TIxExternalClockConfig) refers to stm32f10x_tim.o(i.TI2_Config) for TI2_Config
    stm32f10x_tim.o(i.TIM_TIxExternalClockConfig) refers to stm32f10x_tim.o(i.TI1_Config) for TI1_Config
    stm32f10x_tim.o(i.TIM_TIxExternalClockConfig) refers to stm32f10x_tim.o(i.TIM_SelectInputTrigger) for TIM_SelectInputTrigger
    stm32f10x_usart.o(i.USART_DeInit) refers to stm32f10x_rcc.o(i.RCC_APB2PeriphResetCmd) for RCC_APB2PeriphResetCmd
    stm32f10x_usart.o(i.USART_DeInit) refers to stm32f10x_rcc.o(i.RCC_APB1PeriphResetCmd) for RCC_APB1PeriphResetCmd
    stm32f10x_usart.o(i.USART_Init) refers to stm32f10x_rcc.o(i.RCC_GetClocksFreq) for RCC_GetClocksFreq
    stm32f10x_pwr.o(i.PWR_DeInit) refers to stm32f10x_rcc.o(i.RCC_APB1PeriphResetCmd) for RCC_APB1PeriphResetCmd
    stm32f10x_rcc.o(i.RCC_GetClocksFreq) refers to stm32f10x_rcc.o(.data) for APBAHBPrescTable
    stm32f10x_rcc.o(i.RCC_WaitForHSEStartUp) refers to stm32f10x_rcc.o(i.RCC_GetFlagStatus) for RCC_GetFlagStatus
    stm32f10x_rtc.o(i.RTC_SetAlarm) refers to stm32f10x_rtc.o(i.RTC_EnterConfigMode) for RTC_EnterConfigMode
    stm32f10x_rtc.o(i.RTC_SetAlarm) refers to stm32f10x_rtc.o(i.RTC_ExitConfigMode) for RTC_ExitConfigMode
    stm32f10x_rtc.o(i.RTC_SetCounter) refers to stm32f10x_rtc.o(i.RTC_EnterConfigMode) for RTC_EnterConfigMode
    stm32f10x_rtc.o(i.RTC_SetCounter) refers to stm32f10x_rtc.o(i.RTC_ExitConfigMode) for RTC_ExitConfigMode
    stm32f10x_rtc.o(i.RTC_SetPrescaler) refers to stm32f10x_rtc.o(i.RTC_EnterConfigMode) for RTC_EnterConfigMode
    stm32f10x_rtc.o(i.RTC_SetPrescaler) refers to stm32f10x_rtc.o(i.RTC_ExitConfigMode) for RTC_ExitConfigMode
    stm32f10x_bkp.o(i.BKP_DeInit) refers to stm32f10x_rcc.o(i.RCC_BackupResetCmd) for RCC_BackupResetCmd
[...]
    ms_bit                                   0x08003d75   Thumb Code    52  tlsf.o(i.ms_bit)
    i.process_area                           0x08003dac   Section        0  tlsf.o(i.process_area)
    process_area                             0x08003dad   Thumb Code    78  tlsf.o(i.process_area)
    i.set_bit                                0x08003dfa   Section        0  tlsf.o(i.set_bit)
    set_bit                                  0x08003dfb   Thumb Code    26  tlsf.o(i.set_bit)
    locale$$code                             0x08003e14   Section       44  lc_numeric_c.o(locale$$code)
    locale$$code                             0x08003e40   Section       44  lc_ctype_c.o(locale$$code)
    x$fpl$d2f                                0x08003e6c   Section       98  d2f.o(x$fpl$d2f)
    x$fpl$dadd                               0x08003ed0   Section      336  daddsub_clz.o(x$fpl$dadd)
    _dadd1                                   0x08003ee1   Thumb Code     0  daddsub_clz.o(x$fpl$dadd)
    x$fpl$ddiv                               0x08004020   Section      688  ddiv.o(x$fpl$ddiv)
    ddiv_entry                               0x08004027   Thumb Code     0  ddiv.o(x$fpl$ddiv)
    x$fpl$dfltu                              0x080042d0   Section       38  dflt_clz.o(x$fpl$dfltu)
    x$fpl$dnaninf                            0x080042f6   Section      156  dnaninf.o(x$fpl$dnaninf)
    x$fpl$dretinf                            0x08004392   Section       12  dretinf.o(x$fpl$dretinf)
    x$fpl$dsub                               0x080043a0   Section      468  daddsub_clz.o(x$fpl$dsub)
    _dsub1                                   0x080043b1   Thumb Code     0  daddsub_clz.o(x$fpl$dsub)
    x$fpl$f2d                                0x08004574   Section       86  f2d.o(x$fpl$f2d)
    x$fpl$fnaninf                            0x080045ca   Section      140  fnaninf.o(x$fpl$fnaninf)
    x$fpl$fretinf                            0x08004656   Section       10  fretinf.o(x$fpl$fretinf)
    x$fpl$printf1                            0x08004660   Section        4  printf1.o(x$fpl$printf1)
    x$fpl$printf2                            0x08004664   Section        4  printf2.o(x$fpl$printf2)
    .constdata                               0x08004668   Section       24  led.o(.constdata)
    x$fpl$usenofp                            0x08004668   Section        0  usenofp.o(x$fpl$usenofp)
    led_gpio_list                            0x08004668   Data          24  led.o(.constdata)
    .constdata                               0x08004680   Section       12  dht11.o(.constdata)
    dht11_gpio_list                          0x08004680   Data          12  dht11.o(.constdata)
    .constdata                               0x0800468c   Section       24  net_device.o(.constdata)
    net_device_gpio_list                     0x0800468c   Data          24  net_device.o(.constdata)
    .constdata                               0x080046a4   Section        4  net_io.o(.constdata)
    .constdata                               0x080046a8   Section     1024  tlsf.o(.constdata)
    table                                    0x080046a8   Data        1024  tlsf.o(.constdata)
    .constdata                               0x08004aa8   Section       17  __printf_flags_ss_wp.o(.constdata)
    maptable                                 0x08004aa8   Data          17  __printf_flags_ss_wp.o(.constdata)
    .constdata                               0x08004abc   Section        8  _printf_wctomb.o(.constdata)
    initial_mbstate                          0x08004abc   Data           8  _printf_wctomb.o(.constdata)
    .constdata                               0x08004ac4   Section       40  _printf_hex_int_ll_ptr.o(.constdata)
    uc_hextab                                0x08004ac4   Data          20  _printf_hex_int_ll_ptr.o(.constdata)
    lc_hextab                                0x08004ad8   Data          20  _printf_hex_int_ll_ptr.o(.constdata)
    .constdata                               0x08004aec   Section       38  _printf_fp_hex.o(.constdata)
    lc_hextab                                0x08004aec   Data          19  _printf_fp_hex.o(.constdata)
    uc_hextab                                0x08004aff   Data          19  _printf_fp_hex.o(.constdata)
    .constdata                               0x08004b14   Section      148  bigflt0.o(.constdata)
    tenpwrs_x                                0x08004b14   Data          60  bigflt0.o(.constdata)
    tenpwrs_i                                0x08004b50   Data          64  bigflt0.o(.constdata)
    .conststring                             0x08004ba8   Section       13  led.o(.conststring)
    .conststring                             0x08004bb8   Section       15  net_device.o(.conststring)
    locale$$data                             0x08004be8   Section       28  lc_numeric_c.o(locale$$data)
    __lcnum_c_name                           0x08004bec   Data           2  lc_numeric_c.o(locale$$data)
    __lcnum_c_start                          0x08004bf4   Data           0  lc_numeric_c.o(locale$$data)
    __lcnum_c_point                          0x08004c00   Data           0  lc_numeric_c.o(locale$$data)
    __lcnum_c_thousands                      0x08004c02   Data           0  lc_numeric_c.o(locale$$data)
    __lcnum_c_grouping                       0x08004c03   Data           0  lc_numeric_c.o(locale$$data)
    locale$$data                             0x08004c04   Section      272  lc_ctype_c.o(locale$$data)
    __lcnum_c_end                            0x08004c04   Data           0  lc_numeric_c.o(locale$$data)
    __lcctype_c_name                         0x08004c08   Data           2  lc_ctype_c.o(locale$$data)
    __lcctype_c_start                        0x08004c10   Data           0  lc_ctype_c.o(locale$$data)
    __lcctype_c_end                          0x08004d14   Data           0  lc_ctype_c.o(locale$$data)
    .data                                    0x20000000   Section       20  stm32f10x_rcc.o(.data)
    APBAHBPrescTable                         0x20000000   Data          16  stm32f10x_rcc.o(.data)
    ADCPrescTable                            0x20000010   Data           4  stm32f10x_rcc.o(.data)
    .data                                    0x20000014   Section        4  delay.o(.data)
    .data                                    0x20000018   Section        3  usart.o(.data)
    usart_busy                               0x20000018   Data           3  usart.o(.data)
    .data                                    0x2000001c   Section        4  hwtimer.o(.data)
    .data                                    0x20000020   Section        2  rtc.o(.data)
    rtc_busy                                 0x20000020   Data           1  rtc.o(.data)
    .data                                    0x20000022   Section        2  led.o(.data)
    .data                                    0x20000024   Section       21  dht11.o(.data)
    dht11_busy                               0x20000038   Data           1  dht11.o(.data)
    .data                                    0x20000039   Section        1  main.o(.data)
    count                                    0x20000039   Data           1  main.o(.data)
    .data                                    0x2000003c   Section       41  net_device.o(.data)
    nd_busy                                  0x2000003c   Data           2  net_device.o(.data)
    cmd_resp_err_flag                        0x20000064   Data           1  net_device.o(.data)
    .data                                    0x20000068   Section        4  tlsf.o(.data)
    mp                                       0x20000068   Data           4  tlsf.o(.data)
    .bss                                     0x2000006c   Section      164  mcu_gpio.o(.bss)
    .bss                                     0x20000110   Section      510  usart.o(.bss)
    .bss                                     0x20000310   Section    15360  main.o(.bss)
    tlsf_mem_pool                            0x20000310   Data       15360  main.o(.bss)
    .bss                                     0x20003f10   Section     1030  net_io.o(.bss)
    .bss                                     0x20004318   Section       16  framework.o(.bss)
    .bss                                     0x20004328   Section       96  libspace.o(.bss)
    HEAP                                     0x20004388   Section      512  startup_stm32f10x_hd.o(HEAP)
    Heap_Mem                                 0x20004388   Data         512  startup_stm32f10x_hd.o(HEAP)
    STACK                                    0x20004588   Section     1024  startup_stm32f10x_hd.o(STACK)
    Stack_Mem                                0x20004588   Data        1024  startup_stm32f10x_hd.o(STACK)
    __initial_sp                             0x20004988   Data           0  startup_stm32f10x_hd.o(STACK)

    Global Symbols

    Symbol Name                              Value     Ov Type        Size  Object(Section)

    BuildAttributes$$THM_ISAv4$P$D$K$B$S$PE$A:L22UL41UL21$X:L11$S22US41US21$IEEE1$IW$USESV6$~STKCKD$USESV7$~SHL$OTIME$ROPI$IEEEJ$EBA8$UX$STANDARDLIB$REQ8$PRES8$EABIv2 0x00000000   Number         0  anon$$obj.o ABSOLUTE
    __ARM_use_no_argv                        0x00000000   Number         0  main.o ABSOLUTE
    _printf_flags                            0x00000000   Number         0  printf_stubs.o ABSOLUTE
    _printf_return_value                     0x00000000   Number         0  printf_stubs.o ABSOLUTE
    _printf_sizespec                         0x00000000   Number         0  printf_stubs.o ABSOLUTE
    _printf_widthprec                        0x00000000   Number         0  printf_stubs.o ABSOLUTE
    __ARM_exceptions_init                     - Undefined Weak Reference
    __alloca_initialize                       - Undefined Weak Reference
    __arm_preinit_                            - Undefined Weak Reference
    __cpp_initialize__aeabi_                  - Undefined Weak Reference
    __cxa_finalize                            - Undefined Weak Reference
    __sigvec_lookup                           - Undefined Weak Reference
    __user_heap_extent                        - Undefined Weak Reference
    _atexit_init                              - Undefined Weak Reference
    _call_atexit_fns                          - Undefined Weak Reference
    _clock_init                               - Undefined Weak Reference
    _fp_trap_init                             - Undefined Weak Reference
    _fp_trap_shutdown                         - Undefined Weak Reference
    _get_lc_collate                           - Undefined Weak Reference
    _get_lc_monetary                          - Undefined Weak Reference
    _get_lc_time                              - Undefined Weak Reference
    _getenv_init                              - Undefined Weak Reference
    _handle_redirection                       - Undefined Weak Reference
    _initio                                   - Undefined Weak Reference
    _mutex_acquire                            - Undefined Weak Reference
    _mutex_free                               - Undefined Weak Reference
    _mutex_release                            - Undefined Weak Reference
    _printf_mbtowc                            - Undefined Weak Reference
    _printf_wc                                - Undefined Weak Reference
    _rand_init                                - Undefined Weak Reference
    _scanf_longlong                           - Undefined Weak Reference
    _scanf_mbtowc                             - Undefined Weak Reference
    _scanf_real                               - Undefined Weak Reference
    _scanf_wctomb                             - Undefined Weak Reference
    _scanf_wstring                            - Undefined Weak Reference
    _signal_finish                            - Undefined Weak Reference
    _signal_init                              - Undefined Weak Reference
    _terminateio                              - Undefined Weak Reference
    __Vectors_Size                           0x00000130   Number         0  startup_stm32f10x_hd.o ABSOLUTE
    __Vectors                                0x08000000   Data           4  startup_stm32f10x_hd.o(RESET)
    __Vectors_End                            0x08000130   Data           0  startup_stm32f10x_hd.o(RESET)
    __main                                   0x08000131   Thumb Code     8  __main.o(!!!main)
    __scatterload                            0x08000139   Thumb Code     0  __scatter.o(!!!scatter)
    __scatterload_rt2                        0x08000139   Thumb Code    44  __scatter.o(!!!scatter)
    __scatterload_rt2_thumb_only             0x08000139   Thumb Code     0  __scatter.o(!!!scatter)
    __scatterload_null                       0x08000147   Thumb Code     0  __scatter.o(!!!scatter)
    __scatterload_copy                       0x0800016d   Thumb Code    26  __scatter_copy.o(!!handler_copy)
    __scatterload_zeroinit                   0x08000189   Thumb Code    28  __scatter_zi.o(!!handler_zi)
    _printf_n                                0x080001a5   Thumb Code     0  _printf_n.o(.ARM.Collect$$_printf_percent$$00000001)
    _printf_percent                          0x080001a5   Thumb Code     0  _printf_percent.o(.ARM.Collect$$_printf_percent$$00000000)
    _printf_p                                0x080001ab   Thumb Code     0  _printf_p.o(.ARM.Collect$$_printf_percent$$00000002)
    _printf_f                                0x080001b1   Thumb Code     0  _printf_f.o(.ARM.Collect$$_printf_percent$$00000003)
    _printf_e                                0x080001b7   Thumb Code     0  _printf_e.o(.ARM.Collect$$_printf_percent$$00000004)
    _printf_g                                0x080001bd   Thumb Code     0  _printf_g.o(.ARM.Collect$$_printf_percent$$00000005)
    _printf_a                                0x080001c3   Thumb Code     0  _printf_a.o(.ARM.Collect$$_printf_percent$$00000006)
    _printf_ll                               0x080001c9   Thumb Code     0  _printf_ll.o(.ARM.Collect$$_printf_percent$$00000007)
    _printf_i                                0x080001d3   Thumb Code     0  _printf_i.o(.ARM.Collect$$_printf_percent$$00000008)
    _printf_d                                0x080001d9   Thumb Code     0  _printf_d.o(.ARM.Collect$$_printf_percent$$00000009)
    _printf_u                                0x080001df   Thumb Code     0  _printf_u.o(.ARM.Collect$$_printf_percent$$0000000A)
    _printf_o                                0x080001e5   Thumb Code     0  _printf_o.o(.ARM.Collect$$_printf_percent$$0000000B)
    _printf_x                                0x080001eb   Thumb Code     0  _printf_x.o(.ARM.Collect$$_printf_percent$$0000000C)
    _printf_lli                              0x080001f1   Thumb Code     0  _printf_lli.o(.ARM.Collect$$_printf_percent$$0000000D)
    _printf_lld                              0x080001f7   Thumb Code     0  _printf_lld.o(.ARM.Collect$$_printf_percent$$0000000E)
    _printf_llu                              0x080001fd   Thumb Code     0  _printf_llu.o(.ARM.Collect$$_printf_percent$$0000000F)
    _printf_llo                              0x08000203   Thumb Code     0  _printf_llo.o(.ARM.Collect$$_printf_percent$$00000010)
    _printf_llx                              0x08000209   Thumb Code     0  _printf_llx.o(.ARM.Collect$$_printf_percent$$00000011)
    _printf_l                                0x0800020f   Thumb Code     0  _printf_l.o(.ARM.Collect$$_printf_percent$$00000012)
    _printf_c                                0x08000219   Thumb Code     0  _printf_c.o(.ARM.Collect$$_printf_percent$$00000013)
    _printf_s                                0x0800021f   Thumb Code     0  _printf_s.o(.ARM.Collect$$_printf_percent$$00000014)
    _printf_lc                               0x08000225   Thumb Code     0  _printf_lc.o(.ARM.Collect$$_printf_percent$$00000015)
    _printf_ls                               0x0800022b   Thumb Code     0  _printf_ls.o(.ARM.Collect$$_printf_percent$$00000016)
    _printf_percent_end                      0x08000231   Thumb Code     0  _printf_percent_end.o(.ARM.Collect$$_printf_percent$$00000017)
    __rt_lib_init                            0x08000235   Thumb Code     0  libinit.o(.ARM.Collect$$libinit$$00000000)
    __rt_lib_init_fp_1                       0x08000237   Thumb Code     0  libinit2.o(.ARM.Collect$$libinit$$00000002)
    __rt_lib_init_heap_2                     0x08000237   Thumb Code     0  libinit2.o(.ARM.Collect$$libinit$$00000005)
    __rt_lib_init_preinit_1                  0x08000237   Thumb Code     0  libinit2.o(.ARM.Collect$$libinit$$00000004)
    __rt_lib_init_heap_1                     0x0800023f   Thumb Code     0  libinit2.o(.ARM.Collect$$libinit$$0000000A)
    __rt_lib_init_lc_common                  0x0800023f   Thumb Code     0  libinit2.o(.ARM.Collect$$libinit$$0000000F)
    __rt_lib_init_rand_1                     0x0800023f   Thumb Code     0  libinit2.o(.ARM.Collect$$libinit$$0000000E)
    __rt_lib_init_user_alloc_1               0x0800023f   Thumb Code     0  libinit2.o(.ARM.Collect$$libinit$$0000000C)
    __rt_lib_init_lc_collate_1               0x08000245   Thumb Code     0  libinit2.o(.ARM.Collect$$libinit$$00000011)
    __rt_lib_init_lc_ctype_2                 0x08000245   Thumb Code     0  libinit2.o(.ARM.Collect$$libinit$$00000012)
    __rt_lib_init_lc_ctype_1                 0x08000251   Thumb Code     0  libinit2.o(.ARM.Collect$$libinit$$00000013)
    __rt_lib_init_lc_monetary_1              0x08000251   Thumb Code     0  libinit2.o(.ARM.Collect$$libinit$$00000015)
    __rt_lib_init_lc_numeric_2               0x08000251   Thumb Code     0  libinit2.o(.ARM.Collect$$libinit$$00000016)
    __rt_lib_init_alloca_1                   0x0800025b   Thumb Code     0  libinit2.o(.ARM.Collect$$libinit$$0000002E)
    __rt_lib_init_argv_1                     0x0800025b   Thumb Code     0  libinit2.o(.ARM.Collect$$libinit$$0000002C)
    __rt_lib_init_atexit_1                   0x0800025b   Thumb Code     0  libinit2.o(.ARM.Collect$$libinit$$0000001B)
    __rt_lib_init_clock_1                    0x0800025b   Thumb Code     0  libinit2.o(.ARM.Collect$$libinit$$00000021)
    __rt_lib_init_cpp_1                      0x0800025b   Thumb Code     0  libinit2.o(.ARM.Collect$$libinit$$00000032)
    __rt_lib_init_exceptions_1               0x0800025b   Thumb Code     0  libinit2.o(.ARM.Collect$$libinit$$00000030)
    __rt_lib_init_fp_trap_1                  0x0800025b   Thumb Code     0  libinit2.o(.ARM.Collect$$libinit$$0000001F)
    __rt_lib_init_getenv_1                   0x0800025b   Thumb Code     0  libinit2.o(.ARM.Collect$$libinit$$00000023)
    __rt_lib_init_lc_numeric_1               0x0800025b   Thumb Code     0  libinit2.o(.ARM.Collect$$libinit$$00000017)
    __rt_lib_init_lc_time_1                  0x0800025b   Thumb Code     0  libinit2.o(.ARM.Collect$$libinit$$00000019)
    __rt_lib_init_return                     0x0800025b   Thumb Code     0  libinit2.o(.ARM.Collect$$libinit$$00000033)
    __rt_lib_init_signal_1                   0x0800025b   Thumb Code     0  libinit2.o(.ARM.Collect$$libinit$$0000001D)
    __rt_lib_init_stdio_1                    0x0800025b   Thumb Code     0  libinit2.o(.ARM.Collect$$libinit$$00000025)
    __rt_lib_shutdown                        0x0800025d   Thumb Code     0  libshutdown.o(.ARM.Collect$$libshutdown$$00000000)
    __rt_lib_shutdown_cpp_1                  0x0800025f   Thumb Code     0  libshutdown2.o(.ARM.Collect$$libshutdown$$00000002)
    __rt_lib_shutdown_fp_trap_1              0x0800025f   Thumb Code     0  libshutdown2.o(.ARM.Collect$$libshutdown$$00000007)
    __rt_lib_shutdown_heap_1                 0x0800025f   Thumb Code     0  libshutdown2.o(.ARM.Collect$$libshutdown$$0000000F)
    __rt_lib_shutdown_return                 0x0800025f   Thumb Code     0  libshutdown2.o(.ARM.Collect$$libshutdown$$00000010)
    __rt_lib_shutdown_signal_1               0x0800025f   Thumb Code     0  libshutdown2.o(.ARM.Collect$$libshutdown$$0000000A)
    __rt_lib_shutdown_stdio_1                0x0800025f   Thumb Code     0  libshutdown2.o(.ARM.Collect$$libshutdown$$00000004)
    __rt_lib_shutdown_user_alloc_1           0x0800025f   Thumb Code     0  libshutdown2.o(.ARM.Collect$$libshutdown$$0000000C)
    __rt_entry                               0x08000261   Thumb Code     0  __rtentry.o(.ARM.Collect$$rtentry$$00000000)
    __rt_entry_presh_1                       0x08000261   Thumb Code     0  __rtentry2.o(.ARM.Collect$$rtentry$$00000002)
    __rt_entry_sh                            0x08000261   Thumb Code     0  __rtentry4.o(.ARM.Collect$$rtentry$$00000004)
    __rt_entry_li                            0x08000267   Thumb Code     0  __rtentry2.o(.ARM.Collect$$rtentry$$0000000A)
    __rt_entry_postsh_1                      0x08000267   Thumb Code     0  __rtentry2.o(.ARM.Collect$$rtentry$$00000009)
    __rt_entry_main                          0x0800026b   Thumb Code     0  __rtentry2.o(.ARM.Collect$$rtentry$$0000000D)
    __rt_entry_postli_1                      0x0800026b   Thumb Code     0  __rtentry2.o(.ARM.Collect$$rtentry$$0000000C)
    __rt_exit                                0x08000273   Thumb Code     0  rtexit.o(.ARM.Collect$$rtexit$$00000000)
    __rt_exit_ls                             0x08000275   Thumb Code     0  rtexit2.o(.ARM.Collect$$rtexit$$00000003)
    __rt_exit_prels_1                        0x08000275   Thumb Code     0  rtexit2.o(.ARM.Collect$$rtexit$$00000002)
    __rt_exit_exit                           0x08000279   Thumb Code     0  rtexit2.o(.ARM.Collect$$rtexit$$00000004)
    Reset_Handler                            0x08000281   Thumb Code     8  startup_stm32f10x_hd.o(.text)
    _maybe_terminate_alloc                   0x08000281   Thumb Code     0  maybetermalloc1.o(.emb_text)
    PendSV_Handler                           0x08000297   Thumb Code     2  startup_stm32f10x_hd.o(.text)
    ADC1_2_IRQHandler                        0x0800029b   Thumb Code     0  startup_stm32f10x_hd.o(.text)
    ADC3_IRQHandler                          0x0800029b   Thumb Code     0  startup_stm32f10x_hd.o(.text)
    CAN1_RX1_IRQHandler                      0x0800029b   Thumb Code     0  startup_stm32f10x_hd.o(.text)
    CAN1_SCE_IRQHandler                      0x0800029b   Thumb Code     0  startup_stm32f10x_hd.o(.text)
    DMA1_Channel1_IRQHandler                 0x0800029b   Thumb Code     0  startup_stm32f10x_hd.o(.text)
    DMA1_Channel2_IRQHandler                 0x0800029b   Thumb Code     0  startup_stm32f10x_hd.o(.text)
    DMA1_Channel3_IRQHandler                 0x0800029b   Thumb Code     0  startup_stm32f10x_hd.o(.text)
    DMA1_Channel4_IRQHandler                 0x0800029b   Thumb Code     0  startup_stm32f10x_hd.o(.text)
    DMA1_Channel5_IRQHandler                 0x0800029b   Thumb Code     0  startup_stm32f10x_hd.o(.text)
    DMA1_Channel7_IRQHandler                 0x0800029b   Thumb Code     0  startup_stm32f10x_hd.o(.text)
    DMA2_Channel1_IRQHandler                 0x0800029b   Thumb Code     0  startup_stm32f10x_hd.o(.text)
    DMA2_Channel2_IRQHandler                 0x0800029b   Thumb Code     0  startup_stm32f10x_hd.o(.text)
    DMA2_Channel3_IRQHandler                 0x0800029b   Thumb Code     0  startup_stm32f10x_hd.o(.text)
    DMA2_Channel4_5_IRQHandler               0x0800029b   Thumb Code     0  startup_stm32f10x_hd.o(.text)
    EXTI0_IRQHandler                         0x0800029b   Thumb Code     0  startup_stm32f10x_hd.o(.text)
    EXTI15_10_IRQHandler                     0x0800029b   Thumb Code     0  startup_stm32f10x_hd.o(.text)
    EXTI1_IRQHandler                         0x0800029b   Thumb Code     0  startup_stm32f10x_hd.o(.text)
    EXTI2_IRQHandler                         0x0800029b   Thumb Code     0  startup_stm32f10x_hd.o(.text)
    EXTI3_IRQHandler                         0x0800029b   Thumb Code     0  startup_stm32f10x_hd.o(.text)
    EXTI4_IRQHandler                         0x0800029b   Thumb Code     0  startup_stm32f10x_hd.o(.text)
    EXTI9_5_IRQHandler                       0x0800029b   Thumb Code     0  startup_stm32f10x_hd.o(.text)
    FLASH_IRQHandler                         0x0800029b   Thumb Code     0  startup_stm32f10x_hd.o(.text)
    FSMC_IRQHandler                          0x0800029b   Thumb Code     0  startup_stm32f10x_hd.o(.text)
    I2C1_ER_IRQHandler                       0x0800029b   Thumb Code     0  startup_stm32f10x_hd.o(.text)
    I2C1_EV_IRQHandler                       0x0800029b   Thumb Code     0  startup_stm32f10x_hd.o(.text)
    I2C2_ER_IRQHandler                       0x0800029b   Thumb Code     0  startup_stm32f10x_hd.o(.text)
    I2C2_EV_IRQHandler                       0x0800029b   Thumb Code     0  startup_stm32f10x_hd.o(.text)
    PVD_IRQHandler                           0x0800029b   Thumb Code     0  startup_stm32f10x_hd.o(.text)
    RCC_IRQHandler                           0x0800029b   Thumb Code     0  startup_stm32f10x_hd.o(.text)
    SDIO_IRQHandler                          0x0800029b   Thumb Code     0  startup_stm32f10x_hd.o(.text)
    SPI1_IRQHandler                          0x0800029b   Thumb Code     0  startup_stm32f10x_hd.o(.text)
    SPI2_IRQHandler                          0x0800029b   Thumb Code     0  startup_stm32f10x_hd.o(.text)
    SPI3_IRQHandler                          0x0800029b   Thumb Code     0  startup_stm32f10x_hd.o(.text)
    TAMPER_IRQHandler                        0x0800029b   Thumb Code     0  startup_stm32f10x_hd.o(.text)
    TIM1_BRK_IRQHandler                      0x0800029b   Thumb Code     0  startup_stm32f10x_hd.o(.text)
    TIM1_CC_IRQHandler                       0x0800029b   Thumb Code     0  startup_stm32f10x_hd.o(.text)
    TIM1_TRG_COM_IRQHandler                  0x0800029b   Thumb Code     0  startup_stm32f10x_hd.o(.text)
    TIM6_IRQHandler                          0x0800029b   Thumb Code     0  startup_stm32f10x_hd.o(.text)
    TIM8_BRK_IRQHandler                      0x0800029b   Thumb Code     0  startup_stm32f10x_hd.o(.text)
    TIM8_CC_IRQHandler                       0x0800029b   Thumb Code     0  startup_stm32f10x_hd.o(.text)
    TIM8_TRG_COM_IRQHandler                  0x0800029b   Thumb Code     0  startup_stm32f10x_hd.o(.text)
    UART4_IRQHandler                         0x0800029b   Thumb Code     0  startup_stm32f10x_hd.o(.text)
    UART5_IRQHandler                         0x0800029b   Thumb Code     0  startup_stm32f10x_hd.o(.text)
    USART3_IRQHandler                        0x0800029b   Thumb Code     0  startup_stm32f10x_hd.o(.text)
    USBWakeUp_IRQHandler                     0x0800029b   Thumb Code     0  startup_stm32f10x_hd.o(.text)
    USB_HP_CAN1_TX_IRQHandler                0x0800029b   Thumb Code     0  startup_stm32f10x_hd.o(.text)
    USB_LP_CAN1_RX0_IRQHandler               0x0800029b   Thumb Code     0  startup_stm32f10x_hd.o(.text)
    WWDG_IRQHandler                          0x0800029b   Thumb Code     0  startup_stm32f10x_hd.o(.text)
    __user_initial_stackheap                 0x0800029d   Thumb Code     0  startup_stm32f10x_hd.o(.text)
    malloc                                   0x080002c1   Thumb Code    94  h1_alloc.o(.text)
    free                                     0x0800031f   Thumb Code    78  h1_free.o(.text)
    vsprintf                                 0x0800036d   Thumb Code    32  vsprintf.o(.text)
    _printf_int_dec                          0x08000391   Thumb Code   104  _printf_dec.o(.text)
    __printf                                 0x08000409   Thumb Code   388  __printf_flags_ss_wp.o(.text)
    strlen                                   0x08000591   Thumb Code    62  strlen.o(.text)
    __aeabi_memclr                           0x080005cf   Thumb Code     0  rt_memclr.o(.text)
    __rt_memclr                              0x080005cf   Thumb Code    68  rt_memclr.o(.text)
    _memset                                  0x080005d3   Thumb Code     0  rt_memclr.o(.text)
    __use_two_region_memory                  0x08000613   Thumb Code     2  heapauxi.o(.text)
    __rt_heap_escrow                         0x08000615   Thumb Code     2  heapauxi.o(.text)
    __rt_heap_expand                         0x08000617   Thumb Code     2  heapauxi.o(.text)
    __rt_heap_descriptor                     0x08000619   Thumb Code     8  rt_heap_descriptor_intlibspace.o(.text)
    __use_no_heap                            0x08000621   Thumb Code     2  hguard.o(.text)
    __heap$guard                             0x08000623   Thumb Code     2  hguard.o(.text)
    _terminate_user_alloc                    0x08000625   Thumb Code     2  init_alloc.o(.text)
    _init_user_alloc                         0x08000627   Thumb Code     2  init_alloc.o(.text)
    __Heap_Full                              0x08000629   Thumb Code    34  init_alloc.o(.text)
    __Heap_Broken                            0x0800064b   Thumb Code     6  init_alloc.o(.text)
    _init_alloc                              0x08000651   Thumb Code    94  init_alloc.o(.text)
    __Heap_Initialize                        0x080006af   Thumb Code    10  h1_init.o(.text)
    __Heap_DescSize                          0x080006b9   Thumb Code     4  h1_init.o(.text)
    _printf_pre_padding                      0x080006bd   Thumb Code    44  _printf_pad.o(.text)
    _printf_post_padding                     0x080006e9   Thumb Code    34  _printf_pad.o(.text)
    _printf_truncate_signed                  0x0800070b   Thumb Code    18  _printf_truncate.o(.text)
    _printf_truncate_unsigned                0x0800071d   Thumb Code    18  _printf_truncate.o(.text)
    _printf_str                              0x0800072f   Thumb Code    82  _printf_str.o(.text)
    _printf_int_common                       0x08000781   Thumb Code   178  _printf_intcommon.o(.text)
    _printf_charcount                        0x08000833   Thumb Code    40  _printf_charcount.o(.text)
    _printf_char_common                      0x08000867   Thumb Code    32  _printf_char_common.o(.text)
    _sputc                                   0x0800088d   Thumb Code    10  _sputc.o(.text)
    _printf_wctomb                           0x08000899   Thumb Code   182  _printf_wctomb.o(.text)
    _printf_longlong_dec                     0x08000955   Thumb Code   108  _printf_longlong_dec.o(.text)
    _printf_longlong_oct                     0x080009d1   Thumb Code    66  _printf_oct_int_ll.o(.text)
    _printf_int_oct                          0x08000a13   Thumb Code    24  _printf_oct_int_ll.o(.text)
    _printf_ll_oct                           0x08000a2b   Thumb Code    12  _printf_oct_int_ll.o(.text)
    _printf_longlong_hex                     0x08000a41   Thumb Code    86  _printf_hex_int_ll_ptr.o(.text)
    _printf_int_hex                          0x08000a97   Thumb Code    28  _printf_hex_int_ll_ptr.o(.text)
    _printf_ll_hex                           0x08000ab3   Thumb Code    12  _printf_hex_int_ll_ptr.o(.text)
    _printf_hex_ptr                          0x08000abf   Thumb Code    18  _printf_hex_int_ll_ptr.o(.text)
    __aeabi_memclr4                          0x08000ad5   Thumb Code     0  rt_memclr_w.o(.text)
    __aeabi_memclr8                          0x08000ad5   Thumb Code     0  rt_memclr_w.o(.text)
    __rt_memclr_w                            0x08000ad5   Thumb Code    78  rt_memclr_w.o(.text)
    _memset_w                                0x08000ad9   Thumb Code     0  rt_memclr_w.o(.text)
    __user_libspace                          0x08000b25   Thumb Code     8  libspace.o(.text)
    __user_perproc_libspace                  0x08000b25   Thumb Code     0  libspace.o(.text)
    __user_perthread_libspace                0x08000b25   Thumb Code     0  libspace.o(.text)
    __Heap_ProvideMemory                     0x08000b2d   Thumb Code    52  h1_extend.o(.text)
    _ll_udiv10                               0x08000b61   Thumb Code   138  lludiv10.o(.text)
    __lib_sel_fp_printf                      0x08000beb   Thumb Code     2  _printf_fp_dec.o(.text)
    _printf_fp_dec_real                      0x08000d9d   Thumb Code   620  _printf_fp_dec.o(.text)
    _printf_fp_hex_real                      0x08001009   Thumb Code   756  _printf_fp_hex.o(.text)
    _printf_cs_common                        0x08001305   Thumb Code    20  _printf_char.o(.text)
    _printf_char                             0x08001319   Thumb Code    16  _printf_char.o(.text)
    _printf_string                           0x08001329   Thumb Code     8  _printf_char.o(.text)
    _printf_lcs_common                       0x08001331   Thumb Code    20  _printf_wchar.o(.text)
    _printf_wchar                            0x08001345   Thumb Code    16  _printf_wchar.o(.text)
    _printf_wstring                          0x08001355   Thumb Code     8  _printf_wchar.o(.text)
    _wcrtomb                                 0x0800135d   Thumb Code    64  _wcrtomb.o(.text)
    __rt_SIGRTMEM                            0x0800139d   Thumb Code    14  defsig_rtmem_outer.o(.text)
    __I$use$semihosting                      0x080013ab   Thumb Code     0  use_no_semi.o(.text)
    __use_no_semihosting_swi                 0x080013ab   Thumb Code     2  use_no_semi.o(.text)
    __semihosting_library_function           0x080013ad   Thumb Code     0  indicate_semi.o(.text)
    __user_setup_stackheap                   0x080013ad   Thumb Code    74  sys_stackheap_outer.o(.text)
    __rt_ctype_table                         0x080013f9   Thumb Code    16  rt_ctype_table.o(.text)
    __rt_locale                              0x08001409   Thumb Code     8  rt_locale_intlibspace.o(.text)
    _printf_fp_infnan                        0x08001411   Thumb Code   112  _printf_fp_infnan.o(.text)
    _btod_etento                             0x08001491   Thumb Code   224  bigflt0.o(.text)
    exit                                     0x08001575   Thumb Code    18  exit.o(.text)
    __sig_exit                               0x08001587   Thumb Code    10  defsig_exit.o(.text)
    __rt_SIGRTMEM_inner                      0x08001591   Thumb Code    22  defsig_rtmem_inner.o(.text)
    _sys_exit                                0x080015e1   Thumb Code     8  sys_exit.o(.text)
    __default_signal_display                 0x080015ed   Thumb Code    50  defsig_general.o(.text)
    strcmp                                   0x08001621   Thumb Code   128  strcmpv7m.o(.text)
    _ttywrch                                 0x080016a1   Thumb Code    14  sys_wrch.o(.text)
    _btod_d2e                                0x080016af   Thumb Code    62  btod.o(CL$$btod_d2e)
    _d2e_denorm_low                          0x080016ed   Thumb Code    70  btod.o(CL$$btod_d2e_denorm_low)
    _d2e_norm_op1                            0x08001733   Thumb Code    96  btod.o(CL$$btod_d2e_norm_op1)
    __btod_div_common                        0x08001793   Thumb Code   696  btod.o(CL$$btod_div_common)
    _e2e                                     0x08001acb   Thumb Code   220  btod.o(CL$$btod_e2e)
    _btod_ediv                               0x08001ba7   Thumb Code    42  btod.o(CL$$btod_ediv)
    _btod_emul                               0x08001bd1   Thumb Code    42  btod.o(CL$$btod_emul)
    __btod_mult_common                       0x08001bfb   Thumb Code   580  btod.o(CL$$btod_mult_common)
    BusFault_Handler                         0x08001e3f   Thumb Code     4  stm32f10x_it.o(i.BusFault_Handler)
    DHT11_Exist                              0x08001ec1   Thumb Code    40  dht11.o(i.DHT11_Exist)
    DHT11_FreeBus                            0x08001ef1   Thumb Code     8  dht11.o(i.DHT11_FreeBus)
    DHT11_Get_TemperAndHumi                  0x08001efd   Thumb Code   196  dht11.o(i.DHT11_Get_TemperAndHumi)
    DHT11_IsBusReady                         0x08001fc9   Thumb Code    18  dht11.o(i.DHT11_IsBusReady)
    DMA1_Channel6_IRQHandler                 0x0800209d   Thumb Code    42  net_io.o(i.DMA1_Channel6_IRQHandler)
    DMA_ClearFlag                            0x080020d1   Thumb Code    18  stm32f10x_dma.o(i.DMA_ClearFlag)
    DMA_Cmd                                  0x080020ed   Thumb Code    24  stm32f10x_dma.o(i.DMA_Cmd)
    DMA_DeInit                               0x08002105   Thumb Code   324  stm32f10x_dma.o(i.DMA_DeInit)
    DMA_GetCurrDataCounter                   0x08002251   Thumb Code     8  stm32f10x_dma.o(i.DMA_GetCurrDataCounter)
    DMA_GetFlagStatus                        0x08002259   Thumb Code    36  stm32f10x_dma.o(i.DMA_GetFlagStatus)
    DMA_GetITStatus                          0x08002285   Thumb Code    36  stm32f10x_dma.o(i.DMA_GetITStatus)
    DMA_ITConfig                             0x080022b1   Thumb Code    18  stm32f10x_dma.o(i.DMA_ITConfig)
    DMA_Init                                 0x080022c3   Thumb Code    60  stm32f10x_dma.o(i.DMA_Init)
    DMA_SetCurrDataCounter                   0x080022ff   Thumb Code     4  stm32f10x_dma.o(i.DMA_SetCurrDataCounter)
    DebugMon_Handler                         0x08002303   Thumb Code     2  stm32f10x_it.o(i.DebugMon_Handler)
    DelayUs                                  0x08002305   Thumb Code    60  delay.o(i.DelayUs)
    DelayXms                                 0x08002345   Thumb Code    66  delay.o(i.DelayXms)
    Delay_Init                               0x0800238d   Thumb Code    48  delay.o(i.Delay_Init)
    EXTI_ClearITPendingBit                   0x080023c5   Thumb Code     6  stm32f10x_exti.o(i.EXTI_ClearITPendingBit)
    FW_CreateTask                            0x080023d1   Thumb Code   110  framework.o(i.FW_CreateTask)
    FW_Init                                  0x08002445   Thumb Code    22  framework.o(i.FW_Init)
    FW_StartSchedule                         0x08002461   Thumb Code    92  framework.o(i.FW_StartSchedule)
    FW_TickHandler                           0x080024c1   Thumb Code    60  framework.o(i.FW_TickHandler)
    GPIO_Init                                0x08002501   Thumb Code   278  stm32f10x_gpio.o(i.GPIO_Init)
    HardFault_Handler                        0x08002617   Thumb Code     4  stm32f10x_it.o(i.HardFault_Handler)
    Hardware_Init                            0x0800261d   Thumb Code    84  main.o(i.Hardware_Init)
    LED_Ctl                                  0x080026ad   Thumb Code   106  led.o(i.LED_Ctl)
    LED_Init                                 0x08002721   Thumb Code    74  led.o(i.LED_Init)
    MCU_DMA_Init                             0x080027a3   Thumb Code    84  mcu_dma.o(i.MCU_DMA_Init)
    MCU_DMA_ResetMemoryBaseAddr              0x080027f7   Thumb Code    26  mcu_dma.o(i.MCU_DMA_ResetMemoryBaseAddr)
    MCU_GPIO_FindIndex                       0x08002811   Thumb Code    70  mcu_gpio.o(i.MCU_GPIO_FindIndex)
    MCU_GPIO_Init                            0x0800285d   Thumb Code   136  mcu_gpio.o(i.MCU_GPIO_Init)
    MCU_GPIO_Output_Ctl                      0x080028e9   Thumb Code    76  mcu_gpio.o(i.MCU_GPIO_Output_Ctl)
    MCU_NVIC_Init                            0x08002939   Thumb Code    34  mcu_nvic.o(i.MCU_NVIC_Init)
    MCU_RCC                                  0x0800295d   Thumb Code   112  mcu_rcc.o(i.MCU_RCC)
    MCU_TIMER_Base_Init                      0x080029d5   Thumb Code    56  mcu_timer.o(i.MCU_TIMER_Base_Init)
    MCU_USART_Init                           0x08002a0d   Thumb Code   312  mcu_usart.o(i.MCU_USART_Init)
    MemManage_Handler                        0x08002b69   Thumb Code     4  stm32f10x_it.o(i.MemManage_Handler)
    NET_DEVICE_IO_Init                       0x08002b79   Thumb Code    76  net_device.o(i.NET_DEVICE_IO_Init)
    NET_DEVICE_PowerCtl                      0x08002bcd   Thumb Code    68  net_device.o(i.NET_DEVICE_PowerCtl)
    NET_DEVICE_Reset                         0x08002c19   Thumb Code    42  net_device.o(i.NET_DEVICE_Reset)
    NET_IO_AddTag2End                        0x08002c6d   Thumb Code   130  net_io.o(i.NET_IO_AddTag2End)
    NET_IO_Init                              0x08002cfd   Thumb Code    24  net_io.o(i.NET_IO_Init)
    NMI_Handler                              0x08002d1d   Thumb Code     2  stm32f10x_it.o(i.NMI_Handler)
    NVIC_Init                                0x08002d21   Thumb Code   100  misc.o(i.NVIC_Init)
    NVIC_PriorityGroupConfig                 0x08002d91   Thumb Code    10  misc.o(i.NVIC_PriorityGroupConfig)
    RCC_AHBPeriphClockCmd                    0x08002da5   Thumb Code    26  stm32f10x_rcc.o(i.RCC_AHBPeriphClockCmd)
    RCC_APB1PeriphClockCmd                   0x08002dc5   Thumb Code    26  stm32f10x_rcc.o(i.RCC_APB1PeriphClockCmd)
    RCC_APB2PeriphClockCmd                   0x08002de5   Thumb Code    26  stm32f10x_rcc.o(i.RCC_APB2PeriphClockCmd)
    RCC_GetClocksFreq                        0x08002e05   Thumb Code   192  stm32f10x_rcc.o(i.RCC_GetClocksFreq)
    RTCAlarm_IRQHandler                      0x08002ed9   Thumb Code    26  rtc.o(i.RTCAlarm_IRQHandler)
    RTC_ClearITPendingBit                    0x08002ef9   Thumb Code    12  stm32f10x_rtc.o(i.RTC_ClearITPendingBit)
    RTC_GetITStatus                          0x08002f09   Thumb Code    32  stm32f10x_rtc.o(i.RTC_GetITStatus)
    RTC_IRQHandler                           0x08002f2d   Thumb Code    88  rtc.o(i.RTC_IRQHandler)
    SENSOR_Task                              0x08002f89   Thumb Code    80  main.o(i.SENSOR_Task)
    SVC_Handler                              0x08003011   Thumb Code     2  stm32f10x_it.o(i.SVC_Handler)
    SysTick_Handler                          0x080030fd   Thumb Code     2  stm32f10x_it.o(i.SysTick_Handler)
    SystemInit                               0x08003101   Thumb Code    78  system_stm32f10x.o(i.SystemInit)
    TIM1_UP_IRQHandler                       0x08003161   Thumb Code    34  hwtimer.o(i.TIM1_UP_IRQHandler)
    TIM2_IRQHandler                          0x0800318d   Thumb Code    34  hwtimer.o(i.TIM2_IRQHandler)
    TIM3_IRQHandler                          0x080031b5   Thumb Code    34  hwtimer.o(i.TIM3_IRQHandler)
    TIM4_IRQHandler                          0x080031e1   Thumb Code    34  hwtimer.o(i.TIM4_IRQHandler)
    TIM5_IRQHandler                          0x0800320d   Thumb Code    34  hwtimer.o(i.TIM5_IRQHandler)
    TIM7_IRQHandler                          0x08003239   Thumb Code    38  framework.o(i.TIM7_IRQHandler)
    TIM8_UP_IRQHandler                       0x08003265   Thumb Code    34  hwtimer.o(i.TIM8_UP_IRQHandler)
    TIM_ClearITPendingBit                    0x08003291   Thumb Code     6  stm32f10x_tim.o(i.TIM_ClearITPendingBit)
    TIM_Cmd                                  0x08003297   Thumb Code    24  stm32f10x_tim.o(i.TIM_Cmd)
    TIM_GetITStatus                          0x080032af   Thumb Code    34  stm32f10x_tim.o(i.TIM_GetITStatus)
    TIM_ITConfig                             0x080032d1   Thumb Code    18  stm32f10x_tim.o(i.TIM_ITConfig)
    TIM_TimeBaseInit                         0x080032e5   Thumb Code   122  stm32f10x_tim.o(i.TIM_TimeBaseInit)
    Timer_X_Init                             0x08003389   Thumb Code   214  hwtimer.o(i.Timer_X_Init)
    USART1_IRQHandler                        0x0800347d   Thumb Code    68  usart.o(i.USART1_IRQHandler)
    USART2_IRQHandler                        0x080034cd   Thumb Code    50  net_io.o(i.USART2_IRQHandler)
    USART_ClearFlag                          0x0800350d   Thumb Code    18  stm32f10x_usart.o(i.USART_ClearFlag)
    USART_Cmd                                0x0800351f   Thumb Code    24  stm32f10x_usart.o(i.USART_Cmd)
    USART_DMACmd                             0x08003537   Thumb Code    18  stm32f10x_usart.o(i.USART_DMACmd)
    USART_FreeBus                            0x08003549   Thumb Code    42  usart.o(i.USART_FreeBus)
    USART_GetFlagStatus                      0x08003585   Thumb Code    26  stm32f10x_usart.o(i.USART_GetFlagStatus)
    USART_ITConfig                           0x0800359f   Thumb Code    74  stm32f10x_usart.o(i.USART_ITConfig)
    USART_Init                               0x080035e9   Thumb Code   210  stm32f10x_usart.o(i.USART_Init)
    USART_IsBusReady                         0x080036c1   Thumb Code    70  usart.o(i.USART_IsBusReady)
    USARTx_ResetMemoryBaseAddr               0x08003719   Thumb Code    96  usart.o(i.USARTx_ResetMemoryBaseAddr)
    UsageFault_Handler                       0x08003785   Thumb Code     4  stm32f10x_it.o(i.UsageFault_Handler)
    Usart1_Init                              0x08003789   Thumb Code   182  usart.o(i.Usart1_Init)
    Usart2_Init                              0x0800384d   Thumb Code   194  usart.o(i.Usart2_Init)
    UsartPrintf                              0x08003919   Thumb Code   138  usart.o(i.UsartPrintf)
    __ARM_fpclassify                         0x080039b1   Thumb Code    40  fpclassify.o(i.__ARM_fpclassify)
    _is_digit                                0x080039d9   Thumb Code    14  __printf_wp.o(i._is_digit)
    free_ex                                  0x08003a01   Thumb Code   534  tlsf.o(i.free_ex)
    init_memory_pool                         0x08003c19   Thumb Code   164  tlsf.o(i.init_memory_pool)
    main                                     0x08003d31   Thumb Code    44  main.o(i.main)
    _get_lc_numeric                          0x08003e15   Thumb Code    44  lc_numeric_c.o(locale$$code)
    _get_lc_ctype                            0x08003e41   Thumb Code    44  lc_ctype_c.o(locale$$code)
    __aeabi_d2f                              0x08003e6d   Thumb Code     0  d2f.o(x$fpl$d2f)
    _d2f                                     0x08003e6d   Thumb Code    98  d2f.o(x$fpl$d2f)
    __aeabi_dadd                             0x08003ed1   Thumb Code     0  daddsub_clz.o(x$fpl$dadd)
    _dadd                                    0x08003ed1   Thumb Code   332  daddsub_clz.o(x$fpl$dadd)
    __aeabi_ddiv                             0x08004021   Thumb Code     0  ddiv.o(x$fpl$ddiv)
    _ddiv                                    0x08004021   Thumb Code   552  ddiv.o(x$fpl$ddiv)
    __aeabi_ui2d                             0x080042d1   Thumb Code     0  dflt_clz.o(x$fpl$dfltu)
    _dfltu                                   0x080042d1   Thumb Code    38  dflt_clz.o(x$fpl$dfltu)
    __fpl_dnaninf                            0x080042f7   Thumb Code   156  dnaninf.o(x$fpl$dnaninf)
    __fpl_dretinf                            0x08004393   Thumb Code    12  dretinf.o(x$fpl$dretinf)
    __aeabi_dsub                             0x080043a1   Thumb Code     0  daddsub_clz.o(x$fpl$dsub)
    _dsub                                    0x080043a1   Thumb Code   464  daddsub_clz.o(x$fpl$dsub)
    __aeabi_f2d                              0x08004575   Thumb Code     0  f2d.o(x$fpl$f2d)
    _f2d                                     0x08004575   Thumb Code    86  f2d.o(x$fpl$f2d)
    __fpl_fnaninf                            0x080045cb   Thumb Code   140  fnaninf.o(x$fpl$fnaninf)
    __fpl_fretinf                            0x08004657   Thumb Code    10  fretinf.o(x$fpl$fretinf)
    _printf_fp_dec                           0x08004661   Thumb Code     4  printf1.o(x$fpl$printf1)
    _printf_fp_hex                           0x08004665   Thumb Code     4  printf2.o(x$fpl$printf2)
    __I$use$fp                               0x08004668   Number         0  usenofp.o(x$fpl$usenofp)
    tag                                      0x080046a4   Data           3  net_io.o(.constdata)
    tag_num                                  0x080046a7   Data           1  net_io.o(.constdata)
    Region$$Table$$Base                      0x08004bc8   Number         0  anon$$obj.o(Region$$Table)
    Region$$Table$$Limit                     0x08004be8   Number         0  anon$$obj.o(Region$$Table)
    __ctype                                  0x08004c11   Data           0  lc_ctype_c.o(locale$$data)
    UsCount                                  0x20000014   Data           1  delay.o(.data)
    MsCount                                  0x20000016   Data           2  delay.o(.data)
    timer_info                               0x2000001c   Data           4  hwtimer.o(.data)
    rtc_info                                 0x20000021   Data           1  rtc.o(.data)
    led_status                               0x20000022   Data           2  led.o(.data)
    dht11_info                               0x20000024   Data          20  dht11.o(.data)
    net_device_info                          0x20000040   Data          36  net_device.o(.data)
    gpio_device                              0x2000006c   Data         164  mcu_gpio.o(.bss)
    alter_info                               0x20000110   Data         254  usart.o(.bss)
    usart_printbuf                           0x2000020e   Data         256  usart.o(.bss)
    net_io_info                              0x20003f10   Data        1030  net_io.o(.bss)
    fw_task_info                             0x20004318   Data          16  framework.o(.bss)
    __libspace_start                         0x20004328   Data          96  libspace.o(.bss)
    __temporary_stack_top$libspace           0x20004388   Data           0  libspace.o(.bss)



==============================================================================

Memory Map of the image

  Image Entry point : 0x08000131

  Load Region LR_IROM1 (Base: 0x08000000, Size: 0x00004d80, Max: 0x00080000, ABSOLUTE)

    Execution Region ER_IROM1 (Exec base: 0x08000000, Load base: 0x08000000, Size: 0x00004d14, Max: 0x00080000, ABSOLUTE)

    Exec Addr    Load Addr    Size         Type   Attr      Idx    E Section Name        Object

    0x08000000   0x08000000   0x00000130   Data   RO         2199    RESET               startup_stm32f10x_hd.o
    0x08000130   0x08000130   0x00000008   Code   RO         3147  * !!!main             c_w.l(__main.o)
    0x08000138   0x08000138   0x00000034   Code   RO         3528    !!!scatter          c_w.l(__scatter.o)
    0x0800016c   0x0800016c   0x0000001a   Code   RO         3530    !!handler_copy      c_w.l(__scatter_copy.o)
    0x08000186   0x08000186   0x00000002   PAD
    0x08000188   0x08000188   0x0000001c   Code   RO         3532    !!handler_zi        c_w.l(__scatter_zi.o)
    0x080001a4   0x080001a4   0x00000000   Code   RO         3128    .ARM.Collect$$_printf_percent$$00000000  c_w.l(_printf_percent.o)
    0x080001a4   0x080001a4   0x00000006   Code   RO         3245    .ARM.Collect$$_printf_percent$$00000001  c_w.l(_printf_n.o)
    0x080001aa   0x080001aa   0x00000006   Code   RO         3247    .ARM.Collect$$_printf_percent$$00000002  c_w.l(_printf_p.o)
    0x080001b0   0x080001b0   0x00000006   Code   RO         3251    .ARM.Collect$$_printf_percent$$00000003  c_w.l(_printf_f.o)
    0x080001b6   0x080001b6   0x00000006   Code   RO         3252    .ARM.Collect$$_printf_percent$$00000004  c_w.l(_printf_e.o)
    0x080001bc   0x080001bc   0x00000006   Code   RO         3253    .ARM.Collect$$_printf_percent$$00000005  c_w.l(_printf_g.o)
    0x080001c2   0x080001c2   0x00000006   Code   RO         3254    .ARM.Collect$$_printf_percent$$00000006  c_w.l(_printf_a.o)
    0x080001c8   0x080001c8   0x0000000a   Code   RO         3259    .ARM.Collect$$_printf_percent$$00000007  c_w.l(_printf_ll.o)
    0x080001d2   0x080001d2   0x00000006   Code   RO         3249    .ARM.Collect$$_printf_percent$$00000008  c_w.l(_printf_i.o)
    0x080001d8   0x080001d8   0x00000006   Code   RO         3127    .ARM.Collect$$_printf_percent$$00000009  c_w.l(_printf_d.o)
    0x080001de   0x080001de   0x00000006   Code   RO         3250    .ARM.Collect$$_printf_percent$$0000000A  c_w.l(_printf_u.o)
    0x080001e4   0x080001e4   0x00000006   Code   RO         3248    .ARM.Collect$$_printf_percent$$0000000B  c_w.l(_printf_o.o)
    0x080001ea   0x080001ea   0x00000006   Code   RO         3246    .ARM.Collect$$_printf_percent$$0000000C  c_w.l(_printf_x.o)
    0x080001f0   0x080001f0   0x00000006   Code   RO         3256    .ARM.Collect$$_printf_percent$$0000000D  c_w.l(_printf_lli.o)
    0x080001f6   0x080001f6   0x00000006   Code   RO         3257    .ARM.Collect$$_printf_percent$$0000000E  c_w.l(_printf_lld.o)
    0x080001fc   0x080001fc   0x00000006   Code   RO         3258    .ARM.Collect$$_printf_percent$$0000000F  c_w.l(_printf_llu.o)
    0x08000202   0x08000202   0x00000006   Code   RO         3263    .ARM.Collect$$_printf_percent$$00000010  c_w.l(_printf_llo.o)
    0x08000208   0x08000208   0x00000006   Code   RO         3264    .ARM.Collect$$_printf_percent$$00000011  c_w.l(_printf_llx.o)
    0x0800020e   0x0800020e   0x0000000a   Code   RO         3260    .ARM.Collect$$_printf_percent$$00000012  c_w.l(_printf_l.o)
    0x08000218   0x08000218   0x00000006   Code   RO         3243    .ARM.Collect$$_printf_percent$$00000013  c_w.l(_printf_c.o)
    0x0800021e   0x0800021e   0x00000006   Code   RO         3244    .ARM.Collect$$_printf_percent$$00000014  c_w.l(_printf_s.o)
    0x08000224   0x08000224   0x00000006   Code   RO         3261    .ARM.Collect$$_printf_percent$$00000015  c_w.l(_printf_lc.o)
    0x0800022a   0x0800022a   0x00000006   Code   RO         3262    .ARM.Collect$$_printf_percent$$00000016  c_w.l(_printf_ls.o)
    0x08000230   0x08000230   0x00000004   Code   RO         3255    .ARM.Collect$$_printf_percent$$00000017  c_w.l(_printf_percent_end.o)
    0x08000234   0x08000234   0x00000002   Code   RO         3458    .ARM.Collect$$libinit$$00000000  c_w.l(libinit.o)
    0x08000236   0x08000236   0x00000000   Code   RO         3278    .ARM.Collect$$libinit$$00000002  c_w.l(libinit2.o)
    0x08000236   0x08000236   0x00000000   Code   RO         3280    .ARM.Collect$$libinit$$00000004  c_w.l(libinit2.o)
    0x08000236   0x08000236   0x00000008   Code   RO         3281    .ARM.Collect$$libinit$$00000005  c_w.l(libinit2.o)
    0x0800023e   0x0800023e   0x00000000   Code   RO         3283    .ARM.Collect$$libinit$$0000000A  c_w.l(libinit2.o)
    0x0800023e   0x0800023e   0x00000000   Code   RO         3285    .ARM.Collect$$libinit$$0000000C  c_w.l(libinit2.o)
    0x0800023e   0x0800023e   0x00000000   Code   RO         3287    .ARM.Collect$$libinit$$0000000E  c_w.l(libinit2.o)
    0x0800023e   0x0800023e   0x00000006   Code   RO         3288    .ARM.Collect$$libinit$$0000000F  c_w.l(libinit2.o)
    0x08000244   0x08000244   0x00000000   Code   RO         3290    .ARM.Collect$$libinit$$00000011  c_w.l(libinit2.o)
    0x08000244   0x08000244   0x0000000c   Code   RO         3291    .ARM.Collect$$libinit$$00000012  c_w.l(libinit2.o)
    0x08000250   0x08000250   0x00000000   Code   RO         3292    .ARM.Collect$$libinit$$00000013  c_w.l(libinit2.o)
    0x08000250   0x08000250   0x00000000   Code   RO         3294    .ARM.Collect$$libinit$$00000015  c_w.l(libinit2.o)
    0x08000250   0x08000250   0x0000000a   Code   RO         3295    .ARM.Collect$$libinit$$00000016  c_w.l(libinit2.o)
    0x0800025a   0x0800025a   0x00000000   Code   RO         3296    .ARM.Collect$$libinit$$00000017  c_w.l(libinit2.o)
    0x0800025a   0x0800025a   0x00000000   Code   RO         3298    .ARM.Collect$$libinit$$00000019  c_w.l(libinit2.o)
    0x0800025a   0x0800025a   0x00000000   Code   RO         3300    .ARM.Collect$$libinit$$0000001B  c_w.l(libinit2.o)
    0x0800025a   0x0800025a   0x00000000   Code   RO         3302    .ARM.Collect$$libinit$$0000001D  c_w.l(libinit2.o)
    0x0800025a   0x0800025a   0x00000000   Code   RO         3304    .ARM.Collect$$libinit$$0000001F  c_w.l(libinit2.o)
    0x0800025a   0x0800025a   0x00000000   Code   RO         3306    .ARM.Collect$$libinit$$00000021  c_w.l(libinit2.o)
    0x0800025a   0x0800025a   0x00000000   Code   RO         3308    .ARM.Collect$$libinit$$00000023  c_w.l(libinit2.o)
    0x0800025a   0x0800025a   0x00000000   Code   RO         3310    .ARM.Collect$$libinit$$00000025  c_w.l(libinit2.o)
    0x0800025a   0x0800025a   0x00000000   Code   RO         3314    .ARM.Collect$$libinit$$0000002C  c_w.l(libinit2.o)
    0x0800025a   0x0800025a   0x00000000   Code   RO         3316    .ARM.Collect$$libinit$$0000002E  c_w.l(libinit2.o)
    0x0800025a   0x0800025a   0x00000000   Code   RO         3318    .ARM.Collect$$libinit$$00000030  c_w.l(libinit2.o)
    0x0800025a   0x0800025a   0x00000000   Code   RO         3320    .ARM.Collect$$libinit$$00000032  c_w.l(libinit2.o)
    0x0800025a   0x0800025a   0x00000002   Code   RO         3321    .ARM.Collect$$libinit$$00000033  c_w.l(libinit2.o)
    0x0800025c   0x0800025c   0x00000002   Code   RO         3525    .ARM.Collect$$libshutdown$$00000000  c_w.l(libshutdown.o)
    0x0800025e   0x0800025e   0x00000000   Code   RO         3481    .ARM.Collect$$libshutdown$$00000002  c_w.l(libshutdown2.o)
    0x0800025e   0x0800025e   0x00000000   Code   RO         3483    .ARM.Collect$$libshutdown$$00000004  c_w.l(libshutdown2.o)
    0x0800025e   0x0800025e   0x00000000   Code   RO         3486    .ARM.Collect$$libshutdown$$00000007  c_w.l(libshutdown2.o)
    0x0800025e   0x0800025e   0x00000000   Code   RO         3489    .ARM.Collect$$libshutdown$$0000000A  c_w.l(libshutdown2.o)
    0x0800025e   0x0800025e   0x00000000   Code   RO         3491    .ARM.Collect$$libshutdown$$0000000C  c_w.l(libshutdown2.o)
    0x0800025e   0x0800025e   0x00000000   Code   RO         3494    .ARM.Collect$$libshutdown$$0000000F  c_w.l(libshutdown2.o)
    0x0800025e   0x0800025e   0x00000002   Code   RO         3495    .ARM.Collect$$libshutdown$$00000010  c_w.l(libshutdown2.o)
    0x08000260   0x08000260   0x00000000   Code   RO         3171    .ARM.Collect$$rtentry$$00000000  c_w.l(__rtentry.o)
    0x08000260   0x08000260   0x00000000   Code   RO         3345    .ARM.Collect$$rtentry$$00000002  c_w.l(__rtentry2.o)
    0x08000260   0x08000260   0x00000006   Code   RO         3357    .ARM.Collect$$rtentry$$00000004  c_w.l(__rtentry4.o)
    0x08000266   0x08000266   0x00000000   Code   RO         3347    .ARM.Collect$$rtentry$$00000009  c_w.l(__rtentry2.o)
    0x08000266   0x08000266   0x00000004   Code   RO         3348    .ARM.Collect$$rtentry$$0000000A  c_w.l(__rtentry2.o)
    0x0800026a   0x0800026a   0x00000000   Code   RO         3350    .ARM.Collect$$rtentry$$0000000C  c_w.l(__rtentry2.o)
    0x0800026a   0x0800026a   0x00000008   Code   RO         3351    .ARM.Collect$$rtentry$$0000000D  c_w.l(__rtentry2.o)
    0x08000272   0x08000272   0x00000002   Code   RO         3465    .ARM.Collect$$rtexit$$00000000  c_w.l(rtexit.o)
    0x08000274   0x08000274   0x00000000   Code   RO         3499    .ARM.Collect$$rtexit$$00000002  c_w.l(rtexit2.o)
    0x08000274   0x08000274   0x00000004   Code   RO         3500    .ARM.Collect$$rtexit$$00000003  c_w.l(rtexit2.o)
    0x08000278   0x08000278   0x00000006   Code   RO         3501    .ARM.Collect$$rtexit$$00000004  c_w.l(rtexit2.o)
    0x0800027e   0x0800027e   0x00000002   PAD
    0x08000280   0x08000280   0x00000000   Code   RO         3361    .emb_text           c_w.l(maybetermalloc1.o)
    0x08000280   0x08000280   0x00000040   Code   RO         2200    .text               startup_stm32f10x_hd.o
    0x080002c0   0x080002c0   0x0000005e   Code   RO         3039    .text               c_w.l(h1_alloc.o)
    0x0800031e   0x0800031e   0x0000004e   Code   RO         3041    .text               c_w.l(h1_free.o)
    0x0800036c   0x0800036c   0x00000024   Code   RO         3097    .text               c_w.l(vsprintf.o)
    0x08000390   0x08000390   0x00000078   Code   RO         3105    .text               c_w.l(_printf_dec.o)
    0x08000408   0x08000408   0x00000188   Code   RO         3124    .text               c_w.l(__printf_flags_ss_wp.o)
    0x08000590   0x08000590   0x0000003e   Code   RO         3139    .text               c_w.l(strlen.o)
    0x080005ce   0x080005ce   0x00000044   Code   RO         3143    .text               c_w.l(rt_memclr.o)
    0x08000612   0x08000612   0x00000006   Code   RO         3145    .text               c_w.l(heapauxi.o)
    0x08000618   0x08000618   0x00000008   Code   RO         3175    .text               c_w.l(rt_heap_descriptor_intlibspace.o)
    0x08000620   0x08000620   0x00000004   Code   RO         3177    .text               c_w.l(hguard.o)
    0x08000624   0x08000624   0x0000008a   Code   RO         3179    .text               c_w.l(init_alloc.o)
    0x080006ae   0x080006ae   0x0000000e   Code   RO         3183    .text               c_w.l(h1_init.o)
    0x080006bc   0x080006bc   0x0000004e   Code   RO         3197    .text               c_w.l(_printf_pad.o)
    0x0800070a   0x0800070a   0x00000024   Code   RO         3199    .text               c_w.l(_printf_truncate.o)
    0x0800072e   0x0800072e   0x00000052   Code   RO         3201    .text               c_w.l(_printf_str.o)
    0x08000780   0x08000780   0x000000b2   Code   RO         3203    .text               c_w.l(_printf_intcommon.o)
    0x08000832   0x08000832   0x00000028   Code   RO         3205    .text               c_w.l(_printf_charcount.o)
    0x0800085a   0x0800085a   0x00000002   PAD
    0x0800085c   0x0800085c   0x00000030   Code   RO         3207    .text               c_w.l(_printf_char_common.o)
    0x0800088c   0x0800088c   0x0000000a   Code   RO         3209    .text               c_w.l(_sputc.o)
    0x08000896   0x08000896   0x00000002   PAD
    0x08000898   0x08000898   0x000000bc   Code   RO         3211    .text               c_w.l(_printf_wctomb.o)
    0x08000954   0x08000954   0x0000007c   Code   RO         3214    .text               c_w.l(_printf_longlong_dec.o)
    0x080009d0   0x080009d0   0x00000070   Code   RO         3220    .text               c_w.l(_printf_oct_int_ll.o)
    0x08000a40   0x08000a40   0x00000094   Code   RO         3240    .text               c_w.l(_printf_hex_int_ll_ptr.o)
    0x08000ad4   0x08000ad4   0x0000004e   Code   RO         3273    .text               c_w.l(rt_memclr_w.o)
    0x08000b22   0x08000b22   0x00000002   PAD
    0x08000b24   0x08000b24   0x00000008   Code   RO         3341    .text               c_w.l(libspace.o)
    0x08000b2c   0x08000b2c   0x00000034   Code   RO         3363    .text               c_w.l(h1_extend.o)
    0x08000b60   0x08000b60   0x0000008a   Code   RO         3367    .text               c_w.l(lludiv10.o)
    0x08000bea   0x08000bea   0x0000041e   Code   RO         3371    .text               c_w.l(_printf_fp_dec.o)
    0x08001008   0x08001008   0x000002fc   Code   RO         3373    .text               c_w.l(_printf_fp_hex.o)
    0x08001304   0x08001304   0x0000002c   Code   RO         3378    .text               c_w.l(_printf_char.o)
    0x08001330   0x08001330   0x0000002c   Code   RO         3380    .text               c_w.l(_printf_wchar.o)
    0x0800135c   0x0800135c   0x00000040   Code   RO         3384    .text               c_w.l(_wcrtomb.o)
    0x0800139c   0x0800139c   0x0000000e   Code   RO         3386    .text               c_w.l(defsig_rtmem_outer.o)
    0x080013aa   0x080013aa   0x00000002   Code   RO         3397    .text               c_w.l(use_no_semi.o)
    0x080013ac   0x080013ac   0x00000000   Code   RO         3399    .text               c_w.l(indicate_semi.o)
    0x080013ac   0x080013ac   0x0000004a   Code   RO         3400    .text               c_w.l(sys_stackheap_outer.o)
    0x080013f6   0x080013f6   0x00000002   PAD
    0x080013f8   0x080013f8   0x00000010   Code   RO         3402    .text               c_w.l(rt_ctype_table.o)
    0x08001408   0x08001408   0x00000008   Code   RO         3409    .text               c_w.l(rt_locale_intlibspace.o)
    0x08001410   0x08001410   0x00000080   Code   RO         3413    .text               c_w.l(_printf_fp_infnan.o)
    0x08001490   0x08001490   0x000000e4   Code   RO         3415    .text               c_w.l(bigflt0.o)
    0x08001574   0x08001574   0x00000012   Code   RO         3443    .text               c_w.l(exit.o)
    0x08001586   0x08001586   0x0000000a   Code   RO         3445    .text               c_w.l(defsig_exit.o)
    0x08001590   0x08001590   0x00000050   Code   RO         3447    .text               c_w.l(defsig_rtmem_inner.o)
    0x080015e0   0x080015e0   0x0000000c   Code   RO         3463    .text               c_w.l(sys_exit.o)
    0x080015ec   0x080015ec   0x00000032   Code   RO         3476    .text               c_w.l(defsig_general.o)
    0x0800161e   0x0800161e   0x00000002   PAD
    0x08001620   0x08001620   0x00000080   Code   RO         3478    .text               c_w.l(strcmpv7m.o)
    0x080016a0   0x080016a0   0x0000000e   Code   RO         3496    .text               c_w.l(sys_wrch.o)
    0x080016ae   0x080016ae   0x0000003e   Code   RO         3418    CL$$btod_d2e        c_w.l(btod.o)
    0x080016ec   0x080016ec   0x00000046   Code   RO         3420    CL$$btod_d2e_denorm_low  c_w.l(btod.o)
    0x08001732   0x08001732   0x00000060   Code   RO         3419    CL$$btod_d2e_norm_op1  c_w.l(btod.o)
    0x08001792   0x08001792   0x00000338   Code   RO         3428    CL$$btod_div_common  c_w.l(btod.o)
    0x08001aca   0x08001aca   0x000000dc   Code   RO         3425    CL$$btod_e2e        c_w.l(btod.o)
    0x08001ba6   0x08001ba6   0x0000002a   Code   RO         3422    CL$$btod_ediv       c_w.l(btod.o)
    0x08001bd0   0x08001bd0   0x0000002a   Code   RO         3421    CL$$btod_emul       c_w.l(btod.o)
    0x08001bfa   0x08001bfa   0x00000244   Code   RO         3427    CL$$btod_mult_common  c_w.l(btod.o)
    0x08001e3e   0x08001e3e   0x00000004   Code   RO           17    i.BusFault_Handler  stm32f10x_it.o
    0x08001e42   0x08001e42   0x00000002   PAD
    0x08001e44   0x08001e44   0x00000070   Code   RO         2591    i.DHT11_Check       dht11.o
    0x08001eb4   0x08001eb4   0x0000000c   Code   RO         2592    i.DHT11_DelayUs     dht11.o
    0x08001ec0   0x08001ec0   0x00000030   Code   RO         2593    i.DHT11_Exist       dht11.o
    0x08001ef0   0x08001ef0   0x0000000c   Code   RO         2594    i.DHT11_FreeBus     dht11.o
    0x08001efc   0x08001efc   0x000000cc   Code   RO         2595    i.DHT11_Get_TemperAndHumi  dht11.o
    0x08001fc8   0x08001fc8   0x00000018   Code   RO         2596    i.DHT11_IsBusReady  dht11.o
    0x08001fe0   0x08001fe0   0x00000064   Code   RO         2597    i.DHT11_Read_Byte   dht11.o
    0x08002044   0x08002044   0x00000058   Code   RO         2598    i.DHT11_Reset       dht11.o
    0x0800209c   0x0800209c   0x00000034   Code   RO         2803    i.DMA1_Channel6_IRQHandler  net_io.o
    0x080020d0   0x080020d0   0x0000001c   Code   RO          450    i.DMA_ClearFlag     stm32f10x_dma.o
    0x080020ec   0x080020ec   0x00000018   Code   RO          452    i.DMA_Cmd           stm32f10x_dma.o
    0x08002104   0x08002104   0x0000014c   Code   RO          453    i.DMA_DeInit        stm32f10x_dma.o
    0x08002250   0x08002250   0x00000008   Code   RO          454    i.DMA_GetCurrDataCounter  stm32f10x_dma.o
    0x08002258   0x08002258   0x0000002c   Code   RO          455    i.DMA_GetFlagStatus  stm32f10x_dma.o
    0x08002284   0x08002284   0x0000002c   Code   RO          456    i.DMA_GetITStatus   stm32f10x_dma.o
    0x080022b0   0x080022b0   0x00000012   Code   RO          457    i.DMA_ITConfig      stm32f10x_dma.o
    0x080022c2   0x080022c2   0x0000003c   Code   RO          458    i.DMA_Init          stm32f10x_dma.o
    0x080022fe   0x080022fe   0x00000004   Code   RO          459    i.DMA_SetCurrDataCounter  stm32f10x_dma.o
    0x08002302   0x08002302   0x00000002   Code   RO           18    i.DebugMon_Handler  stm32f10x_it.o
    0x08002304   0x08002304   0x00000040   Code   RO         2345    i.DelayUs           delay.o
    0x08002344   0x08002344   0x00000048   Code   RO         2346    i.DelayXms          delay.o
    0x0800238c   0x0800238c   0x00000038   Code   RO         2347    i.Delay_Init        delay.o
    0x080023c4   0x080023c4   0x0000000c   Code   RO          523    i.EXTI_ClearITPendingBit  stm32f10x_exti.o
    0x080023d0   0x080023d0   0x00000074   Code   RO         2855    i.FW_CreateTask     framework.o
    0x08002444   0x08002444   0x0000001c   Code   RO         2857    i.FW_Init           framework.o
    0x08002460   0x08002460   0x00000060   Code   RO         2858    i.FW_StartSchedule  framework.o
    0x080024c0   0x080024c0   0x00000040   Code   RO         2859    i.FW_TickHandler    framework.o
    0x08002500   0x08002500   0x00000116   Code   RO          582    i.GPIO_Init         stm32f10x_gpio.o
    0x08002616   0x08002616   0x00000004   Code   RO           19    i.HardFault_Handler  stm32f10x_it.o
    0x0800261a   0x0800261a   0x00000002   PAD
    0x0800261c   0x0800261c   0x00000090   Code   RO         2648    i.Hardware_Init     main.o
    0x080026ac   0x080026ac   0x00000074   Code   RO         2565    i.LED_Ctl           led.o
    0x08002720   0x08002720   0x00000050   Code   RO         2566    i.LED_Init          led.o
    0x08002770   0x08002770   0x00000032   Code   RO         2904    i.MAPPING_INSERT    tlsf.o
    0x080027a2   0x080027a2   0x00000054   Code   RO         2204    i.MCU_DMA_Init      mcu_dma.o
    0x080027f6   0x080027f6   0x0000001a   Code   RO         2205    i.MCU_DMA_ResetMemoryBaseAddr  mcu_dma.o
    0x08002810   0x08002810   0x0000004c   Code   RO         2228    i.MCU_GPIO_FindIndex  mcu_gpio.o
    0x0800285c   0x0800285c   0x0000008c   Code   RO         2229    i.MCU_GPIO_Init     mcu_gpio.o
    0x080028e8   0x080028e8   0x00000050   Code   RO         2232    i.MCU_GPIO_Output_Ctl  mcu_gpio.o
    0x08002938   0x08002938   0x00000022   Code   RO         2309    i.MCU_NVIC_Init     mcu_nvic.o
    0x0800295a   0x0800295a   0x00000002   PAD
    0x0800295c   0x0800295c   0x00000078   Code   RO         2282    i.MCU_RCC           mcu_rcc.o
    0x080029d4   0x080029d4   0x00000038   Code   RO         2324    i.MCU_TIMER_Base_Init  mcu_timer.o
    0x08002a0c   0x08002a0c   0x0000015c   Code   RO         2294    i.MCU_USART_Init    mcu_usart.o
    0x08002b68   0x08002b68   0x00000004   Code   RO           20    i.MemManage_Handler  stm32f10x_it.o
    0x08002b6c   0x08002b6c   0x0000000c   Code   RO         2720    i.NET_DEVICE_Delay  net_device.o
    0x08002b78   0x08002b78   0x00000054   Code   RO         2723    i.NET_DEVICE_IO_Init  net_device.o
    0x08002bcc   0x08002bcc   0x0000004c   Code   RO         2725    i.NET_DEVICE_PowerCtl  net_device.o
    0x08002c18   0x08002c18   0x00000054   Code   RO         2726    i.NET_DEVICE_Reset  net_device.o
    0x08002c6c   0x08002c6c   0x00000090   Code   RO         2804    i.NET_IO_AddTag2End  net_io.o
    0x08002cfc   0x08002cfc   0x00000020   Code   RO         2806    i.NET_IO_Init       net_io.o
    0x08002d1c   0x08002d1c   0x00000002   Code   RO           21    i.NMI_Handler       stm32f10x_it.o
    0x08002d1e   0x08002d1e   0x00000002   PAD
    0x08002d20   0x08002d20   0x00000070   Code   RO          192    i.NVIC_Init         misc.o
    0x08002d90   0x08002d90   0x00000014   Code   RO          193    i.NVIC_PriorityGroupConfig  misc.o
    0x08002da4   0x08002da4   0x00000020   Code   RO         1827    i.RCC_AHBPeriphClockCmd  stm32f10x_rcc.o
    0x08002dc4   0x08002dc4   0x00000020   Code   RO         1828    i.RCC_APB1PeriphClockCmd  stm32f10x_rcc.o
    0x08002de4   0x08002de4   0x00000020   Code   RO         1830    i.RCC_APB2PeriphClockCmd  stm32f10x_rcc.o
    0x08002e04   0x08002e04   0x000000d4   Code   RO         1838    i.RCC_GetClocksFreq  stm32f10x_rcc.o
    0x08002ed8   0x08002ed8   0x00000020   Code   RO         2512    i.RTCAlarm_IRQHandler  rtc.o
    0x08002ef8   0x08002ef8   0x00000010   Code   RO         2027    i.RTC_ClearITPendingBit  stm32f10x_rtc.o
    0x08002f08   0x08002f08   0x00000024   Code   RO         2033    i.RTC_GetITStatus   stm32f10x_rtc.o
    0x08002f2c   0x08002f2c   0x0000005c   Code   RO         2514    i.RTC_IRQHandler    rtc.o
    0x08002f88   0x08002f88   0x00000088   Code   RO         2649    i.SENSOR_Task       main.o
    0x08003010   0x08003010   0x00000002   Code   RO           22    i.SVC_Handler       stm32f10x_it.o
    0x08003012   0x08003012   0x00000008   Code   RO          158    i.SetSysClock       system_stm32f10x.o
    0x0800301a   0x0800301a   0x00000002   PAD
    0x0800301c   0x0800301c   0x000000e0   Code   RO          159    i.SetSysClockTo72   system_stm32f10x.o
    0x080030fc   0x080030fc   0x00000002   Code   RO           23    i.SysTick_Handler   stm32f10x_it.o
    0x080030fe   0x080030fe   0x00000002   PAD
    0x08003100   0x08003100   0x00000060   Code   RO          161    i.SystemInit        system_stm32f10x.o
    0x08003160   0x08003160   0x0000002c   Code   RO         2452    i.TIM1_UP_IRQHandler  hwtimer.o
    0x0800318c   0x0800318c   0x00000028   Code   RO         2453    i.TIM2_IRQHandler   hwtimer.o
    0x080031b4   0x080031b4   0x0000002c   Code   RO         2454    i.TIM3_IRQHandler   hwtimer.o
    0x080031e0   0x080031e0   0x0000002c   Code   RO         2455    i.TIM4_IRQHandler   hwtimer.o
    0x0800320c   0x0800320c   0x0000002c   Code   RO         2456    i.TIM5_IRQHandler   hwtimer.o
    0x08003238   0x08003238   0x0000002c   Code   RO         2860    i.TIM7_IRQHandler   framework.o
    0x08003264   0x08003264   0x0000002c   Code   RO         2457    i.TIM8_UP_IRQHandler  hwtimer.o
    0x08003290   0x08003290   0x00000006   Code   RO         1049    i.TIM_ClearITPendingBit  stm32f10x_tim.o
    0x08003296   0x08003296   0x00000018   Code   RO         1054    i.TIM_Cmd           stm32f10x_tim.o
    0x080032ae   0x080032ae   0x00000022   Code   RO         1075    i.TIM_GetITStatus   stm32f10x_tim.o
    0x080032d0   0x080032d0   0x00000012   Code   RO         1079    i.TIM_ITConfig      stm32f10x_tim.o
    0x080032e2   0x080032e2   0x00000002   PAD
    0x080032e4   0x080032e4   0x000000a4   Code   RO         1125    i.TIM_TimeBaseInit  stm32f10x_tim.o
    0x08003388   0x08003388   0x000000f4   Code   RO         2458    i.Timer_X_Init      hwtimer.o
    0x0800347c   0x0800347c   0x00000050   Code   RO         2376    i.USART1_IRQHandler  usart.o
    0x080034cc   0x080034cc   0x00000040   Code   RO         2809    i.USART2_IRQHandler  net_io.o
    0x0800350c   0x0800350c   0x00000012   Code   RO         1586    i.USART_ClearFlag   stm32f10x_usart.o
    0x0800351e   0x0800351e   0x00000018   Code   RO         1590    i.USART_Cmd         stm32f10x_usart.o
    0x08003536   0x08003536   0x00000012   Code   RO         1591    i.USART_DMACmd      stm32f10x_usart.o
    0x08003548   0x08003548   0x0000003c   Code   RO         2377    i.USART_FreeBus     usart.o
    0x08003584   0x08003584   0x0000001a   Code   RO         1593    i.USART_GetFlagStatus  stm32f10x_usart.o
    0x0800359e   0x0800359e   0x0000004a   Code   RO         1596    i.USART_ITConfig    stm32f10x_usart.o
    0x080035e8   0x080035e8   0x000000d8   Code   RO         1597    i.USART_Init        stm32f10x_usart.o
    0x080036c0   0x080036c0   0x00000058   Code   RO         2378    i.USART_IsBusReady  usart.o
    0x08003718   0x08003718   0x0000006c   Code   RO         2379    i.USARTx_ResetMemoryBaseAddr  usart.o
    0x08003784   0x08003784   0x00000004   Code   RO           24    i.UsageFault_Handler  stm32f10x_it.o
    0x08003788   0x08003788   0x000000c4   Code   RO         2380    i.Usart1_Init       usart.o
    0x0800384c   0x0800384c   0x000000cc   Code   RO         2381    i.Usart2_Init       usart.o
    0x08003918   0x08003918   0x00000098   Code   RO         2382    i.UsartPrintf       usart.o
    0x080039b0   0x080039b0   0x00000028   Code   RO         3461    i.__ARM_fpclassify  m_ws.l(fpclassify.o)
    0x080039d8   0x080039d8   0x0000000e   Code   RO         3117    i._is_digit         c_w.l(__printf_wp.o)
    0x080039e6   0x080039e6   0x0000001a   Code   RO         2908    i.clear_bit         tlsf.o
    0x08003a00   0x08003a00   0x00000216   Code   RO         2910    i.free_ex           tlsf.o
    0x08003c16   0x08003c16   0x00000002   PAD
    0x08003c18   0x08003c18   0x00000118   Code   RO         2913    i.init_memory_pool  tlsf.o
    0x08003d30   0x08003d30   0x00000044   Code   RO         2650    i.main              main.o
    0x08003d74   0x08003d74   0x00000038   Code   RO         2916    i.ms_bit            tlsf.o
    0x08003dac   0x08003dac   0x0000004e   Code   RO         2917    i.process_area      tlsf.o
    0x08003dfa   0x08003dfa   0x0000001a   Code   RO         2919    i.set_bit           tlsf.o
    0x08003e14   0x08003e14   0x0000002c   Code   RO         3441    locale$$code        c_w.l(lc_numeric_c.o)
    0x08003e40   0x08003e40   0x0000002c   Code   RO         3472    locale$$code        c_w.l(lc_ctype_c.o)
    0x08003e6c   0x08003e6c   0x00000062   Code   RO         3149    x$fpl$d2f           fz_ws.l(d2f.o)
    0x08003ece   0x08003ece   0x00000002   PAD
    0x08003ed0   0x08003ed0   0x00000150   Code   RO         3151    x$fpl$dadd          fz_ws.l(daddsub_clz.o)
    0x08004020   0x08004020   0x000002b0   Code   RO         3158    x$fpl$ddiv          fz_ws.l(ddiv.o)
    0x080042d0   0x080042d0   0x00000026   Code   RO         3161    x$fpl$dfltu         fz_ws.l(dflt_clz.o)
    0x080042f6   0x080042f6   0x0000009c   Code   RO         3322    x$fpl$dnaninf       fz_ws.l(dnaninf.o)
    0x08004392   0x08004392   0x0000000c   Code   RO         3324    x$fpl$dretinf       fz_ws.l(dretinf.o)
    0x0800439e   0x0800439e   0x00000002   PAD
    0x080043a0   0x080043a0   0x000001d4   Code   RO         3153    x$fpl$dsub          fz_ws.l(daddsub_clz.o)
    0x08004574   0x08004574   0x00000056   Code   RO         3167    x$fpl$f2d           fz_ws.l(f2d.o)
    0x080045ca   0x080045ca   0x0000008c   Code   RO         3326    x$fpl$fnaninf       fz_ws.l(fnaninf.o)
    0x08004656   0x08004656   0x0000000a   Code   RO         3328    x$fpl$fretinf       fz_ws.l(fretinf.o)
    0x08004660   0x08004660   0x00000004   Code   RO         3330    x$fpl$printf1       fz_ws.l(printf1.o)
    0x08004664   0x08004664   0x00000004   Code   RO         3332    x$fpl$printf2       fz_ws.l(printf2.o)
    0x08004668   0x08004668   0x00000000   Code   RO         3338    x$fpl$usenofp       fz_ws.l(usenofp.o)
    0x08004668   0x08004668   0x00000018   Data   RO         2567    .constdata          led.o
    0x08004680   0x08004680   0x0000000c   Data   RO         2599    .constdata          dht11.o
    0x0800468c   0x0800468c   0x00000018   Data   RO         2730    .constdata          net_device.o
    0x080046a4   0x080046a4   0x00000004   Data   RO         2811    .constdata          net_io.o
    0x080046a8   0x080046a8   0x00000400   Data   RO         2924    .constdata          tlsf.o
    0x08004aa8   0x08004aa8   0x00000011   Data   RO         3125    .constdata          c_w.l(__printf_flags_ss_wp.o)
    0x08004ab9   0x08004ab9   0x00000003   PAD
    0x08004abc   0x08004abc   0x00000008   Data   RO         3212    .constdata          c_w.l(_printf_wctomb.o)
    0x08004ac4   0x08004ac4   0x00000028   Data   RO         3241    .constdata          c_w.l(_printf_hex_int_ll_ptr.o)
    0x08004aec   0x08004aec   0x00000026   Data   RO         3374    .constdata          c_w.l(_printf_fp_hex.o)
    0x08004b12   0x08004b12   0x00000002   PAD
    0x08004b14   0x08004b14   0x00000094   Data   RO         3416    .constdata          c_w.l(bigflt0.o)
    0x08004ba8   0x08004ba8   0x0000000d   Data   RO         2568    .conststring        led.o
    0x08004bb5   0x08004bb5   0x00000003   PAD
    0x08004bb8   0x08004bb8   0x0000000f   Data   RO         2731    .conststring        net_device.o
    0x08004bc7   0x08004bc7   0x00000001   PAD
    0x08004bc8   0x08004bc8   0x00000020   Data   RO         3526    Region$$Table       anon$$obj.o
    0x08004be8   0x08004be8   0x0000001c   Data   RO         3440    locale$$data        c_w.l(lc_numeric_c.o)
    0x08004c04   0x08004c04   0x00000110   Data   RO         3471    locale$$data        c_w.l(lc_ctype_c.o)


    Execution Region RW_IRAM1 (Exec base: 0x20000000, Load base: 0x08004d14, Size: 0x00004988, Max: 0x00010000, ABSOLUTE)

    Exec Addr    Load Addr    Size         Type   Attr      Idx    E Section Name        Object

    0x20000000   0x08004d14   0x00000014   Data   RW         1858    .data               stm32f10x_rcc.o
    0x20000014   0x08004d28   0x00000004   Data   RW         2348    .data               delay.o
    0x20000018   0x08004d2c   0x00000003   Data   RW         2385    .data               usart.o
    0x2000001b   0x08004d2f   0x00000001   PAD
    0x2000001c   0x08004d30   0x00000004   Data   RW         2460    .data               hwtimer.o
    0x20000020   0x08004d34   0x00000002   Data   RW         2519    .data               rtc.o
    0x20000022   0x08004d36   0x00000002   Data   RW         2569    .data               led.o
    0x20000024   0x08004d38   0x00000015   Data   RW         2600    .data               dht11.o
    0x20000039   0x08004d4d   0x00000001   Data   RW         2652    .data               main.o
    0x2000003a   0x08004d4e   0x00000002   PAD
    0x2000003c   0x08004d50   0x00000029   Data   RW         2732    .data               net_device.o
    0x20000065   0x08004d79   0x00000003   PAD
    0x20000068   0x08004d7c   0x00000004   Data   RW         2925    .data               tlsf.o
    0x2000006c        -       0x000000a4   Zero   RW         2235    .bss                mcu_gpio.o
    0x20000110        -       0x000001fe   Zero   RW         2384    .bss                usart.o
    0x2000030e   0x08004d80   0x00000002   PAD
    0x20000310        -       0x00003c00   Zero   RW         2651    .bss                main.o
    0x20003f10        -       0x00000406   Zero   RW         2810    .bss                net_io.o
    0x20004316   0x08004d80   0x00000002   PAD
    0x20004318        -       0x00000010   Zero   RW         2861    .bss                framework.o
    0x20004328        -       0x00000060   Zero   RW         3342    .bss                c_w.l(libspace.o)
    0x20004388        -       0x00000200   Zero   RW         2198    HEAP                startup_stm32f10x_hd.o
    0x20004588        -       0x00000400   Zero   RW         2197    STACK               startup_stm32f10x_hd.o


==============================================================================

Image component sizes


      Code (inc. data)   RO Data    RW Data    ZI Data      Debug   Object Name

         0          0          0          0          0       4572   core_cm3.o
       192         18          0          4          0       1796   delay.o
       600         54         12         21          0       5900   dht11.o
       348         26          0          0         16       3007   framework.o
       504         86          0          4          0       4674   hwtimer.o
       196         16         37          2          0       2266   led.o
       348        140          0          1      15360       2961   main.o
       110          0          0          0          0       2193   mcu_dma.o
       296         14          0          0        164       3689   mcu_gpio.o
        34          0          0          0          0        764   mcu_nvic.o
       120          8          0          0          0        686   mcu_rcc.o
        56          0          0          0          0       1334   mcu_timer.o
       348         36          0          0          0       1593   mcu_usart.o
       132         22          0          0          0       1563   misc.o
       256         58         39         41          0       5141   net_device.o
       292         46          4          0       1030       2819   net_io.o
       124         10          0          2          0       1662   rtc.o
        64         26        304          0       1536        800   startup_stm32f10x_hd.o
       562         34          0          0          0       6685   stm32f10x_dma.o
        12          6          0          0          0        493   stm32f10x_exti.o
       278          0          0          0          0       2016   stm32f10x_gpio.o
        24          0          0          0          0     261421   stm32f10x_it.o
       308         38          0         20          0       4962   stm32f10x_rcc.o
        52          8          0          0          0       1038   stm32f10x_rtc.o
       246         42          0          0          0       3494   stm32f10x_tim.o
       376          6          0          0          0       5377   stm32f10x_usart.o
       328         28          0          0          0       1993   system_stm32f10x.o
      1050        120       1024          4          0       8273   tlsf.o
       888         98          0          3        510       6746   usart.o

    ----------------------------------------------------------------------
      8160        940       1456        108      18620     349918   Object Totals
         0          0         32          0          0          0   (incl. Generated)
        16          0          4          6          4          0   (incl. Padding)

    ----------------------------------------------------------------------

      Code (inc. data)   RO Data    RW Data    ZI Data      Debug   Library Member Name

         8          0          0          0          0         68   __main.o
       392          4         17          0          0         92   __printf_flags_ss_wp.o
        14          0          0          0          0         68   __printf_wp.o
         0          0          0          0          0          0   __rtentry.o
        12          0          0          0          0          0   __rtentry2.o
         6          0          0          0          0          0   __rtentry4.o
        52          8          0          0          0          0   __scatter.o
        26          0          0          0          0          0   __scatter_copy.o
        28          0          0          0          0          0   __scatter_zi.o
         6          0          0          0          0          0   _printf_a.o
         6          0          0          0          0          0   _printf_c.o
        44          0          0          0          0        108   _printf_char.o
        48          6          0          0          0         96   _printf_char_common.o
        40          0          0          0          0         68   _printf_charcount.o
         6          0          0          0          0          0   _printf_d.o
       120         16          0          0          0         92   _printf_dec.o
         6          0          0          0          0          0   _printf_e.o
         6          0          0          0          0          0   _printf_f.o
      1054          0          0          0          0        216   _printf_fp_dec.o
       764          8         38          0          0        100   _printf_fp_hex.o
       128         16          0          0          0         84   _printf_fp_infnan.o
         6          0          0          0          0          0   _printf_g.o
       148          4         40          0          0        160   _printf_hex_int_ll_ptr.o
         6          0          0          0          0          0   _printf_i.o
       178          0          0          0          0         88   _printf_intcommon.o
        10          0          0          0          0          0   _printf_l.o
         6          0          0          0          0          0   _printf_lc.o
        10          0          0          0          0          0   _printf_ll.o
         6          0          0          0          0          0   _printf_lld.o
         6          0          0          0          0          0   _printf_lli.o
         6          0          0          0          0          0   _printf_llo.o
         6          0          0          0          0          0   _printf_llu.o
         6          0          0          0          0          0   _printf_llx.o
       124         16          0          0          0         92   _printf_longlong_dec.o
         6          0          0          0          0          0   _printf_ls.o
         6          0          0          0          0          0   _printf_n.o
         6          0          0          0          0          0   _printf_o.o
       112         10          0          0          0        124   _printf_oct_int_ll.o
         6          0          0          0          0          0   _printf_p.o
        78          0          0          0          0        108   _printf_pad.o
         0          0          0          0          0          0   _printf_percent.o
         4          0          0          0          0          0   _printf_percent_end.o
         6          0          0          0          0          0   _printf_s.o
        82          0          0          0          0         80   _printf_str.o
        36          0          0          0          0         84   _printf_truncate.o
         6          0          0          0          0          0   _printf_u.o
        44          0          0          0          0        108   _printf_wchar.o
       188          6          8          0          0         92   _printf_wctomb.o
         6          0          0          0          0          0   _printf_x.o
        10          0          0          0          0         68   _sputc.o
        64          0          0          0          0         92   _wcrtomb.o
       228          4        148          0          0         96   bigflt0.o
      1936        128          0          0          0        672   btod.o
        10          0          0          0          0         68   defsig_exit.o
        50          0          0          0          0         88   defsig_general.o
        80         58          0          0          0         76   defsig_rtmem_inner.o
        14          0          0          0          0         80   defsig_rtmem_outer.o
        18          0          0          0          0         80   exit.o
        94          0          0          0          0         80   h1_alloc.o
        52          0          0          0          0         68   h1_extend.o
        78          0          0          0          0         80   h1_free.o
        14          0          0          0          0         84   h1_init.o
         6          0          0          0          0        152   heapauxi.o
         4          0          0          0          0        136   hguard.o
         0          0          0          0          0          0   indicate_semi.o
       138          0          0          0          0        168   init_alloc.o
        44         10        272          0          0         76   lc_ctype_c.o
        44         10         28          0          0         76   lc_numeric_c.o
         2          0          0          0          0          0   libinit.o
        38          0          0          0          0          0   libinit2.o
         2          0          0          0          0          0   libshutdown.o
         2          0          0          0          0          0   libshutdown2.o
         8          4          0          0         96         68   libspace.o
       138          0          0          0          0         80   lludiv10.o
         0          0          0          0          0          0   maybetermalloc1.o
        16          4          0          0          0         76   rt_ctype_table.o
         8          4          0          0          0         68   rt_heap_descriptor_intlibspace.o
         8          4          0          0          0         68   rt_locale_intlibspace.o
        68          0          0          0          0         68   rt_memclr.o
        78          0          0          0          0         80   rt_memclr_w.o
         2          0          0          0          0          0   rtexit.o
        10          0          0          0          0          0   rtexit2.o
       128          0          0          0          0         68   strcmpv7m.o
        62          0          0          0          0         76   strlen.o
        12          4          0          0          0         68   sys_exit.o
        74          0          0          0          0         80   sys_stackheap_outer.o
        14          0          0          0          0         76   sys_wrch.o
         2          0          0          0          0         68   use_no_semi.o
        36          4          0          0          0         76   vsprintf.o
        98          4          0          0          0         92   d2f.o
       804         16          0          0          0        272   daddsub_clz.o
       688        140          0          0          0        208   ddiv.o
        38          0          0          0          0         68   dflt_clz.o
       156          4          0          0          0         92   dnaninf.o
        12          0          0          0          0         68   dretinf.o
        86          4          0          0          0         84   f2d.o
       140          4          0          0          0         84   fnaninf.o
        10          0          0          0          0         68   fretinf.o
         4          0          0          0          0         68   printf1.o
         4          0          0          0          0         68   printf2.o
         0          0          0          0          0          0   usenofp.o
        40          0          0          0          0         68   fpclassify.o

    ----------------------------------------------------------------------
      9560        500        556          0         96       6428   Library Totals
        18          0          5          0          0          0   (incl. Padding)

    ----------------------------------------------------------------------

      Code (inc. data)   RO Data    RW Data    ZI Data      Debug   Library Name

      7462        328        551          0         96       5188   c_w.l
      2040        172          0          0          0       1172   fz_ws.l
        40          0          0          0          0         68   m_ws.l

    ----------------------------------------------------------------------
      9560        500        556          0         96       6428   Library Totals

    ----------------------------------------------------------------------

==============================================================================


      Code (inc. data)   RO Data    RW Data    ZI Data      Debug   

     17720       1440       2012        108      18716     347658   Grand Totals
     17720       1440       2012        108      18716     347658   ELF Image Totals
     17720       1440       2012        108          0          0   ROM Totals

==============================================================================

    Total RO  Size (Code + RO Data)                19732 (  19.27kB)
    Total RW  Size (RW Data + ZI Data)             18824 (  18.38kB)
    Total ROM Size (Code + RO Data + RW Data)      19840 (  19.38kB)

==============================================================================

