Component: ARM Compiler 5.06 update 6 (build 750) Tool: armlink [4d35ed]

==============================================================================

Section Cross References

    system_stm32f10x.o(i.SetSysClock) refers to system_stm32f10x.o(i.SetSysClockTo72) for SetSysClockTo72
    system_stm32f10x.o(i.SystemCoreClockUpdate) refers to system_stm32f10x.o(.data) for SystemCoreClock
    system_stm32f10x.o(i.SystemInit) refers to system_stm32f10x.o(i.SetSysClock) for SetSysClock
    stm32f10x_adc.o(i.ADC_DeInit) refers to stm32f10x_rcc.o(i.RCC_APB2PeriphResetCmd) for RCC_APB2PeriphResetCmd
    stm32f10x_gpio.o(i.GPIO_AFIODeInit) refers to stm32f10x_rcc.o(i.RCC_APB2PeriphResetCmd) for RCC_APB2PeriphResetCmd
    stm32f10x_gpio.o(i.GPIO_DeInit) refers to stm32f10x_rcc.o(i.RCC_APB2PeriphResetCmd) for RCC_APB2PeriphResetCmd
    stm32f10x_i2c.o(i.I2C_DeInit) refers to stm32f10x_rcc.o(i.RCC_APB1PeriphResetCmd) for RCC_APB1PeriphResetCmd
    stm32f10x_i2c.o(i.I2C_Init) refers to stm32f10x_rcc.o(i.RCC_GetClocksFreq) for RCC_GetClocksFreq
    stm32f10x_spi.o(i.I2S_Init) refers to stm32f10x_rcc.o(i.RCC_GetClocksFreq) for RCC_GetClocksFreq
    stm32f10x_spi.o(i.SPI_I2S_DeInit) refers to stm32f10x_rcc.o(i.RCC_APB2PeriphResetCmd) for RCC_APB2PeriphResetCmd
    stm32f10x_spi.o(i.SPI_I2S_DeInit) refers to stm32f10x_rcc.o(i.RCC_APB1PeriphResetCmd) for RCC_APB1PeriphResetCmd
    stm32f10x_tim.o(i.TIM_DeInit) refers to stm32f10x_rcc.o(i.RCC_APB2PeriphResetCmd) for RCC_APB2PeriphResetCmd
    stm32f10x_tim.o(i.TIM_DeInit) refers to stm32f10x_rcc.o(i.RCC_APB1PeriphResetCmd) for RCC_APB1PeriphResetCmd
    stm32f10x_tim.o(i.TIM_ETRClockMode1Config) refers to stm32f10x_tim.o(i.TIM_ETRConfig) for TIM_ETRConfig
    stm32f10x_tim.o(i.TIM_ETRClockMode2Config) refers to stm32f10x_tim.o(i.TIM_ETRConfig) for TIM_ETRConfig
    stm32f10x_tim.o(i.TIM_ICInit) refers to stm32f10x_tim.o(i.TI1_Config) for TI1_Config
    stm32f10x_tim.o(i.TIM_ICInit) refers to stm32f10x_tim.o(i.TIM_SetIC1Prescaler) for TIM_SetIC1Prescaler
    stm32f10x_tim.o(i.TIM_ICInit) refers to stm32f10x_tim.o(i.TI2_Config) for TI2_Config
    stm32f10x_tim.o(i.TIM_ICInit) refers to stm32f10x_tim.o(i.TIM_SetIC2Prescaler) for TIM_SetIC2Prescaler
    stm32f10x_tim.o(i.TIM_ICInit) refers to stm32f10x_tim.o(i.TI3_Config) for TI3_Config
    stm32f10x_tim.o(i.TIM_ICInit) refers to stm32f10x_tim.o(i.TIM_SetIC3Prescaler) for TIM_SetIC3Prescaler
    stm32f10x_tim.o(i.TIM_ICInit) refers to stm32f10x_tim.o(i.TI4_Config) for TI4_Config
    stm32f10x_tim.o(i.TIM_ICInit) refers to stm32f10x_tim.o(i.TIM_SetIC4Prescaler) for TIM_SetIC4Prescaler
    stm32f10x_tim.o(i.TIM_ITRxExternalClockConfig) refers to stm32f10x_tim.o(i.TIM_SelectInputTrigger) for TIM_SelectInputTrigger
    stm32f10x_tim.o(i.TIM_PWMIConfig) refers to stm32f10x_tim.o(i.TI1_Config) for TI1_Config
    stm32f10x_tim.o(i.TIM_PWMIConfig) refers to stm32f10x_tim.o(i.TIM_SetIC1Prescaler) for TIM_SetIC1Prescaler
    stm32f10x_tim.o(i.TIM_PWMIConfig) refers to stm32f10x_tim.o(i.TI2_Config) for TI2_Config
    stm32f10x_tim.o(i.TIM_PWMIConfig) refers to stm32f10x_tim.o(i.TIM_SetIC2Prescaler) for TIM_SetIC2Prescaler
    stm32f10x_tim.o(i.TIM_TIxExternalClockConfig) refers to stm32f10x_tim.o(i.TI2_Config) for TI2_Config
    stm32f10x_tim.o(i.TIM_TIxExternalClockConfig) refers to stm32f10x_tim.o(i.TI1_Config) for TI1_Config
    stm32f10x_tim.o(i.TIM_TIxExternalClockConfig) refers to stm32f10x_tim.o(i.TIM_SelectInputTrigger) for TIM_SelectInputTrigger
    stm32f10x_usart.o(i.USART_DeInit) refers to stm32f10x_rcc.o(i.RCC_APB2PeriphResetCmd) for RCC_APB2PeriphResetCmd
    stm32f10x_usart.o(i.USART_DeInit) refers to stm32f10x_rcc.o(i.RCC_APB1PeriphResetCmd) for RCC_APB1PeriphResetCmd
    stm32f10x_usart.o(i.USART_Init) refers to stm32f10x_rcc.o(i.RCC_GetClocksFreq) for RCC_GetClocksFreq
    stm32f10x_pwr.o(i.PWR_DeInit) refers to stm32f10x_rcc.o(i.RCC_APB1PeriphResetCmd) for RCC_APB1PeriphResetCmd
    stm32f10x_rcc.o(i.RCC_GetClocksFreq) refers to stm32f10x_rcc.o(.data) for APBAHBPrescTable
    stm32f10x_rcc.o(i.RCC_WaitForHSEStartUp) refers to stm32f10x_rcc.o(i.RCC_GetFlagStatus) for RCC_GetFlagStatus
    stm32f10x_rtc.o(i.RTC_SetAlarm) refers to stm32f10x_rtc.o(i.RTC_EnterConfigMode) for RTC_EnterConfigMode
    stm32f10x_rtc.o(i.RTC_SetAlarm) refers to stm32f10x_rtc.o(i.RTC_ExitConfigMode) for RTC_ExitConfigMode
    stm32f10x_rtc.o(i.RTC_SetCounter) refers to stm32f10x_rtc.o(i.RTC_EnterConfigMode) for RTC_EnterConfigMode
    stm32f10x_rtc.o(i.RTC_SetCounter) refers to stm32f10x_rtc.o(i.RTC_ExitConfigMode) for RTC_ExitConfigMode
    stm32f10x_rtc.o(i.RTC_SetPrescaler) refers to stm32f10x_rtc.o(i.RTC_EnterConfigMode) for RTC_EnterConfigMode
    stm32f10x_rtc.o(i.RTC_SetPrescaler) refers to stm32f10x_rtc.o(i.RTC_ExitConfigMode) for RTC_ExitConfigMode
    startup_stm32f10x_hd.o(STACK) refers (Special) to heapauxi.o(.text) for __use_two_region_memory
[...]
    .ARM.Collect$$_printf_percent$$00000017  0x08000230   Section        4  _printf_percent_end.o(.ARM.Collect$$_printf_percent$$00000017)
    .ARM.Collect$$libinit$$00000000          0x08000234   Section        2  libinit.o(.ARM.Collect$$libinit$$00000000)
    .ARM.Collect$$libinit$$00000002          0x08000236   Section        0  libinit2.o(.ARM.Collect$$libinit$$00000002)
    .ARM.Collect$$libinit$$00000004          0x08000236   Section        0  libinit2.o(.ARM.Collect$$libinit$$00000004)
    .ARM.Collect$$libinit$$0000000A          0x08000236   Section        0  libinit2.o(.ARM.Collect$$libinit$$0000000A)
    .ARM.Collect$$libinit$$0000000C          0x08000236   Section        0  libinit2.o(.ARM.Collect$$libinit$$0000000C)
    .ARM.Collect$$libinit$$0000000E          0x08000236   Section        0  libinit2.o(.ARM.Collect$$libinit$$0000000E)
    .ARM.Collect$$libinit$$0000000F          0x08000236   Section        6  libinit2.o(.ARM.Collect$$libinit$$0000000F)
    .ARM.Collect$$libinit$$00000011          0x0800023c   Section        0  libinit2.o(.ARM.Collect$$libinit$$00000011)
    .ARM.Collect$$libinit$$00000012          0x0800023c   Section       12  libinit2.o(.ARM.Collect$$libinit$$00000012)
    .ARM.Collect$$libinit$$00000013          0x08000248   Section        0  libinit2.o(.ARM.Collect$$libinit$$00000013)
    .ARM.Collect$$libinit$$00000015          0x08000248   Section        0  libinit2.o(.ARM.Collect$$libinit$$00000015)
    .ARM.Collect$$libinit$$00000016          0x08000248   Section       10  libinit2.o(.ARM.Collect$$libinit$$00000016)
    .ARM.Collect$$libinit$$00000017          0x08000252   Section        0  libinit2.o(.ARM.Collect$$libinit$$00000017)
    .ARM.Collect$$libinit$$00000019          0x08000252   Section        0  libinit2.o(.ARM.Collect$$libinit$$00000019)
    .ARM.Collect$$libinit$$0000001B          0x08000252   Section        0  libinit2.o(.ARM.Collect$$libinit$$0000001B)
    .ARM.Collect$$libinit$$0000001D          0x08000252   Section        0  libinit2.o(.ARM.Collect$$libinit$$0000001D)
    .ARM.Collect$$libinit$$0000001F          0x08000252   Section        0  libinit2.o(.ARM.Collect$$libinit$$0000001F)
    .ARM.Collect$$libinit$$00000021          0x08000252   Section        0  libinit2.o(.ARM.Collect$$libinit$$00000021)
    .ARM.Collect$$libinit$$00000023          0x08000252   Section        0  libinit2.o(.ARM.Collect$$libinit$$00000023)
    .ARM.Collect$$libinit$$00000025          0x08000252   Section        0  libinit2.o(.ARM.Collect$$libinit$$00000025)
    .ARM.Collect$$libinit$$0000002C          0x08000252   Section        0  libinit2.o(.ARM.Collect$$libinit$$0000002C)
    .ARM.Collect$$libinit$$0000002E          0x08000252   Section        0  libinit2.o(.ARM.Collect$$libinit$$0000002E)
    .ARM.Collect$$libinit$$00000030          0x08000252   Section        0  libinit2.o(.ARM.Collect$$libinit$$00000030)
    .ARM.Collect$$libinit$$00000032          0x08000252   Section        0  libinit2.o(.ARM.Collect$$libinit$$00000032)
    .ARM.Collect$$libinit$$00000033          0x08000252   Section        2  libinit2.o(.ARM.Collect$$libinit$$00000033)
    .ARM.Collect$$libshutdown$$00000000      0x08000254   Section        2  libshutdown.o(.ARM.Collect$$libshutdown$$00000000)
    .ARM.Collect$$libshutdown$$00000002      0x08000256   Section        0  libshutdown2.o(.ARM.Collect$$libshutdown$$00000002)
    .ARM.Collect$$libshutdown$$00000004      0x08000256   Section        0  libshutdown2.o(.ARM.Collect$$libshutdown$$00000004)
    .ARM.Collect$$libshutdown$$00000007      0x08000256   Section        0  libshutdown2.o(.ARM.Collect$$libshutdown$$00000007)
    .ARM.Collect$$libshutdown$$0000000A      0x08000256   Section        0  libshutdown2.o(.ARM.Collect$$libshutdown$$0000000A)
    .ARM.Collect$$libshutdown$$0000000C      0x08000256   Section        0  libshutdown2.o(.ARM.Collect$$libshutdown$$0000000C)
    .ARM.Collect$$libshutdown$$0000000F      0x08000256   Section        0  libshutdown2.o(.ARM.Collect$$libshutdown$$0000000F)
    .ARM.Collect$$libshutdown$$00000010      0x08000256   Section        2  libshutdown2.o(.ARM.Collect$$libshutdown$$00000010)
    .ARM.Collect$$rtentry$$00000000          0x08000258   Section        0  __rtentry.o(.ARM.Collect$$rtentry$$00000000)
    .ARM.Collect$$rtentry$$00000002          0x08000258   Section        0  __rtentry2.o(.ARM.Collect$$rtentry$$00000002)
    .ARM.Collect$$rtentry$$00000004          0x08000258   Section        6  __rtentry4.o(.ARM.Collect$$rtentry$$00000004)
    .ARM.Collect$$rtentry$$00000009          0x0800025e   Section        0  __rtentry2.o(.ARM.Collect$$rtentry$$00000009)
    .ARM.Collect$$rtentry$$0000000A          0x0800025e   Section        4  __rtentry2.o(.ARM.Collect$$rtentry$$0000000A)
    .ARM.Collect$$rtentry$$0000000C          0x08000262   Section        0  __rtentry2.o(.ARM.Collect$$rtentry$$0000000C)
    .ARM.Collect$$rtentry$$0000000D          0x08000262   Section        8  __rtentry2.o(.ARM.Collect$$rtentry$$0000000D)
    .ARM.Collect$$rtexit$$00000000           0x0800026a   Section        2  rtexit.o(.ARM.Collect$$rtexit$$00000000)
    .ARM.Collect$$rtexit$$00000002           0x0800026c   Section        0  rtexit2.o(.ARM.Collect$$rtexit$$00000002)
    .ARM.Collect$$rtexit$$00000003           0x0800026c   Section        4  rtexit2.o(.ARM.Collect$$rtexit$$00000003)
    .ARM.Collect$$rtexit$$00000004           0x08000270   Section        6  rtexit2.o(.ARM.Collect$$rtexit$$00000004)
    .text                                    0x08000278   Section       64  startup_stm32f10x_hd.o(.text)
    .text                                    0x080002b8   Section        0  vsprintf.o(.text)
    .text                                    0x080002dc   Section        0  strlen.o(.text)
    .text                                    0x0800031a   Section       68  rt_memclr.o(.text)
    .text                                    0x0800035e   Section        0  heapauxi.o(.text)
    .text                                    0x08000364   Section        0  _printf_pad.o(.text)
    .text                                    0x080003b2   Section        0  _printf_truncate.o(.text)
    .text                                    0x080003d6   Section        0  _printf_str.o(.text)
    .text                                    0x08000428   Section        0  _printf_dec.o(.text)
    .text                                    0x080004a0   Section        0  _printf_charcount.o(.text)
    .text                                    0x080004c8   Section        0  _printf_char_common.o(.text)
    _printf_input_char                       0x080004c9   Thumb Code    10  _printf_char_common.o(.text)
    .text                                    0x080004f8   Section        0  _sputc.o(.text)
    .text                                    0x08000504   Section        0  _printf_wctomb.o(.text)
    .text                                    0x080005c0   Section        0  _printf_longlong_dec.o(.text)
    .text                                    0x0800063c   Section        0  _printf_oct_int_ll.o(.text)
    _printf_longlong_oct_internal            0x0800063d   Thumb Code     0  _printf_oct_int_ll.o(.text)
    .text                                    0x080006ac   Section        0  _printf_hex_int_ll_ptr.o(.text)
    _printf_hex_common                       0x080006ad   Thumb Code     0  _printf_hex_int_ll_ptr.o(.text)
    .text                                    0x08000740   Section        0  __printf_flags_ss_wp.o(.text)
    .text                                    0x080008c8   Section       78  rt_memclr_w.o(.text)
    .text                                    0x08000916   Section      138  lludiv10.o(.text)
    .text                                    0x080009a0   Section        0  _printf_intcommon.o(.text)
    .text                                    0x08000a52   Section        0  _printf_fp_dec.o(.text)
    _fp_digits                               0x08000a55   Thumb Code   432  _printf_fp_dec.o(.text)
    .text                                    0x08000e70   Section        0  _printf_fp_hex.o(.text)
    .text                                    0x0800116c   Section        0  _printf_char.o(.text)
    .text                                    0x08001198   Section        0  _printf_wchar.o(.text)
    .text                                    0x080011c4   Section        0  _wcrtomb.o(.text)
    .text                                    0x08001204   Section       74  sys_stackheap_outer.o(.text)
    .text                                    0x08001250   Section       16  rt_ctype_table.o(.text)
    .text                                    0x08001260   Section        8  rt_locale_intlibspace.o(.text)
    .text                                    0x08001268   Section        0  _printf_fp_infnan.o(.text)
    .text                                    0x080012e8   Section        0  bigflt0.o(.text)
    .text                                    0x080013cc   Section        0  exit.o(.text)
    .text                                    0x080013e0   Section        8  libspace.o(.text)
    .text                                    0x080013e8   Section      128  strcmpv7m.o(.text)
    .text                                    0x08001468   Section        0  sys_exit.o(.text)
    .text                                    0x08001474   Section        2  use_no_semi.o(.text)
    .text                                    0x08001476   Section        0  indicate_semi.o(.text)
    CL$$btod_d2e                             0x08001476   Section       62  btod.o(CL$$btod_d2e)
    CL$$btod_d2e_denorm_low                  0x080014b4   Section       70  btod.o(CL$$btod_d2e_denorm_low)
    CL$$btod_d2e_norm_op1                    0x080014fa   Section       96  btod.o(CL$$btod_d2e_norm_op1)
    CL$$btod_div_common                      0x0800155a   Section      824  btod.o(CL$$btod_div_common)
    CL$$btod_e2e                             0x08001892   Section      220  btod.o(CL$$btod_e2e)
    CL$$btod_ediv                            0x0800196e   Section       42  btod.o(CL$$btod_ediv)
    CL$$btod_emul                            0x08001998   Section       42  btod.o(CL$$btod_emul)
    CL$$btod_mult_common                     0x080019c2   Section      580  btod.o(CL$$btod_mult_common)
    i.BusFault_Handler                       0x08001c06   Section        0  stm32f10x_it.o(i.BusFault_Handler)
    i.DHT11_Check                            0x08001c0c   Section        0  dht11.o(i.DHT11_Check)
    DHT11_Check                              0x08001c0d   Thumb Code   102  dht11.o(i.DHT11_Check)
    i.DHT11_DelayUs                          0x08001c7c   Section        0  dht11.o(i.DHT11_DelayUs)
    DHT11_DelayUs                            0x08001c7d   Thumb Code    12  dht11.o(i.DHT11_DelayUs)
    i.DHT11_Exist                            0x08001c88   Section        0  dht11.o(i.DHT11_Exist)
    i.DHT11_FreeBus                          0x08001cb8   Section        0  dht11.o(i.DHT11_FreeBus)
    i.DHT11_Get_TemperAndHumi                0x08001cc4   Section        0  dht11.o(i.DHT11_Get_TemperAndHumi)
    i.DHT11_IsBusReady                       0x08001d90   Section        0  dht11.o(i.DHT11_IsBusReady)
    i.DHT11_Read_Byte                        0x08001da8   Section        0  dht11.o(i.DHT11_Read_Byte)
    DHT11_Read_Byte                          0x08001da9   Thumb Code    94  dht11.o(i.DHT11_Read_Byte)
    i.DHT11_Reset                            0x08001e0c   Section        0  dht11.o(i.DHT11_Reset)
    DHT11_Reset                              0x08001e0d   Thumb Code    76  dht11.o(i.DHT11_Reset)
    i.DMA_ClearFlag                          0x08001e64   Section        0  stm32f10x_dma.o(i.DMA_ClearFlag)
    i.DMA_Cmd                                0x08001e80   Section        0  stm32f10x_dma.o(i.DMA_Cmd)
    i.DMA_DeInit                             0x08001e98   Section        0  stm32f10x_dma.o(i.DMA_DeInit)
    i.DMA_GetFlagStatus                      0x08001fe4   Section        0  stm32f10x_dma.o(i.DMA_GetFlagStatus)
    i.DMA_Init                               0x08002010   Section        0  stm32f10x_dma.o(i.DMA_Init)
    i.DebugMon_Handler                       0x0800204c   Section        0  stm32f10x_it.o(i.DebugMon_Handler)
    i.DelayUs                                0x08002050   Section        0  delay.o(i.DelayUs)
    i.DelayXms                               0x08002090   Section        0  delay.o(i.DelayXms)
    i.Delay_Init                             0x080020d8   Section        0  delay.o(i.Delay_Init)
    i.GPIO_Init                              0x08002110   Section        0  stm32f10x_gpio.o(i.GPIO_Init)
    i.HardFault_Handler                      0x08002226   Section        0  stm32f10x_it.o(i.HardFault_Handler)
    i.Hardware_Init                          0x0800222c   Section        0  main.o(i.Hardware_Init)
    i.LED_Ctl                                0x080022b0   Section        0  led.o(i.LED_Ctl)
    i.LED_Init                               0x08002324   Section        0  led.o(i.LED_Init)
    i.MCU_DMA_Init                           0x08002374   Section        0  mcu_dma.o(i.MCU_DMA_Init)
    i.MCU_DMA_ResetMemoryBaseAddr            0x080023c8   Section        0  mcu_dma.o(i.MCU_DMA_ResetMemoryBaseAddr)
    i.MCU_GPIO_FindIndex                     0x080023e4   Section        0  mcu_gpio.o(i.MCU_GPIO_FindIndex)
    i.MCU_GPIO_Init                          0x08002430   Section        0  mcu_gpio.o(i.MCU_GPIO_Init)
    i.MCU_GPIO_Output_Ctl                    0x080024bc   Section        0  mcu_gpio.o(i.MCU_GPIO_Output_Ctl)
    i.MCU_NVIC_Init                          0x0800250c   Section        0  mcu_nvic.o(i.MCU_NVIC_Init)
    i.MCU_RCC                                0x08002530   Section        0  mcu_rcc.o(i.MCU_RCC)
    i.MCU_USART_Init                         0x080025a8   Section        0  mcu_usart.o(i.MCU_USART_Init)
    i.MemManage_Handler                      0x08002704   Section        0  stm32f10x_it.o(i.MemManage_Handler)
    i.NMI_Handler                            0x08002708   Section        0  stm32f10x_it.o(i.NMI_Handler)
    i.NVIC_Init                              0x0800270c   Section        0  misc.o(i.NVIC_Init)
    i.NVIC_PriorityGroupConfig               0x0800277c   Section        0  misc.o(i.NVIC_PriorityGroupConfig)
    i.RCC_AHBPeriphClockCmd                  0x08002790   Section        0  stm32f10x_rcc.o(i.RCC_AHBPeriphClockCmd)
    i.RCC_APB1PeriphClockCmd                 0x080027b0   Section        0  stm32f10x_rcc.o(i.RCC_APB1PeriphClockCmd)
    i.RCC_APB2PeriphClockCmd                 0x080027d0   Section        0  stm32f10x_rcc.o(i.RCC_APB2PeriphClockCmd)
    i.RCC_GetClocksFreq                      0x080027f0   Section        0  stm32f10x_rcc.o(i.RCC_GetClocksFreq)
    i.SENSOR_Task                            0x080028c4   Section        0  main.o(i.SENSOR_Task)
    i.SVC_Handler                            0x08002934   Section        0  stm32f10x_it.o(i.SVC_Handler)
    i.SetSysClock                            0x08002936   Section        0  system_stm32f10x.o(i.SetSysClock)
    SetSysClock                              0x08002937   Thumb Code     8  system_stm32f10x.o(i.SetSysClock)
    i.SetSysClockTo72                        0x08002940   Section        0  system_stm32f10x.o(i.SetSysClockTo72)
    SetSysClockTo72                          0x08002941   Thumb Code   214  system_stm32f10x.o(i.SetSysClockTo72)
    i.SysTick_Handler                        0x08002a20   Section        0  stm32f10x_it.o(i.SysTick_Handler)
    i.SystemInit                             0x08002a24   Section        0  system_stm32f10x.o(i.SystemInit)
    i.USART1_IRQHandler                      0x08002a84   Section        0  usart.o(i.USART1_IRQHandler)
    i.USART_ClearFlag                        0x08002ad4   Section        0  stm32f10x_usart.o(i.USART_ClearFlag)
    i.USART_Cmd                              0x08002ae6   Section        0  stm32f10x_usart.o(i.USART_Cmd)
    i.USART_DMACmd                           0x08002afe   Section        0  stm32f10x_usart.o(i.USART_DMACmd)
    i.USART_FreeBus                          0x08002b10   Section        0  usart.o(i.USART_FreeBus)
    i.USART_GetFlagStatus                    0x08002b4c   Section        0  stm32f10x_usart.o(i.USART_GetFlagStatus)
    i.USART_ITConfig                         0x08002b66   Section        0  stm32f10x_usart.o(i.USART_ITConfig)
    i.USART_Init                             0x08002bb0   Section        0  stm32f10x_usart.o(i.USART_Init)
    i.USART_IsBusReady                       0x08002c88   Section        0  usart.o(i.USART_IsBusReady)
    i.USARTx_ResetMemoryBaseAddr             0x08002ce0   Section        0  usart.o(i.USARTx_ResetMemoryBaseAddr)
    i.UsageFault_Handler                     0x08002d4c   Section        0  stm32f10x_it.o(i.UsageFault_Handler)
    i.Usart1_Init                            0x08002d50   Section        0  usart.o(i.Usart1_Init)
    i.UsartPrintf                            0x08002e14   Section        0  usart.o(i.UsartPrintf)
    i.__ARM_fpclassify                       0x08002eac   Section        0  fpclassify.o(i.__ARM_fpclassify)
    i._is_digit                              0x08002ed4   Section        0  __printf_wp.o(i._is_digit)
    i.main                                   0x08002ee2   Section        0  main.o(i.main)
    locale$$code                             0x08002f00   Section       44  lc_numeric_c.o(locale$$code)
    locale$$code                             0x08002f2c   Section       44  lc_ctype_c.o(locale$$code)
    x$fpl$d2f                                0x08002f58   Section       98  d2f.o(x$fpl$d2f)
    x$fpl$dadd                               0x08002fbc   Section      336  daddsub_clz.o(x$fpl$dadd)
    _dadd1                                   0x08002fcd   Thumb Code     0  daddsub_clz.o(x$fpl$dadd)
    x$fpl$ddiv                               0x0800310c   Section      688  ddiv.o(x$fpl$ddiv)
    ddiv_entry                               0x08003113   Thumb Code     0  ddiv.o(x$fpl$ddiv)
    x$fpl$dfltu                              0x080033bc   Section       38  dflt_clz.o(x$fpl$dfltu)
    x$fpl$dnaninf                            0x080033e2   Section      156  dnaninf.o(x$fpl$dnaninf)
    x$fpl$dretinf                            0x0800347e   Section       12  dretinf.o(x$fpl$dretinf)
    x$fpl$dsub                               0x0800348c   Section      468  daddsub_clz.o(x$fpl$dsub)
    _dsub1                                   0x0800349d   Thumb Code     0  daddsub_clz.o(x$fpl$dsub)
    x$fpl$f2d                                0x08003660   Section       86  f2d.o(x$fpl$f2d)
    x$fpl$fnaninf                            0x080036b6   Section      140  fnaninf.o(x$fpl$fnaninf)
    x$fpl$fretinf                            0x08003742   Section       10  fretinf.o(x$fpl$fretinf)
    x$fpl$printf1                            0x0800374c   Section        4  printf1.o(x$fpl$printf1)
    x$fpl$printf2                            0x08003750   Section        4  printf2.o(x$fpl$printf2)
    .constdata                               0x08003754   Section       24  led.o(.constdata)
    x$fpl$usenofp                            0x08003754   Section        0  usenofp.o(x$fpl$usenofp)
    led_gpio_list                            0x08003754   Data          24  led.o(.constdata)
    .constdata                               0x0800376c   Section       12  dht11.o(.constdata)
    dht11_gpio_list                          0x0800376c   Data          12  dht11.o(.constdata)
    .constdata                               0x08003778   Section        8  _printf_wctomb.o(.constdata)
    initial_mbstate                          0x08003778   Data           8  _printf_wctomb.o(.constdata)
    .constdata                               0x08003780   Section       40  _printf_hex_int_ll_ptr.o(.constdata)
    uc_hextab                                0x08003780   Data          20  _printf_hex_int_ll_ptr.o(.constdata)
    lc_hextab                                0x08003794   Data          20  _printf_hex_int_ll_ptr.o(.constdata)
    .constdata                               0x080037a8   Section       17  __printf_flags_ss_wp.o(.constdata)
    maptable                                 0x080037a8   Data          17  __printf_flags_ss_wp.o(.constdata)
    .constdata                               0x080037b9   Section       38  _printf_fp_hex.o(.constdata)
    lc_hextab                                0x080037b9   Data          19  _printf_fp_hex.o(.constdata)
    uc_hextab                                0x080037cc   Data          19  _printf_fp_hex.o(.constdata)
    .constdata                               0x080037e0   Section      148  bigflt0.o(.constdata)
    tenpwrs_x                                0x080037e0   Data          60  bigflt0.o(.constdata)
    tenpwrs_i                                0x0800381c   Data          64  bigflt0.o(.constdata)
    .conststring                             0x08003874   Section       13  led.o(.conststring)
    locale$$data                             0x080038a4   Section       28  lc_numeric_c.o(locale$$data)
    __lcnum_c_name                           0x080038a8   Data           2  lc_numeric_c.o(locale$$data)
    __lcnum_c_start                          0x080038b0   Data           0  lc_numeric_c.o(locale$$data)
    __lcnum_c_point                          0x080038bc   Data           0  lc_numeric_c.o(locale$$data)
    __lcnum_c_thousands                      0x080038be   Data           0  lc_numeric_c.o(locale$$data)
    __lcnum_c_grouping                       0x080038bf   Data           0  lc_numeric_c.o(locale$$data)
    locale$$data                             0x080038c0   Section      272  lc_ctype_c.o(locale$$data)
    __lcnum_c_end                            0x080038c0   Data           0  lc_numeric_c.o(locale$$data)
    __lcctype_c_name                         0x080038c4   Data           2  lc_ctype_c.o(locale$$data)
    __lcctype_c_start                        0x080038cc   Data           0  lc_ctype_c.o(locale$$data)
    __lcctype_c_end                          0x080039d0   Data           0  lc_ctype_c.o(locale$$data)
    .data                                    0x20000000   Section       20  stm32f10x_rcc.o(.data)
    APBAHBPrescTable                         0x20000000   Data          16  stm32f10x_rcc.o(.data)
    ADCPrescTable                            0x20000010   Data           4  stm32f10x_rcc.o(.data)
    .data                                    0x20000014   Section        4  delay.o(.data)
    .data                                    0x20000018   Section        3  usart.o(.data)
    usart_busy                               0x20000018   Data           3  usart.o(.data)
    .data                                    0x2000001b   Section        2  led.o(.data)
    .data                                    0x20000020   Section       21  dht11.o(.data)
    dht11_busy                               0x20000034   Data           1  dht11.o(.data)
    .bss                                     0x20000038   Section      164  mcu_gpio.o(.bss)
    .bss                                     0x200000dc   Section      510  usart.o(.bss)
    .bss                                     0x200002dc   Section       96  libspace.o(.bss)
    HEAP                                     0x20000340   Section      512  startup_stm32f10x_hd.o(HEAP)
    Heap_Mem                                 0x20000340   Data         512  startup_stm32f10x_hd.o(HEAP)
    STACK                                    0x20000540   Section     1024  startup_stm32f10x_hd.o(STACK)
    Stack_Mem                                0x20000540   Data        1024  startup_stm32f10x_hd.o(STACK)
    __initial_sp                             0x20000940   Data           0  startup_stm32f10x_hd.o(STACK)

    Global Symbols

    Symbol Name                              Value     Ov Type        Size  Object(Section)

    BuildAttributes$$THM_ISAv4$P$D$K$B$S$PE$A:L22UL41UL21$X:L11$S22US41US21$IEEE1$IW$USESV6$~STKCKD$USESV7$~SHL$OTIME$ROPI$IEEEJ$EBA8$UX$STANDARDLIB$REQ8$PRES8$EABIv2 0x00000000   Number         0  anon$$obj.o ABSOLUTE
    __ARM_use_no_argv                        0x00000000   Number         0  main.o ABSOLUTE
    _printf_flags                            0x00000000   Number         0  printf_stubs.o ABSOLUTE
    _printf_return_value                     0x00000000   Number         0  printf_stubs.o ABSOLUTE
    _printf_sizespec                         0x00000000   Number         0  printf_stubs.o ABSOLUTE
    _printf_widthprec                        0x00000000   Number         0  printf_stubs.o ABSOLUTE
    __ARM_exceptions_init                     - Undefined Weak Reference
    __alloca_initialize                       - Undefined Weak Reference
    __arm_preinit_                            - Undefined Weak Reference
    __cpp_initialize__aeabi_                  - Undefined Weak Reference
    __cxa_finalize                            - Undefined Weak Reference
    __sigvec_lookup                           - Undefined Weak Reference
    _atexit_init                              - Undefined Weak Reference
    _call_atexit_fns                          - Undefined Weak Reference
    _clock_init                               - Undefined Weak Reference
    _fp_trap_init                             - Undefined Weak Reference
    _fp_trap_shutdown                         - Undefined Weak Reference
    _get_lc_collate                           - Undefined Weak Reference
    _get_lc_monetary                          - Undefined Weak Reference
    _get_lc_time                              - Undefined Weak Reference
    _getenv_init                              - Undefined Weak Reference
    _handle_redirection                       - Undefined Weak Reference
    _init_alloc                               - Undefined Weak Reference
    _init_user_alloc                          - Undefined Weak Reference
    _initio                                   - Undefined Weak Reference
    _printf_mbtowc                            - Undefined Weak Reference
    _printf_wc                                - Undefined Weak Reference
    _rand_init                                - Undefined Weak Reference
    _signal_finish                            - Undefined Weak Reference
    _signal_init                              - Undefined Weak Reference
    _terminate_alloc                          - Undefined Weak Reference
    _terminate_user_alloc                     - Undefined Weak Reference
    _terminateio                              - Undefined Weak Reference
    __Vectors_Size                           0x00000130   Number         0  startup_stm32f10x_hd.o ABSOLUTE
    __Vectors                                0x08000000   Data           4  startup_stm32f10x_hd.o(RESET)
    __Vectors_End                            0x08000130   Data           0  startup_stm32f10x_hd.o(RESET)
    __main                                   0x08000131   Thumb Code     8  __main.o(!!!main)
    __scatterload                            0x08000139   Thumb Code     0  __scatter.o(!!!scatter)
    __scatterload_rt2                        0x08000139   Thumb Code    44  __scatter.o(!!!scatter)
    __scatterload_rt2_thumb_only             0x08000139   Thumb Code     0  __scatter.o(!!!scatter)
    __scatterload_null                       0x08000147   Thumb Code     0  __scatter.o(!!!scatter)
    __scatterload_copy                       0x0800016d   Thumb Code    26  __scatter_copy.o(!!handler_copy)
    __scatterload_zeroinit                   0x08000189   Thumb Code    28  __scatter_zi.o(!!handler_zi)
    _printf_n                                0x080001a5   Thumb Code     0  _printf_n.o(.ARM.Collect$$_printf_percent$$00000001)
    _printf_percent                          0x080001a5   Thumb Code     0  _printf_percent.o(.ARM.Collect$$_printf_percent$$00000000)
    _printf_p                                0x080001ab   Thumb Code     0  _printf_p.o(.ARM.Collect$$_printf_percent$$00000002)
    _printf_f                                0x080001b1   Thumb Code     0  _printf_f.o(.ARM.Collect$$_printf_percent$$00000003)
    _printf_e                                0x080001b7   Thumb Code     0  _printf_e.o(.ARM.Collect$$_printf_percent$$00000004)
    _printf_g                                0x080001bd   Thumb Code     0  _printf_g.o(.ARM.Collect$$_printf_percent$$00000005)
    _printf_a                                0x080001c3   Thumb Code     0  _printf_a.o(.ARM.Collect$$_printf_percent$$00000006)
    _printf_ll                               0x080001c9   Thumb Code     0  _printf_ll.o(.ARM.Collect$$_printf_percent$$00000007)
    _printf_i                                0x080001d3   Thumb Code     0  _printf_i.o(.ARM.Collect$$_printf_percent$$00000008)
    _printf_d                                0x080001d9   Thumb Code     0  _printf_d.o(.ARM.Collect$$_printf_percent$$00000009)
    _printf_u                                0x080001df   Thumb Code     0  _printf_u.o(.ARM.Collect$$_printf_percent$$0000000A)
    _printf_o                                0x080001e5   Thumb Code     0  _printf_o.o(.ARM.Collect$$_printf_percent$$0000000B)
    _printf_x                                0x080001eb   Thumb Code     0  _printf_x.o(.ARM.Collect$$_printf_percent$$0000000C)
    _printf_lli                              0x080001f1   Thumb Code     0  _printf_lli.o(.ARM.Collect$$_printf_percent$$0000000D)
    _printf_lld                              0x080001f7   Thumb Code     0  _printf_lld.o(.ARM.Collect$$_printf_percent$$0000000E)
    _printf_llu                              0x080001fd   Thumb Code     0  _printf_llu.o(.ARM.Collect$$_printf_percent$$0000000F)
    _printf_llo                              0x08000203   Thumb Code     0  _printf_llo.o(.ARM.Collect$$_printf_percent$$00000010)
    _printf_llx                              0x08000209   Thumb Code     0  _printf_llx.o(.ARM.Collect$$_printf_percent$$00000011)
    _printf_l                                0x0800020f   Thumb Code     0  _printf_l.o(.ARM.Collect$$_printf_percent$$00000012)
    _printf_c                                0x08000219   Thumb Code     0  _printf_c.o(.ARM.Collect$$_printf_percent$$00000013)
    _printf_s                                0x0800021f   Thumb Code     0  _printf_s.o(.ARM.Collect$$_printf_percent$$00000014)
    _printf_lc                               0x08000225   Thumb Code     0  _printf_lc.o(.ARM.Collect$$_printf_percent$$00000015)
    _printf_ls                               0x0800022b   Thumb Code     0  _printf_ls.o(.ARM.Collect$$_printf_percent$$00000016)
    _printf_percent_end                      0x08000231   Thumb Code     0  _printf_percent_end.o(.ARM.Collect$$_printf_percent$$00000017)
    __rt_lib_init                            0x08000235   Thumb Code     0  libinit.o(.ARM.Collect$$libinit$$00000000)
    __rt_lib_init_fp_1                       0x08000237   Thumb Code     0  libinit2.o(.ARM.Collect$$libinit$$00000002)
    __rt_lib_init_heap_1                     0x08000237   Thumb Code     0  libinit2.o(.ARM.Collect$$libinit$$0000000A)
    __rt_lib_init_lc_common                  0x08000237   Thumb Code     0  libinit2.o(.ARM.Collect$$libinit$$0000000F)
    __rt_lib_init_preinit_1                  0x08000237   Thumb Code     0  libinit2.o(.ARM.Collect$$libinit$$00000004)
    __rt_lib_init_rand_1                     0x08000237   Thumb Code     0  libinit2.o(.ARM.Collect$$libinit$$0000000E)
    __rt_lib_init_user_alloc_1               0x08000237   Thumb Code     0  libinit2.o(.ARM.Collect$$libinit$$0000000C)
    __rt_lib_init_lc_collate_1               0x0800023d   Thumb Code     0  libinit2.o(.ARM.Collect$$libinit$$00000011)
    __rt_lib_init_lc_ctype_2                 0x0800023d   Thumb Code     0  libinit2.o(.ARM.Collect$$libinit$$00000012)
    __rt_lib_init_lc_ctype_1                 0x08000249   Thumb Code     0  libinit2.o(.ARM.Collect$$libinit$$00000013)
    __rt_lib_init_lc_monetary_1              0x08000249   Thumb Code     0  libinit2.o(.ARM.Collect$$libinit$$00000015)
    __rt_lib_init_lc_numeric_2               0x08000249   Thumb Code     0  libinit2.o(.ARM.Collect$$libinit$$00000016)
    __rt_lib_init_alloca_1                   0x08000253   Thumb Code     0  libinit2.o(.ARM.Collect$$libinit$$0000002E)
    __rt_lib_init_argv_1                     0x08000253   Thumb Code     0  libinit2.o(.ARM.Collect$$libinit$$0000002C)
    __rt_lib_init_atexit_1                   0x08000253   Thumb Code     0  libinit2.o(.ARM.Collect$$libinit$$0000001B)
    __rt_lib_init_clock_1                    0x08000253   Thumb Code     0  libinit2.o(.ARM.Collect$$libinit$$00000021)
    __rt_lib_init_cpp_1                      0x08000253   Thumb Code     0  libinit2.o(.ARM.Collect$$libinit$$00000032)
    __rt_lib_init_exceptions_1               0x08000253   Thumb Code     0  libinit2.o(.ARM.Collect$$libinit$$00000030)
    __rt_lib_init_fp_trap_1                  0x08000253   Thumb Code     0  libinit2.o(.ARM.Collect$$libinit$$0000001F)
    __rt_lib_init_getenv_1                   0x08000253   Thumb Code     0  libinit2.o(.ARM.Collect$$libinit$$00000023)
    __rt_lib_init_lc_numeric_1               0x08000253   Thumb Code     0  libinit2.o(.ARM.Collect$$libinit$$00000017)
    __rt_lib_init_lc_time_1                  0x08000253   Thumb Code     0  libinit2.o(.ARM.Collect$$libinit$$00000019)
    __rt_lib_init_return                     0x08000253   Thumb Code     0  libinit2.o(.ARM.Collect$$libinit$$00000033)
    __rt_lib_init_signal_1                   0x08000253   Thumb Code     0  libinit2.o(.ARM.Collect$$libinit$$0000001D)
    __rt_lib_init_stdio_1                    0x08000253   Thumb Code     0  libinit2.o(.ARM.Collect$$libinit$$00000025)
    __rt_lib_shutdown                        0x08000255   Thumb Code     0  libshutdown.o(.ARM.Collect$$libshutdown$$00000000)
    __rt_lib_shutdown_cpp_1                  0x08000257   Thumb Code     0  libshutdown2.o(.ARM.Collect$$libshutdown$$00000002)
    __rt_lib_shutdown_fp_trap_1              0x08000257   Thumb Code     0  libshutdown2.o(.ARM.Collect$$libshutdown$$00000007)
    __rt_lib_shutdown_heap_1                 0x08000257   Thumb Code     0  libshutdown2.o(.ARM.Collect$$libshutdown$$0000000F)
    __rt_lib_shutdown_return                 0x08000257   Thumb Code     0  libshutdown2.o(.ARM.Collect$$libshutdown$$00000010)
    __rt_lib_shutdown_signal_1               0x08000257   Thumb Code     0  libshutdown2.o(.ARM.Collect$$libshutdown$$0000000A)
    __rt_lib_shutdown_stdio_1                0x08000257   Thumb Code     0  libshutdown2.o(.ARM.Collect$$libshutdown$$00000004)
    __rt_lib_shutdown_user_alloc_1           0x08000257   Thumb Code     0  libshutdown2.o(.ARM.Collect$$libshutdown$$0000000C)
    __rt_entry                               0x08000259   Thumb Code     0  __rtentry.o(.ARM.Collect$$rtentry$$00000000)
    __rt_entry_presh_1                       0x08000259   Thumb Code     0  __rtentry2.o(.ARM.Collect$$rtentry$$00000002)
    __rt_entry_sh                            0x08000259   Thumb Code     0  __rtentry4.o(.ARM.Collect$$rtentry$$00000004)
    __rt_entry_li                            0x0800025f   Thumb Code     0  __rtentry2.o(.ARM.Collect$$rtentry$$0000000A)
    __rt_entry_postsh_1                      0x0800025f   Thumb Code     0  __rtentry2.o(.ARM.Collect$$rtentry$$00000009)
    __rt_entry_main                          0x08000263   Thumb Code     0  __rtentry2.o(.ARM.Collect$$rtentry$$0000000D)
    __rt_entry_postli_1                      0x08000263   Thumb Code     0  __rtentry2.o(.ARM.Collect$$rtentry$$0000000C)
    __rt_exit                                0x0800026b   Thumb Code     0  rtexit.o(.ARM.Collect$$rtexit$$00000000)
    __rt_exit_ls                             0x0800026d   Thumb Code     0  rtexit2.o(.ARM.Collect$$rtexit$$00000003)
    __rt_exit_prels_1                        0x0800026d   Thumb Code     0  rtexit2.o(.ARM.Collect$$rtexit$$00000002)
    __rt_exit_exit                           0x08000271   Thumb Code     0  rtexit2.o(.ARM.Collect$$rtexit$$00000004)
    Reset_Handler                            0x08000279   Thumb Code     8  startup_stm32f10x_hd.o(.text)
    PendSV_Handler                           0x0800028f   Thumb Code     2  startup_stm32f10x_hd.o(.text)
    ADC1_2_IRQHandler                        0x08000293   Thumb Code     0  startup_stm32f10x_hd.o(.text)
    ADC3_IRQHandler                          0x08000293   Thumb Code     0  startup_stm32f10x_hd.o(.text)
    CAN1_RX1_IRQHandler                      0x08000293   Thumb Code     0  startup_stm32f10x_hd.o(.text)
    CAN1_SCE_IRQHandler                      0x08000293   Thumb Code     0  startup_stm32f10x_hd.o(.text)
    DMA1_Channel1_IRQHandler                 0x08000293   Thumb Code     0  startup_stm32f10x_hd.o(.text)
    DMA1_Channel2_IRQHandler                 0x08000293   Thumb Code     0  startup_stm32f10x_hd.o(.text)
    DMA1_Channel3_IRQHandler                 0x08000293   Thumb Code     0  startup_stm32f10x_hd.o(.text)
    DMA1_Channel4_IRQHandler                 0x08000293   Thumb Code     0  startup_stm32f10x_hd.o(.text)
    DMA1_Channel5_IRQHandler                 0x08000293   Thumb Code     0  startup_stm32f10x_hd.o(.text)
    DMA1_Channel6_IRQHandler                 0x08000293   Thumb Code     0  startup_stm32f10x_hd.o(.text)
    DMA1_Channel7_IRQHandler                 0x08000293   Thumb Code     0  startup_stm32f10x_hd.o(.text)
    DMA2_Channel1_IRQHandler                 0x08000293   Thumb Code     0  startup_stm32f10x_hd.o(.text)
    DMA2_Channel2_IRQHandler                 0x08000293   Thumb Code     0  startup_stm32f10x_hd.o(.text)
    DMA2_Channel3_IRQHandler                 0x08000293   Thumb Code     0  startup_stm32f10x_hd.o(.text)
    DMA2_Channel4_5_IRQHandler               0x08000293   Thumb Code     0  startup_stm32f10x_hd.o(.text)
    EXTI0_IRQHandler                         0x08000293   Thumb Code     0  startup_stm32f10x_hd.o(.text)
    EXTI15_10_IRQHandler                     0x08000293   Thumb Code     0  startup_stm32f10x_hd.o(.text)
    EXTI1_IRQHandler                         0x08000293   Thumb Code     0  startup_stm32f10x_hd.o(.text)
    EXTI2_IRQHandler                         0x08000293   Thumb Code     0  startup_stm32f10x_hd.o(.text)
    EXTI3_IRQHandler                         0x08000293   Thumb Code     0  startup_stm32f10x_hd.o(.text)
    EXTI4_IRQHandler                         0x08000293   Thumb Code     0  startup_stm32f10x_hd.o(.text)
    EXTI9_5_IRQHandler                       0x08000293   Thumb Code     0  startup_stm32f10x_hd.o(.text)
    FLASH_IRQHandler                         0x08000293   Thumb Code     0  startup_stm32f10x_hd.o(.text)
    FSMC_IRQHandler                          0x08000293   Thumb Code     0  startup_stm32f10x_hd.o(.text)
    I2C1_ER_IRQHandler                       0x08000293   Thumb Code     0  startup_stm32f10x_hd.o(.text)
    I2C1_EV_IRQHandler                       0x08000293   Thumb Code     0  startup_stm32f10x_hd.o(.text)
    I2C2_ER_IRQHandler                       0x08000293   Thumb Code     0  startup_stm32f10x_hd.o(.text)
    I2C2_EV_IRQHandler                       0x08000293   Thumb Code     0  startup_stm32f10x_hd.o(.text)
    PVD_IRQHandler                           0x08000293   Thumb Code     0  startup_stm32f10x_hd.o(.text)
    RCC_IRQHandler                           0x08000293   Thumb Code     0  startup_stm32f10x_hd.o(.text)
    RTCAlarm_IRQHandler                      0x08000293   Thumb Code     0  startup_stm32f10x_hd.o(.text)
    RTC_IRQHandler                           0x08000293   Thumb Code     0  startup_stm32f10x_hd.o(.text)
    SDIO_IRQHandler                          0x08000293   Thumb Code     0  startup_stm32f10x_hd.o(.text)
    SPI1_IRQHandler                          0x08000293   Thumb Code     0  startup_stm32f10x_hd.o(.text)
    SPI2_IRQHandler                          0x08000293   Thumb Code     0  startup_stm32f10x_hd.o(.text)
    SPI3_IRQHandler                          0x08000293   Thumb Code     0  startup_stm32f10x_hd.o(.text)
    TAMPER_IRQHandler                        0x08000293   Thumb Code     0  startup_stm32f10x_hd.o(.text)
    TIM1_BRK_IRQHandler                      0x08000293   Thumb Code     0  startup_stm32f10x_hd.o(.text)
    TIM1_CC_IRQHandler                       0x08000293   Thumb Code     0  startup_stm32f10x_hd.o(.text)
    TIM1_TRG_COM_IRQHandler                  0x08000293   Thumb Code     0  startup_stm32f10x_hd.o(.text)
    TIM1_UP_IRQHandler                       0x08000293   Thumb Code     0  startup_stm32f10x_hd.o(.text)
    TIM2_IRQHandler                          0x08000293   Thumb Code     0  startup_stm32f10x_hd.o(.text)
    TIM3_IRQHandler                          0x08000293   Thumb Code     0  startup_stm32f10x_hd.o(.text)
    TIM4_IRQHandler                          0x08000293   Thumb Code     0  startup_stm32f10x_hd.o(.text)
    TIM5_IRQHandler                          0x08000293   Thumb Code     0  startup_stm32f10x_hd.o(.text)
    TIM6_IRQHandler                          0x08000293   Thumb Code     0  startup_stm32f10x_hd.o(.text)
    TIM7_IRQHandler                          0x08000293   Thumb Code     0  startup_stm32f10x_hd.o(.text)
    TIM8_BRK_IRQHandler                      0x08000293   Thumb Code     0  startup_stm32f10x_hd.o(.text)
    TIM8_CC_IRQHandler                       0x08000293   Thumb Code     0  startup_stm32f10x_hd.o(.text)
    TIM8_TRG_COM_IRQHandler                  0x08000293   Thumb Code     0  startup_stm32f10x_hd.o(.text)
    TIM8_UP_IRQHandler                       0x08000293   Thumb Code     0  startup_stm32f10x_hd.o(.text)
    UART4_IRQHandler                         0x08000293   Thumb Code     0  startup_stm32f10x_hd.o(.text)
    UART5_IRQHandler                         0x08000293   Thumb Code     0  startup_stm32f10x_hd.o(.text)
    USART2_IRQHandler                        0x08000293   Thumb Code     0  startup_stm32f10x_hd.o(.text)
    USART3_IRQHandler                        0x08000293   Thumb Code     0  startup_stm32f10x_hd.o(.text)
    USBWakeUp_IRQHandler                     0x08000293   Thumb Code     0  startup_stm32f10x_hd.o(.text)
    USB_HP_CAN1_TX_IRQHandler                0x08000293   Thumb Code     0  startup_stm32f10x_hd.o(.text)
    USB_LP_CAN1_RX0_IRQHandler               0x08000293   Thumb Code     0  startup_stm32f10x_hd.o(.text)
    WWDG_IRQHandler                          0x08000293   Thumb Code     0  startup_stm32f10x_hd.o(.text)
    __user_initial_stackheap                 0x08000295   Thumb Code     0  startup_stm32f10x_hd.o(.text)
    vsprintf                                 0x080002b9   Thumb Code    32  vsprintf.o(.text)
    strlen                                   0x080002dd   Thumb Code    62  strlen.o(.text)
    __aeabi_memclr                           0x0800031b   Thumb Code     0  rt_memclr.o(.text)
    __rt_memclr                              0x0800031b   Thumb Code    68  rt_memclr.o(.text)
    _memset                                  0x0800031f   Thumb Code     0  rt_memclr.o(.text)
    __use_two_region_memory                  0x0800035f   Thumb Code     2  heapauxi.o(.text)
    __rt_heap_escrow$2region                 0x08000361   Thumb Code     2  heapauxi.o(.text)
    __rt_heap_expand$2region                 0x08000363   Thumb Code     2  heapauxi.o(.text)
    _printf_pre_padding                      0x08000365   Thumb Code    44  _printf_pad.o(.text)
    _printf_post_padding                     0x08000391   Thumb Code    34  _printf_pad.o(.text)
    _printf_truncate_signed                  0x080003b3   Thumb Code    18  _printf_truncate.o(.text)
    _printf_truncate_unsigned                0x080003c5   Thumb Code    18  _printf_truncate.o(.text)
    _printf_str                              0x080003d7   Thumb Code    82  _printf_str.o(.text)
    _printf_int_dec                          0x08000429   Thumb Code   104  _printf_dec.o(.text)
    _printf_charcount                        0x080004a1   Thumb Code    40  _printf_charcount.o(.text)
    _printf_char_common                      0x080004d3   Thumb Code    32  _printf_char_common.o(.text)
    _sputc                                   0x080004f9   Thumb Code    10  _sputc.o(.text)
    _printf_wctomb                           0x08000505   Thumb Code   182  _printf_wctomb.o(.text)
    _printf_longlong_dec                     0x080005c1   Thumb Code   108  _printf_longlong_dec.o(.text)
    _printf_longlong_oct                     0x0800063d   Thumb Code    66  _printf_oct_int_ll.o(.text)
    _printf_int_oct                          0x0800067f   Thumb Code    24  _printf_oct_int_ll.o(.text)
    _printf_ll_oct                           0x08000697   Thumb Code    12  _printf_oct_int_ll.o(.text)
    _printf_longlong_hex                     0x080006ad   Thumb Code    86  _printf_hex_int_ll_ptr.o(.text)
    _printf_int_hex                          0x08000703   Thumb Code    28  _printf_hex_int_ll_ptr.o(.text)
    _printf_ll_hex                           0x0800071f   Thumb Code    12  _printf_hex_int_ll_ptr.o(.text)
    _printf_hex_ptr                          0x0800072b   Thumb Code    18  _printf_hex_int_ll_ptr.o(.text)
    __printf                                 0x08000741   Thumb Code   388  __printf_flags_ss_wp.o(.text)
    __aeabi_memclr4                          0x080008c9   Thumb Code     0  rt_memclr_w.o(.text)
    __aeabi_memclr8                          0x080008c9   Thumb Code     0  rt_memclr_w.o(.text)
    __rt_memclr_w                            0x080008c9   Thumb Code    78  rt_memclr_w.o(.text)
    _memset_w                                0x080008cd   Thumb Code     0  rt_memclr_w.o(.text)
    _ll_udiv10                               0x08000917   Thumb Code   138  lludiv10.o(.text)
    _printf_int_common                       0x080009a1   Thumb Code   178  _printf_intcommon.o(.text)
    __lib_sel_fp_printf                      0x08000a53   Thumb Code     2  _printf_fp_dec.o(.text)
    _printf_fp_dec_real                      0x08000c05   Thumb Code   620  _printf_fp_dec.o(.text)
    _printf_fp_hex_real                      0x08000e71   Thumb Code   756  _printf_fp_hex.o(.text)
    _printf_cs_common                        0x0800116d   Thumb Code    20  _printf_char.o(.text)
    _printf_char                             0x08001181   Thumb Code    16  _printf_char.o(.text)
    _printf_string                           0x08001191   Thumb Code     8  _printf_char.o(.text)
    _printf_lcs_common                       0x08001199   Thumb Code    20  _printf_wchar.o(.text)
    _printf_wchar                            0x080011ad   Thumb Code    16  _printf_wchar.o(.text)
    _printf_wstring                          0x080011bd   Thumb Code     8  _printf_wchar.o(.text)
    _wcrtomb                                 0x080011c5   Thumb Code    64  _wcrtomb.o(.text)
    __user_setup_stackheap                   0x08001205   Thumb Code    74  sys_stackheap_outer.o(.text)
    __rt_ctype_table                         0x08001251   Thumb Code    16  rt_ctype_table.o(.text)
    __rt_locale                              0x08001261   Thumb Code     8  rt_locale_intlibspace.o(.text)
    _printf_fp_infnan                        0x08001269   Thumb Code   112  _printf_fp_infnan.o(.text)
    _btod_etento                             0x080012e9   Thumb Code   224  bigflt0.o(.text)
    exit                                     0x080013cd   Thumb Code    18  exit.o(.text)
    __user_libspace                          0x080013e1   Thumb Code     8  libspace.o(.text)
    __user_perproc_libspace                  0x080013e1   Thumb Code     0  libspace.o(.text)
    __user_perthread_libspace                0x080013e1   Thumb Code     0  libspace.o(.text)
    strcmp                                   0x080013e9   Thumb Code   128  strcmpv7m.o(.text)
    _sys_exit                                0x08001469   Thumb Code     8  sys_exit.o(.text)
    __I$use$semihosting                      0x08001475   Thumb Code     0  use_no_semi.o(.text)
    __use_no_semihosting_swi                 0x08001475   Thumb Code     2  use_no_semi.o(.text)
    __semihosting_library_function           0x08001477   Thumb Code     0  indicate_semi.o(.text)
    _btod_d2e                                0x08001477   Thumb Code    62  btod.o(CL$$btod_d2e)
    _d2e_denorm_low                          0x080014b5   Thumb Code    70  btod.o(CL$$btod_d2e_denorm_low)
    _d2e_norm_op1                            0x080014fb   Thumb Code    96  btod.o(CL$$btod_d2e_norm_op1)
    __btod_div_common                        0x0800155b   Thumb Code   696  btod.o(CL$$btod_div_common)
    _e2e                                     0x08001893   Thumb Code   220  btod.o(CL$$btod_e2e)
    _btod_ediv                               0x0800196f   Thumb Code    42  btod.o(CL$$btod_ediv)
    _btod_emul                               0x08001999   Thumb Code    42  btod.o(CL$$btod_emul)
    __btod_mult_common                       0x080019c3   Thumb Code   580  btod.o(CL$$btod_mult_common)
    BusFault_Handler                         0x08001c07   Thumb Code     4  stm32f10x_it.o(i.BusFault_Handler)
    DHT11_Exist                              0x08001c89   Thumb Code    40  dht11.o(i.DHT11_Exist)
    DHT11_FreeBus                            0x08001cb9   Thumb Code     8  dht11.o(i.DHT11_FreeBus)
    DHT11_Get_TemperAndHumi                  0x08001cc5   Thumb Code   196  dht11.o(i.DHT11_Get_TemperAndHumi)
    DHT11_IsBusReady                         0x08001d91   Thumb Code    18  dht11.o(i.DHT11_IsBusReady)
    DMA_ClearFlag                            0x08001e65   Thumb Code    18  stm32f10x_dma.o(i.DMA_ClearFlag)
    DMA_Cmd                                  0x08001e81   Thumb Code    24  stm32f10x_dma.o(i.DMA_Cmd)
    DMA_DeInit                               0x08001e99   Thumb Code   324  stm32f10x_dma.o(i.DMA_DeInit)
    DMA_GetFlagStatus                        0x08001fe5   Thumb Code    36  stm32f10x_dma.o(i.DMA_GetFlagStatus)
    DMA_Init                                 0x08002011   Thumb Code    60  stm32f10x_dma.o(i.DMA_Init)
    DebugMon_Handler                         0x0800204d   Thumb Code     2  stm32f10x_it.o(i.DebugMon_Handler)
    DelayUs                                  0x08002051   Thumb Code    60  delay.o(i.DelayUs)
    DelayXms                                 0x08002091   Thumb Code    66  delay.o(i.DelayXms)
    Delay_Init                               0x080020d9   Thumb Code    48  delay.o(i.Delay_Init)
    GPIO_Init                                0x08002111   Thumb Code   278  stm32f10x_gpio.o(i.GPIO_Init)
    HardFault_Handler                        0x08002227   Thumb Code     4  stm32f10x_it.o(i.HardFault_Handler)
    Hardware_Init                            0x0800222d   Thumb Code    74  main.o(i.Hardware_Init)
    LED_Ctl                                  0x080022b1   Thumb Code   106  led.o(i.LED_Ctl)
    LED_Init                                 0x08002325   Thumb Code    74  led.o(i.LED_Init)
    MCU_DMA_Init                             0x08002375   Thumb Code    84  mcu_dma.o(i.MCU_DMA_Init)
    MCU_DMA_ResetMemoryBaseAddr              0x080023c9   Thumb Code    26  mcu_dma.o(i.MCU_DMA_ResetMemoryBaseAddr)
    MCU_GPIO_FindIndex                       0x080023e5   Thumb Code    70  mcu_gpio.o(i.MCU_GPIO_FindIndex)
    MCU_GPIO_Init                            0x08002431   Thumb Code   136  mcu_gpio.o(i.MCU_GPIO_Init)
    MCU_GPIO_Output_Ctl                      0x080024bd   Thumb Code    76  mcu_gpio.o(i.MCU_GPIO_Output_Ctl)
    MCU_NVIC_Init                            0x0800250d   Thumb Code    34  mcu_nvic.o(i.MCU_NVIC_Init)
    MCU_RCC                                  0x08002531   Thumb Code   112  mcu_rcc.o(i.MCU_RCC)
    MCU_USART_Init                           0x080025a9   Thumb Code   312  mcu_usart.o(i.MCU_USART_Init)
    MemManage_Handler                        0x08002705   Thumb Code     4  stm32f10x_it.o(i.MemManage_Handler)
    NMI_Handler                              0x08002709   Thumb Code     2  stm32f10x_it.o(i.NMI_Handler)
    NVIC_Init                                0x0800270d   Thumb Code   100  misc.o(i.NVIC_Init)
    NVIC_PriorityGroupConfig                 0x0800277d   Thumb Code    10  misc.o(i.NVIC_PriorityGroupConfig)
    RCC_AHBPeriphClockCmd                    0x08002791   Thumb Code    26  stm32f10x_rcc.o(i.RCC_AHBPeriphClockCmd)
    RCC_APB1PeriphClockCmd                   0x080027b1   Thumb Code    26  stm32f10x_rcc.o(i.RCC_APB1PeriphClockCmd)
    RCC_APB2PeriphClockCmd                   0x080027d1   Thumb Code    26  stm32f10x_rcc.o(i.RCC_APB2PeriphClockCmd)
    RCC_GetClocksFreq                        0x080027f1   Thumb Code   192  stm32f10x_rcc.o(i.RCC_GetClocksFreq)
    SENSOR_Task                              0x080028c5   Thumb Code    60  main.o(i.SENSOR_Task)
    SVC_Handler                              0x08002935   Thumb Code     2  stm32f10x_it.o(i.SVC_Handler)
    SysTick_Handler                          0x08002a21   Thumb Code     2  stm32f10x_it.o(i.SysTick_Handler)
    SystemInit                               0x08002a25   Thumb Code    78  system_stm32f10x.o(i.SystemInit)
    USART1_IRQHandler                        0x08002a85   Thumb Code    68  usart.o(i.USART1_IRQHandler)
    USART_ClearFlag                          0x08002ad5   Thumb Code    18  stm32f10x_usart.o(i.USART_ClearFlag)
    USART_Cmd                                0x08002ae7   Thumb Code    24  stm32f10x_usart.o(i.USART_Cmd)
    USART_DMACmd                             0x08002aff   Thumb Code    18  stm32f10x_usart.o(i.USART_DMACmd)
    USART_FreeBus                            0x08002b11   Thumb Code    42  usart.o(i.USART_FreeBus)
    USART_GetFlagStatus                      0x08002b4d   Thumb Code    26  stm32f10x_usart.o(i.USART_GetFlagStatus)
    USART_ITConfig                           0x08002b67   Thumb Code    74  stm32f10x_usart.o(i.USART_ITConfig)
    USART_Init                               0x08002bb1   Thumb Code   210  stm32f10x_usart.o(i.USART_Init)
    USART_IsBusReady                         0x08002c89   Thumb Code    70  usart.o(i.USART_IsBusReady)
    USARTx_ResetMemoryBaseAddr               0x08002ce1   Thumb Code    96  usart.o(i.USARTx_ResetMemoryBaseAddr)
    UsageFault_Handler                       0x08002d4d   Thumb Code     4  stm32f10x_it.o(i.UsageFault_Handler)
    Usart1_Init                              0x08002d51   Thumb Code   182  usart.o(i.Usart1_Init)
    UsartPrintf                              0x08002e15   Thumb Code   138  usart.o(i.UsartPrintf)
    __ARM_fpclassify                         0x08002ead   Thumb Code    40  fpclassify.o(i.__ARM_fpclassify)
    _is_digit                                0x08002ed5   Thumb Code    14  __printf_wp.o(i._is_digit)
    main                                     0x08002ee3   Thumb Code    28  main.o(i.main)
    _get_lc_numeric                          0x08002f01   Thumb Code    44  lc_numeric_c.o(locale$$code)
    _get_lc_ctype                            0x08002f2d   Thumb Code    44  lc_ctype_c.o(locale$$code)
    __aeabi_d2f                              0x08002f59   Thumb Code     0  d2f.o(x$fpl$d2f)
    _d2f                                     0x08002f59   Thumb Code    98  d2f.o(x$fpl$d2f)
    __aeabi_dadd                             0x08002fbd   Thumb Code     0  daddsub_clz.o(x$fpl$dadd)
    _dadd                                    0x08002fbd   Thumb Code   332  daddsub_clz.o(x$fpl$dadd)
    __aeabi_ddiv                             0x0800310d   Thumb Code     0  ddiv.o(x$fpl$ddiv)
    _ddiv                                    0x0800310d   Thumb Code   552  ddiv.o(x$fpl$ddiv)
    __aeabi_ui2d                             0x080033bd   Thumb Code     0  dflt_clz.o(x$fpl$dfltu)
    _dfltu                                   0x080033bd   Thumb Code    38  dflt_clz.o(x$fpl$dfltu)
    __fpl_dnaninf                            0x080033e3   Thumb Code   156  dnaninf.o(x$fpl$dnaninf)
    __fpl_dretinf                            0x0800347f   Thumb Code    12  dretinf.o(x$fpl$dretinf)
    __aeabi_dsub                             0x0800348d   Thumb Code     0  daddsub_clz.o(x$fpl$dsub)
    _dsub                                    0x0800348d   Thumb Code   464  daddsub_clz.o(x$fpl$dsub)
    __aeabi_f2d                              0x08003661   Thumb Code     0  f2d.o(x$fpl$f2d)
    _f2d                                     0x08003661   Thumb Code    86  f2d.o(x$fpl$f2d)
    __fpl_fnaninf                            0x080036b7   Thumb Code   140  fnaninf.o(x$fpl$fnaninf)
    __fpl_fretinf                            0x08003743   Thumb Code    10  fretinf.o(x$fpl$fretinf)
    _printf_fp_dec                           0x0800374d   Thumb Code     4  printf1.o(x$fpl$printf1)
    _printf_fp_hex                           0x08003751   Thumb Code     4  printf2.o(x$fpl$printf2)
    __I$use$fp                               0x08003754   Number         0  usenofp.o(x$fpl$usenofp)
    Region$$Table$$Base                      0x08003884   Number         0  anon$$obj.o(Region$$Table)
    Region$$Table$$Limit                     0x080038a4   Number         0  anon$$obj.o(Region$$Table)
    __ctype                                  0x080038cd   Data           0  lc_ctype_c.o(locale$$data)
    UsCount                                  0x20000014   Data           1  delay.o(.data)
    MsCount                                  0x20000016   Data           2  delay.o(.data)
    led_status                               0x2000001b   Data           2  led.o(.data)
    dht11_info                               0x20000020   Data          20  dht11.o(.data)
    gpio_device                              0x20000038   Data         164  mcu_gpio.o(.bss)
    alter_info                               0x200000dc   Data         254  usart.o(.bss)
    usart_printbuf                           0x200001da   Data         256  usart.o(.bss)
    __libspace_start                         0x200002dc   Data          96  libspace.o(.bss)
    __temporary_stack_top$libspace           0x2000033c   Data           0  libspace.o(.bss)



==============================================================================

Memory Map of the image

  Image Entry point : 0x08000131

  Load Region LR_IROM1 (Base: 0x08000000, Size: 0x00003a08, Max: 0x00080000, ABSOLUTE)

    Execution Region ER_IROM1 (Exec base: 0x08000000, Load base: 0x08000000, Size: 0x000039d0, Max: 0x00080000, ABSOLUTE)

    Exec Addr    Load Addr    Size         Type   Attr      Idx    E Section Name        Object

    0x08000000   0x08000000   0x00000130   Data   RO         2118    RESET               startup_stm32f10x_hd.o
    0x08000130   0x08000130   0x00000008   Code   RO         2630  * !!!main             c_w.l(__main.o)
    0x08000138   0x08000138   0x00000034   Code   RO         2983    !!!scatter          c_w.l(__scatter.o)
    0x0800016c   0x0800016c   0x0000001a   Code   RO         2985    !!handler_copy      c_w.l(__scatter_copy.o)
    0x08000186   0x08000186   0x00000002   PAD
    0x08000188   0x08000188   0x0000001c   Code   RO         2987    !!handler_zi        c_w.l(__scatter_zi.o)
    0x080001a4   0x080001a4   0x00000000   Code   RO         2734    .ARM.Collect$$_printf_percent$$00000000  c_w.l(_printf_percent.o)
    0x080001a4   0x080001a4   0x00000006   Code   RO         2723    .ARM.Collect$$_printf_percent$$00000001  c_w.l(_printf_n.o)
    0x080001aa   0x080001aa   0x00000006   Code   RO         2725    .ARM.Collect$$_printf_percent$$00000002  c_w.l(_printf_p.o)
    0x080001b0   0x080001b0   0x00000006   Code   RO         2730    .ARM.Collect$$_printf_percent$$00000003  c_w.l(_printf_f.o)
    0x080001b6   0x080001b6   0x00000006   Code   RO         2731    .ARM.Collect$$_printf_percent$$00000004  c_w.l(_printf_e.o)
    0x080001bc   0x080001bc   0x00000006   Code   RO         2732    .ARM.Collect$$_printf_percent$$00000005  c_w.l(_printf_g.o)
    0x080001c2   0x080001c2   0x00000006   Code   RO         2733    .ARM.Collect$$_printf_percent$$00000006  c_w.l(_printf_a.o)
    0x080001c8   0x080001c8   0x0000000a   Code   RO         2738    .ARM.Collect$$_printf_percent$$00000007  c_w.l(_printf_ll.o)
    0x080001d2   0x080001d2   0x00000006   Code   RO         2727    .ARM.Collect$$_printf_percent$$00000008  c_w.l(_printf_i.o)
    0x080001d8   0x080001d8   0x00000006   Code   RO         2728    .ARM.Collect$$_printf_percent$$00000009  c_w.l(_printf_d.o)
    0x080001de   0x080001de   0x00000006   Code   RO         2729    .ARM.Collect$$_printf_percent$$0000000A  c_w.l(_printf_u.o)
    0x080001e4   0x080001e4   0x00000006   Code   RO         2726    .ARM.Collect$$_printf_percent$$0000000B  c_w.l(_printf_o.o)
    0x080001ea   0x080001ea   0x00000006   Code   RO         2724    .ARM.Collect$$_printf_percent$$0000000C  c_w.l(_printf_x.o)
    0x080001f0   0x080001f0   0x00000006   Code   RO         2735    .ARM.Collect$$_printf_percent$$0000000D  c_w.l(_printf_lli.o)
    0x080001f6   0x080001f6   0x00000006   Code   RO         2736    .ARM.Collect$$_printf_percent$$0000000E  c_w.l(_printf_lld.o)
    0x080001fc   0x080001fc   0x00000006   Code   RO         2737    .ARM.Collect$$_printf_percent$$0000000F  c_w.l(_printf_llu.o)
    0x08000202   0x08000202   0x00000006   Code   RO         2742    .ARM.Collect$$_printf_percent$$00000010  c_w.l(_printf_llo.o)
    0x08000208   0x08000208   0x00000006   Code   RO         2743    .ARM.Collect$$_printf_percent$$00000011  c_w.l(_printf_llx.o)
    0x0800020e   0x0800020e   0x0000000a   Code   RO         2739    .ARM.Collect$$_printf_percent$$00000012  c_w.l(_printf_l.o)
    0x08000218   0x08000218   0x00000006   Code   RO         2721    .ARM.Collect$$_printf_percent$$00000013  c_w.l(_printf_c.o)
    0x0800021e   0x0800021e   0x00000006   Code   RO         2722    .ARM.Collect$$_printf_percent$$00000014  c_w.l(_printf_s.o)
    0x08000224   0x08000224   0x00000006   Code   RO         2740    .ARM.Collect$$_printf_percent$$00000015  c_w.l(_printf_lc.o)
    0x0800022a   0x0800022a   0x00000006   Code   RO         2741    .ARM.Collect$$_printf_percent$$00000016  c_w.l(_printf_ls.o)
    0x08000230   0x08000230   0x00000004   Code   RO         2795    .ARM.Collect$$_printf_percent$$00000017  c_w.l(_printf_percent_end.o)
    0x08000234   0x08000234   0x00000002   Code   RO         2844    .ARM.Collect$$libinit$$00000000  c_w.l(libinit.o)
    0x08000236   0x08000236   0x00000000   Code   RO         2860    .ARM.Collect$$libinit$$00000002  c_w.l(libinit2.o)
    0x08000236   0x08000236   0x00000000   Code   RO         2862    .ARM.Collect$$libinit$$00000004  c_w.l(libinit2.o)
    0x08000236   0x08000236   0x00000000   Code   RO         2865    .ARM.Collect$$libinit$$0000000A  c_w.l(libinit2.o)
    0x08000236   0x08000236   0x00000000   Code   RO         2867    .ARM.Collect$$libinit$$0000000C  c_w.l(libinit2.o)
    0x08000236   0x08000236   0x00000000   Code   RO         2869    .ARM.Collect$$libinit$$0000000E  c_w.l(libinit2.o)
    0x08000236   0x08000236   0x00000006   Code   RO         2870    .ARM.Collect$$libinit$$0000000F  c_w.l(libinit2.o)
    0x0800023c   0x0800023c   0x00000000   Code   RO         2872    .ARM.Collect$$libinit$$00000011  c_w.l(libinit2.o)
    0x0800023c   0x0800023c   0x0000000c   Code   RO         2873    .ARM.Collect$$libinit$$00000012  c_w.l(libinit2.o)
    0x08000248   0x08000248   0x00000000   Code   RO         2874    .ARM.Collect$$libinit$$00000013  c_w.l(libinit2.o)
    0x08000248   0x08000248   0x00000000   Code   RO         2876    .ARM.Collect$$libinit$$00000015  c_w.l(libinit2.o)
    0x08000248   0x08000248   0x0000000a   Code   RO         2877    .ARM.Collect$$libinit$$00000016  c_w.l(libinit2.o)
    0x08000252   0x08000252   0x00000000   Code   RO         2878    .ARM.Collect$$libinit$$00000017  c_w.l(libinit2.o)
    0x08000252   0x08000252   0x00000000   Code   RO         2880    .ARM.Collect$$libinit$$00000019  c_w.l(libinit2.o)
    0x08000252   0x08000252   0x00000000   Code   RO         2882    .ARM.Collect$$libinit$$0000001B  c_w.l(libinit2.o)
    0x08000252   0x08000252   0x00000000   Code   RO         2884    .ARM.Collect$$libinit$$0000001D  c_w.l(libinit2.o)
    0x08000252   0x08000252   0x00000000   Code   RO         2886    .ARM.Collect$$libinit$$0000001F  c_w.l(libinit2.o)
    0x08000252   0x08000252   0x00000000   Code   RO         2888    .ARM.Collect$$libinit$$00000021  c_w.l(libinit2.o)
    0x08000252   0x08000252   0x00000000   Code   RO         2890    .ARM.Collect$$libinit$$00000023  c_w.l(libinit2.o)
    0x08000252   0x08000252   0x00000000   Code   RO         2892    .ARM.Collect$$libinit$$00000025  c_w.l(libinit2.o)
    0x08000252   0x08000252   0x00000000   Code   RO         2896    .ARM.Collect$$libinit$$0000002C  c_w.l(libinit2.o)
    0x08000252   0x08000252   0x00000000   Code   RO         2898    .ARM.Collect$$libinit$$0000002E  c_w.l(libinit2.o)
    0x08000252   0x08000252   0x00000000   Code   RO         2900    .ARM.Collect$$libinit$$00000030  c_w.l(libinit2.o)
    0x08000252   0x08000252   0x00000000   Code   RO         2902    .ARM.Collect$$libinit$$00000032  c_w.l(libinit2.o)
    0x08000252   0x08000252   0x00000002   Code   RO         2903    .ARM.Collect$$libinit$$00000033  c_w.l(libinit2.o)
    0x08000254   0x08000254   0x00000002   Code   RO         2923    .ARM.Collect$$libshutdown$$00000000  c_w.l(libshutdown.o)
    0x08000256   0x08000256   0x00000000   Code   RO         2936    .ARM.Collect$$libshutdown$$00000002  c_w.l(libshutdown2.o)
    0x08000256   0x08000256   0x00000000   Code   RO         2938    .ARM.Collect$$libshutdown$$00000004  c_w.l(libshutdown2.o)
    0x08000256   0x08000256   0x00000000   Code   RO         2941    .ARM.Collect$$libshutdown$$00000007  c_w.l(libshutdown2.o)
    0x08000256   0x08000256   0x00000000   Code   RO         2944    .ARM.Collect$$libshutdown$$0000000A  c_w.l(libshutdown2.o)
    0x08000256   0x08000256   0x00000000   Code   RO         2946    .ARM.Collect$$libshutdown$$0000000C  c_w.l(libshutdown2.o)
    0x08000256   0x08000256   0x00000000   Code   RO         2949    .ARM.Collect$$libshutdown$$0000000F  c_w.l(libshutdown2.o)
    0x08000256   0x08000256   0x00000002   Code   RO         2950    .ARM.Collect$$libshutdown$$00000010  c_w.l(libshutdown2.o)
    0x08000258   0x08000258   0x00000000   Code   RO         2652    .ARM.Collect$$rtentry$$00000000  c_w.l(__rtentry.o)
    0x08000258   0x08000258   0x00000000   Code   RO         2766    .ARM.Collect$$rtentry$$00000002  c_w.l(__rtentry2.o)
    0x08000258   0x08000258   0x00000006   Code   RO         2778    .ARM.Collect$$rtentry$$00000004  c_w.l(__rtentry4.o)
    0x0800025e   0x0800025e   0x00000000   Code   RO         2768    .ARM.Collect$$rtentry$$00000009  c_w.l(__rtentry2.o)
    0x0800025e   0x0800025e   0x00000004   Code   RO         2769    .ARM.Collect$$rtentry$$0000000A  c_w.l(__rtentry2.o)
    0x08000262   0x08000262   0x00000000   Code   RO         2771    .ARM.Collect$$rtentry$$0000000C  c_w.l(__rtentry2.o)
    0x08000262   0x08000262   0x00000008   Code   RO         2772    .ARM.Collect$$rtentry$$0000000D  c_w.l(__rtentry2.o)
    0x0800026a   0x0800026a   0x00000002   Code   RO         2852    .ARM.Collect$$rtexit$$00000000  c_w.l(rtexit.o)
    0x0800026c   0x0800026c   0x00000000   Code   RO         2905    .ARM.Collect$$rtexit$$00000002  c_w.l(rtexit2.o)
    0x0800026c   0x0800026c   0x00000004   Code   RO         2906    .ARM.Collect$$rtexit$$00000003  c_w.l(rtexit2.o)
    0x08000270   0x08000270   0x00000006   Code   RO         2907    .ARM.Collect$$rtexit$$00000004  c_w.l(rtexit2.o)
    0x08000276   0x08000276   0x00000002   PAD
    0x08000278   0x08000278   0x00000040   Code   RO         2119    .text               startup_stm32f10x_hd.o
    0x080002b8   0x080002b8   0x00000024   Code   RO         2620    .text               c_w.l(vsprintf.o)
    0x080002dc   0x080002dc   0x0000003e   Code   RO         2622    .text               c_w.l(strlen.o)
    0x0800031a   0x0800031a   0x00000044   Code   RO         2626    .text               c_w.l(rt_memclr.o)
    0x0800035e   0x0800035e   0x00000006   Code   RO         2628    .text               c_w.l(heapauxi.o)
    0x08000364   0x08000364   0x0000004e   Code   RO         2655    .text               c_w.l(_printf_pad.o)
    0x080003b2   0x080003b2   0x00000024   Code   RO         2657    .text               c_w.l(_printf_truncate.o)
    0x080003d6   0x080003d6   0x00000052   Code   RO         2659    .text               c_w.l(_printf_str.o)
    0x08000428   0x08000428   0x00000078   Code   RO         2661    .text               c_w.l(_printf_dec.o)
    0x080004a0   0x080004a0   0x00000028   Code   RO         2663    .text               c_w.l(_printf_charcount.o)
    0x080004c8   0x080004c8   0x00000030   Code   RO         2665    .text               c_w.l(_printf_char_common.o)
    0x080004f8   0x080004f8   0x0000000a   Code   RO         2667    .text               c_w.l(_sputc.o)
    0x08000502   0x08000502   0x00000002   PAD
    0x08000504   0x08000504   0x000000bc   Code   RO         2669    .text               c_w.l(_printf_wctomb.o)
    0x080005c0   0x080005c0   0x0000007c   Code   RO         2672    .text               c_w.l(_printf_longlong_dec.o)
    0x0800063c   0x0800063c   0x00000070   Code   RO         2678    .text               c_w.l(_printf_oct_int_ll.o)
    0x080006ac   0x080006ac   0x00000094   Code   RO         2698    .text               c_w.l(_printf_hex_int_ll_ptr.o)
    0x08000740   0x08000740   0x00000188   Code   RO         2718    .text               c_w.l(__printf_flags_ss_wp.o)
    0x080008c8   0x080008c8   0x0000004e   Code   RO         2746    .text               c_w.l(rt_memclr_w.o)
    0x08000916   0x08000916   0x0000008a   Code   RO         2780    .text               c_w.l(lludiv10.o)
    0x080009a0   0x080009a0   0x000000b2   Code   RO         2782    .text               c_w.l(_printf_intcommon.o)
    0x08000a52   0x08000a52   0x0000041e   Code   RO         2784    .text               c_w.l(_printf_fp_dec.o)
    0x08000e70   0x08000e70   0x000002fc   Code   RO         2786    .text               c_w.l(_printf_fp_hex.o)
    0x0800116c   0x0800116c   0x0000002c   Code   RO         2791    .text               c_w.l(_printf_char.o)
    0x08001198   0x08001198   0x0000002c   Code   RO         2793    .text               c_w.l(_printf_wchar.o)
    0x080011c4   0x080011c4   0x00000040   Code   RO         2796    .text               c_w.l(_wcrtomb.o)
    0x08001204   0x08001204   0x0000004a   Code   RO         2798    .text               c_w.l(sys_stackheap_outer.o)
    0x0800124e   0x0800124e   0x00000002   PAD
    0x08001250   0x08001250   0x00000010   Code   RO         2800    .text               c_w.l(rt_ctype_table.o)
    0x08001260   0x08001260   0x00000008   Code   RO         2805    .text               c_w.l(rt_locale_intlibspace.o)
    0x08001268   0x08001268   0x00000080   Code   RO         2807    .text               c_w.l(_printf_fp_infnan.o)
    0x080012e8   0x080012e8   0x000000e4   Code   RO         2809    .text               c_w.l(bigflt0.o)
    0x080013cc   0x080013cc   0x00000012   Code   RO         2837    .text               c_w.l(exit.o)
    0x080013de   0x080013de   0x00000002   PAD
    0x080013e0   0x080013e0   0x00000008   Code   RO         2849    .text               c_w.l(libspace.o)
    0x080013e8   0x080013e8   0x00000080   Code   RO         2857    .text               c_w.l(strcmpv7m.o)
    0x08001468   0x08001468   0x0000000c   Code   RO         2915    .text               c_w.l(sys_exit.o)
    0x08001474   0x08001474   0x00000002   Code   RO         2926    .text               c_w.l(use_no_semi.o)
    0x08001476   0x08001476   0x00000000   Code   RO         2928    .text               c_w.l(indicate_semi.o)
    0x08001476   0x08001476   0x0000003e   Code   RO         2812    CL$$btod_d2e        c_w.l(btod.o)
    0x080014b4   0x080014b4   0x00000046   Code   RO         2814    CL$$btod_d2e_denorm_low  c_w.l(btod.o)
    0x080014fa   0x080014fa   0x00000060   Code   RO         2813    CL$$btod_d2e_norm_op1  c_w.l(btod.o)
    0x0800155a   0x0800155a   0x00000338   Code   RO         2822    CL$$btod_div_common  c_w.l(btod.o)
    0x08001892   0x08001892   0x000000dc   Code   RO         2819    CL$$btod_e2e        c_w.l(btod.o)
    0x0800196e   0x0800196e   0x0000002a   Code   RO         2816    CL$$btod_ediv       c_w.l(btod.o)
    0x08001998   0x08001998   0x0000002a   Code   RO         2815    CL$$btod_emul       c_w.l(btod.o)
    0x080019c2   0x080019c2   0x00000244   Code   RO         2821    CL$$btod_mult_common  c_w.l(btod.o)
    0x08001c06   0x08001c06   0x00000004   Code   RO           17    i.BusFault_Handler  stm32f10x_it.o
    0x08001c0a   0x08001c0a   0x00000002   PAD
    0x08001c0c   0x08001c0c   0x00000070   Code   RO         2376    i.DHT11_Check       dht11.o
    0x08001c7c   0x08001c7c   0x0000000c   Code   RO         2377    i.DHT11_DelayUs     dht11.o
    0x08001c88   0x08001c88   0x00000030   Code   RO         2378    i.DHT11_Exist       dht11.o
    0x08001cb8   0x08001cb8   0x0000000c   Code   RO         2379    i.DHT11_FreeBus     dht11.o
    0x08001cc4   0x08001cc4   0x000000cc   Code   RO         2380    i.DHT11_Get_TemperAndHumi  dht11.o
    0x08001d90   0x08001d90   0x00000018   Code   RO         2381    i.DHT11_IsBusReady  dht11.o
    0x08001da8   0x08001da8   0x00000064   Code   RO         2382    i.DHT11_Read_Byte   dht11.o
    0x08001e0c   0x08001e0c   0x00000058   Code   RO         2383    i.DHT11_Reset       dht11.o
    0x08001e64   0x08001e64   0x0000001c   Code   RO          450    i.DMA_ClearFlag     stm32f10x_dma.o
    0x08001e80   0x08001e80   0x00000018   Code   RO          452    i.DMA_Cmd           stm32f10x_dma.o
    0x08001e98   0x08001e98   0x0000014c   Code   RO          453    i.DMA_DeInit        stm32f10x_dma.o
    0x08001fe4   0x08001fe4   0x0000002c   Code   RO          455    i.DMA_GetFlagStatus  stm32f10x_dma.o
    0x08002010   0x08002010   0x0000003c   Code   RO          458    i.DMA_Init          stm32f10x_dma.o
    0x0800204c   0x0800204c   0x00000002   Code   RO           18    i.DebugMon_Handler  stm32f10x_it.o
    0x0800204e   0x0800204e   0x00000002   PAD
    0x08002050   0x08002050   0x00000040   Code   RO         2243    i.DelayUs           delay.o
    0x08002090   0x08002090   0x00000048   Code   RO         2244    i.DelayXms          delay.o
    0x080020d8   0x080020d8   0x00000038   Code   RO         2245    i.Delay_Init        delay.o
    0x08002110   0x08002110   0x00000116   Code   RO          582    i.GPIO_Init         stm32f10x_gpio.o
    0x08002226   0x08002226   0x00000004   Code   RO           19    i.HardFault_Handler  stm32f10x_it.o
    0x0800222a   0x0800222a   0x00000002   PAD
    0x0800222c   0x0800222c   0x00000084   Code   RO         2433    i.Hardware_Init     main.o
    0x080022b0   0x080022b0   0x00000074   Code   RO         2350    i.LED_Ctl           led.o
    0x08002324   0x08002324   0x00000050   Code   RO         2351    i.LED_Init          led.o
    0x08002374   0x08002374   0x00000054   Code   RO         2123    i.MCU_DMA_Init      mcu_dma.o
    0x080023c8   0x080023c8   0x0000001a   Code   RO         2124    i.MCU_DMA_ResetMemoryBaseAddr  mcu_dma.o
    0x080023e2   0x080023e2   0x00000002   PAD
    0x080023e4   0x080023e4   0x0000004c   Code   RO         2147    i.MCU_GPIO_FindIndex  mcu_gpio.o
    0x08002430   0x08002430   0x0000008c   Code   RO         2148    i.MCU_GPIO_Init     mcu_gpio.o
    0x080024bc   0x080024bc   0x00000050   Code   RO         2151    i.MCU_GPIO_Output_Ctl  mcu_gpio.o
    0x0800250c   0x0800250c   0x00000022   Code   RO         2228    i.MCU_NVIC_Init     mcu_nvic.o
    0x0800252e   0x0800252e   0x00000002   PAD
    0x08002530   0x08002530   0x00000078   Code   RO         2201    i.MCU_RCC           mcu_rcc.o
    0x080025a8   0x080025a8   0x0000015c   Code   RO         2213    i.MCU_USART_Init    mcu_usart.o
    0x08002704   0x08002704   0x00000004   Code   RO           20    i.MemManage_Handler  stm32f10x_it.o
    0x08002708   0x08002708   0x00000002   Code   RO           21    i.NMI_Handler       stm32f10x_it.o
    0x0800270a   0x0800270a   0x00000002   PAD
    0x0800270c   0x0800270c   0x00000070   Code   RO          192    i.NVIC_Init         misc.o
    0x0800277c   0x0800277c   0x00000014   Code   RO          193    i.NVIC_PriorityGroupConfig  misc.o
    0x08002790   0x08002790   0x00000020   Code   RO         1827    i.RCC_AHBPeriphClockCmd  stm32f10x_rcc.o
    0x080027b0   0x080027b0   0x00000020   Code   RO         1828    i.RCC_APB1PeriphClockCmd  stm32f10x_rcc.o
    0x080027d0   0x080027d0   0x00000020   Code   RO         1830    i.RCC_APB2PeriphClockCmd  stm32f10x_rcc.o
    0x080027f0   0x080027f0   0x000000d4   Code   RO         1838    i.RCC_GetClocksFreq  stm32f10x_rcc.o
    0x080028c4   0x080028c4   0x00000070   Code   RO         2434    i.SENSOR_Task       main.o
    0x08002934   0x08002934   0x00000002   Code   RO           22    i.SVC_Handler       stm32f10x_it.o
    0x08002936   0x08002936   0x00000008   Code   RO          158    i.SetSysClock       system_stm32f10x.o
    0x0800293e   0x0800293e   0x00000002   PAD
    0x08002940   0x08002940   0x000000e0   Code   RO          159    i.SetSysClockTo72   system_stm32f10x.o
    0x08002a20   0x08002a20   0x00000002   Code   RO           23    i.SysTick_Handler   stm32f10x_it.o
    0x08002a22   0x08002a22   0x00000002   PAD
    0x08002a24   0x08002a24   0x00000060   Code   RO          161    i.SystemInit        system_stm32f10x.o
    0x08002a84   0x08002a84   0x00000050   Code   RO         2274    i.USART1_IRQHandler  usart.o
    0x08002ad4   0x08002ad4   0x00000012   Code   RO         1586    i.USART_ClearFlag   stm32f10x_usart.o
    0x08002ae6   0x08002ae6   0x00000018   Code   RO         1590    i.USART_Cmd         stm32f10x_usart.o
    0x08002afe   0x08002afe   0x00000012   Code   RO         1591    i.USART_DMACmd      stm32f10x_usart.o
    0x08002b10   0x08002b10   0x0000003c   Code   RO         2275    i.USART_FreeBus     usart.o
    0x08002b4c   0x08002b4c   0x0000001a   Code   RO         1593    i.USART_GetFlagStatus  stm32f10x_usart.o
    0x08002b66   0x08002b66   0x0000004a   Code   RO         1596    i.USART_ITConfig    stm32f10x_usart.o
    0x08002bb0   0x08002bb0   0x000000d8   Code   RO         1597    i.USART_Init        stm32f10x_usart.o
    0x08002c88   0x08002c88   0x00000058   Code   RO         2276    i.USART_IsBusReady  usart.o
    0x08002ce0   0x08002ce0   0x0000006c   Code   RO         2277    i.USARTx_ResetMemoryBaseAddr  usart.o
    0x08002d4c   0x08002d4c   0x00000004   Code   RO           24    i.UsageFault_Handler  stm32f10x_it.o
    0x08002d50   0x08002d50   0x000000c4   Code   RO         2278    i.Usart1_Init       usart.o
    0x08002e14   0x08002e14   0x00000098   Code   RO         2280    i.UsartPrintf       usart.o
    0x08002eac   0x08002eac   0x00000028   Code   RO         2847    i.__ARM_fpclassify  m_ws.l(fpclassify.o)
    0x08002ed4   0x08002ed4   0x0000000e   Code   RO         2711    i._is_digit         c_w.l(__printf_wp.o)
    0x08002ee2   0x08002ee2   0x0000001c   Code   RO         2435    i.main              main.o
    0x08002efe   0x08002efe   0x00000002   PAD
    0x08002f00   0x08002f00   0x0000002c   Code   RO         2835    locale$$code        c_w.l(lc_numeric_c.o)
    0x08002f2c   0x08002f2c   0x0000002c   Code   RO         2855    locale$$code        c_w.l(lc_ctype_c.o)
    0x08002f58   0x08002f58   0x00000062   Code   RO         2632    x$fpl$d2f           fz_ws.l(d2f.o)
    0x08002fba   0x08002fba   0x00000002   PAD
    0x08002fbc   0x08002fbc   0x00000150   Code   RO         2634    x$fpl$dadd          fz_ws.l(daddsub_clz.o)
    0x0800310c   0x0800310c   0x000002b0   Code   RO         2641    x$fpl$ddiv          fz_ws.l(ddiv.o)
    0x080033bc   0x080033bc   0x00000026   Code   RO         2644    x$fpl$dfltu         fz_ws.l(dflt_clz.o)
    0x080033e2   0x080033e2   0x0000009c   Code   RO         2748    x$fpl$dnaninf       fz_ws.l(dnaninf.o)
    0x0800347e   0x0800347e   0x0000000c   Code   RO         2750    x$fpl$dretinf       fz_ws.l(dretinf.o)
    0x0800348a   0x0800348a   0x00000002   PAD
    0x0800348c   0x0800348c   0x000001d4   Code   RO         2636    x$fpl$dsub          fz_ws.l(daddsub_clz.o)
    0x08003660   0x08003660   0x00000056   Code   RO         2650    x$fpl$f2d           fz_ws.l(f2d.o)
    0x080036b6   0x080036b6   0x0000008c   Code   RO         2752    x$fpl$fnaninf       fz_ws.l(fnaninf.o)
    0x08003742   0x08003742   0x0000000a   Code   RO         2754    x$fpl$fretinf       fz_ws.l(fretinf.o)
    0x0800374c   0x0800374c   0x00000004   Code   RO         2756    x$fpl$printf1       fz_ws.l(printf1.o)
    0x08003750   0x08003750   0x00000004   Code   RO         2758    x$fpl$printf2       fz_ws.l(printf2.o)
    0x08003754   0x08003754   0x00000000   Code   RO         2764    x$fpl$usenofp       fz_ws.l(usenofp.o)
    0x08003754   0x08003754   0x00000018   Data   RO         2352    .constdata          led.o
    0x0800376c   0x0800376c   0x0000000c   Data   RO         2384    .constdata          dht11.o
    0x08003778   0x08003778   0x00000008   Data   RO         2670    .constdata          c_w.l(_printf_wctomb.o)
    0x08003780   0x08003780   0x00000028   Data   RO         2699    .constdata          c_w.l(_printf_hex_int_ll_ptr.o)
    0x080037a8   0x080037a8   0x00000011   Data   RO         2719    .constdata          c_w.l(__printf_flags_ss_wp.o)
    0x080037b9   0x080037b9   0x00000026   Data   RO         2787    .constdata          c_w.l(_printf_fp_hex.o)
    0x080037df   0x080037df   0x00000001   PAD
    0x080037e0   0x080037e0   0x00000094   Data   RO         2810    .constdata          c_w.l(bigflt0.o)
    0x08003874   0x08003874   0x0000000d   Data   RO         2353    .conststring        led.o
    0x08003881   0x08003881   0x00000003   PAD
    0x08003884   0x08003884   0x00000020   Data   RO         2981    Region$$Table       anon$$obj.o
    0x080038a4   0x080038a4   0x0000001c   Data   RO         2834    locale$$data        c_w.l(lc_numeric_c.o)
    0x080038c0   0x080038c0   0x00000110   Data   RO         2854    locale$$data        c_w.l(lc_ctype_c.o)


    Execution Region RW_IRAM1 (Exec base: 0x20000000, Load base: 0x080039d0, Size: 0x00000940, Max: 0x00010000, ABSOLUTE)

    Exec Addr    Load Addr    Size         Type   Attr      Idx    E Section Name        Object

    0x20000000   0x080039d0   0x00000014   Data   RW         1858    .data               stm32f10x_rcc.o
    0x20000014   0x080039e4   0x00000004   Data   RW         2246    .data               delay.o
    0x20000018   0x080039e8   0x00000003   Data   RW         2283    .data               usart.o
    0x2000001b   0x080039eb   0x00000002   Data   RW         2354    .data               led.o
    0x2000001d   0x080039ed   0x00000003   PAD
    0x20000020   0x080039f0   0x00000015   Data   RW         2385    .data               dht11.o
    0x20000035   0x08003a05   0x00000003   PAD
    0x20000038        -       0x000000a4   Zero   RW         2154    .bss                mcu_gpio.o
    0x200000dc        -       0x000001fe   Zero   RW         2282    .bss                usart.o
    0x200002da   0x08003a05   0x00000002   PAD
    0x200002dc        -       0x00000060   Zero   RW         2850    .bss                c_w.l(libspace.o)
    0x2000033c   0x08003a05   0x00000004   PAD
    0x20000340        -       0x00000200   Zero   RW         2117    HEAP                startup_stm32f10x_hd.o
    0x20000540        -       0x00000400   Zero   RW         2116    STACK               startup_stm32f10x_hd.o


==============================================================================

Image component sizes


      Code (inc. data)   RO Data    RW Data    ZI Data      Debug   Object Name

         0          0          0          0          0       4572   core_cm3.o
       192         18          0          4          0       1748   delay.o
       600         54         12         21          0       5776   dht11.o
       196         16         37          2          0       2210   led.o
       272        110          0          0          0       1301   main.o
       110          0          0          0          0       2161   mcu_dma.o
       296         14          0          0        164       3617   mcu_gpio.o
        34          0          0          0          0        756   mcu_nvic.o
       120          8          0          0          0        674   mcu_rcc.o
       348         36          0          0          0       1569   mcu_usart.o
       132         22          0          0          0       1531   misc.o
        64         26        304          0       1536        788   startup_stm32f10x_hd.o
       488         26          0          0          0       4422   stm32f10x_dma.o
       278          0          0          0          0       1996   stm32f10x_gpio.o
        24          0          0          0          0     240929   stm32f10x_it.o
       308         38          0         20          0       4898   stm32f10x_rcc.o
       376          6          0          0          0       5301   stm32f10x_usart.o
       328         28          0          0          0       1949   system_stm32f10x.o
       684         88          0          3        510       5648   usart.o

    ----------------------------------------------------------------------
      4868        490        388         56       2212     291846   Object Totals
         0          0         32          0          0          0   (incl. Generated)
        18          0          3          6          2          0   (incl. Padding)

    ----------------------------------------------------------------------

      Code (inc. data)   RO Data    RW Data    ZI Data      Debug   Library Member Name

         8          0          0          0          0         68   __main.o
       392          4         17          0          0         92   __printf_flags_ss_wp.o
        14          0          0          0          0         68   __printf_wp.o
         0          0          0          0          0          0   __rtentry.o
        12          0          0          0          0          0   __rtentry2.o
         6          0          0          0          0          0   __rtentry4.o
        52          8          0          0          0          0   __scatter.o
        26          0          0          0          0          0   __scatter_copy.o
        28          0          0          0          0          0   __scatter_zi.o
         6          0          0          0          0          0   _printf_a.o
         6          0          0          0          0          0   _printf_c.o
        44          0          0          0          0        108   _printf_char.o
        48          6          0          0          0         96   _printf_char_common.o
        40          0          0          0          0         68   _printf_charcount.o
         6          0          0          0          0          0   _printf_d.o
       120         16          0          0          0         92   _printf_dec.o
         6          0          0          0          0          0   _printf_e.o
         6          0          0          0          0          0   _printf_f.o
      1054          0          0          0          0        216   _printf_fp_dec.o
       764          8         38          0          0        100   _printf_fp_hex.o
       128         16          0          0          0         84   _printf_fp_infnan.o
         6          0          0          0          0          0   _printf_g.o
       148          4         40          0          0        160   _printf_hex_int_ll_ptr.o
         6          0          0          0          0          0   _printf_i.o
       178          0          0          0          0         88   _printf_intcommon.o
        10          0          0          0          0          0   _printf_l.o
         6          0          0          0          0          0   _printf_lc.o
        10          0          0          0          0          0   _printf_ll.o
         6          0          0          0          0          0   _printf_lld.o
         6          0          0          0          0          0   _printf_lli.o
         6          0          0          0          0          0   _printf_llo.o
         6          0          0          0          0          0   _printf_llu.o
         6          0          0          0          0          0   _printf_llx.o
       124         16          0          0          0         92   _printf_longlong_dec.o
         6          0          0          0          0          0   _printf_ls.o
         6          0          0          0          0          0   _printf_n.o
         6          0          0          0          0          0   _printf_o.o
       112         10          0          0          0        124   _printf_oct_int_ll.o
         6          0          0          0          0          0   _printf_p.o
        78          0          0          0          0        108   _printf_pad.o
         0          0          0          0          0          0   _printf_percent.o
         4          0          0          0          0          0   _printf_percent_end.o
         6          0          0          0          0          0   _printf_s.o
        82          0          0          0          0         80   _printf_str.o
        36          0          0          0          0         84   _printf_truncate.o
         6          0          0          0          0          0   _printf_u.o
        44          0          0          0          0        108   _printf_wchar.o
       188          6          8          0          0         92   _printf_wctomb.o
         6          0          0          0          0          0   _printf_x.o
        10          0          0          0          0         68   _sputc.o
        64          0          0          0          0         92   _wcrtomb.o
       228          4        148          0          0         96   bigflt0.o
      1936        128          0          0          0        672   btod.o
        18          0          0          0          0         80   exit.o
         6          0          0          0          0        152   heapauxi.o
         0          0          0          0          0          0   indicate_semi.o
        44         10        272          0          0         76   lc_ctype_c.o
        44         10         28          0          0         76   lc_numeric_c.o
         2          0          0          0          0          0   libinit.o
        30          0          0          0          0          0   libinit2.o
         2          0          0          0          0          0   libshutdown.o
         2          0          0          0          0          0   libshutdown2.o
         8          4          0          0         96         68   libspace.o
       138          0          0          0          0         80   lludiv10.o
        16          4          0          0          0         76   rt_ctype_table.o
         8          4          0          0          0         68   rt_locale_intlibspace.o
        68          0          0          0          0         68   rt_memclr.o
        78          0          0          0          0         80   rt_memclr_w.o
         2          0          0          0          0          0   rtexit.o
        10          0          0          0          0          0   rtexit2.o
       128          0          0          0          0         68   strcmpv7m.o
        62          0          0          0          0         76   strlen.o
        12          4          0          0          0         68   sys_exit.o
        74          0          0          0          0         80   sys_stackheap_outer.o
         2          0          0          0          0         68   use_no_semi.o
        36          4          0          0          0         76   vsprintf.o
        98          4          0          0          0         92   d2f.o
       804         16          0          0          0        272   daddsub_clz.o
       688        140          0          0          0        208   ddiv.o
        38          0          0          0          0         68   dflt_clz.o
       156          4          0          0          0         92   dnaninf.o
        12          0          0          0          0         68   dretinf.o
        86          4          0          0          0         84   f2d.o
       140          4          0          0          0         84   fnaninf.o
        10          0          0          0          0         68   fretinf.o
         4          0          0          0          0         68   printf1.o
         4          0          0          0          0         68   printf2.o
         0          0          0          0          0          0   usenofp.o
        40          0          0          0          0         68   fpclassify.o

    ----------------------------------------------------------------------
      8992        438        552          0        100       5356   Library Totals
        14          0          1          0          4          0   (incl. Padding)

    ----------------------------------------------------------------------

      Code (inc. data)   RO Data    RW Data    ZI Data      Debug   Library Name

      6898        266        551          0         96       4116   c_w.l
      2040        172          0          0          0       1172   fz_ws.l
        40          0          0          0          0         68   m_ws.l

    ----------------------------------------------------------------------
      8992        438        552          0        100       5356   Library Totals

    ----------------------------------------------------------------------

==============================================================================


      Code (inc. data)   RO Data    RW Data    ZI Data      Debug   

     13860        928        940         56       2312     291426   Grand Totals
     13860        928        940         56       2312     291426   ELF Image Totals
     13860        928        940         56          0          0   ROM Totals

==============================================================================

    Total RO  Size (Code + RO Data)                14800 (  14.45kB)
    Total RW  Size (RW Data + ZI Data)              2368 (   2.31kB)
    Total ROM Size (Code + RO Data + RW Data)      14856 (  14.51kB)

==============================================================================

